Component: ARM Compiler 5.06 update 7 (build 960) Tool: armlink [4d3601]

==============================================================================

Section Cross References

    startup_stm32f103xb.o(RESET) refers to startup_stm32f103xb.o(STACK) for __initial_sp
    startup_stm32f103xb.o(RESET) refers to startup_stm32f103xb.o(.text) for Reset_Handler
    startup_stm32f103xb.o(RESET) refers to stm32f1xx_it.o(i.NMI_Handler) for NMI_Handler
    startup_stm32f103xb.o(RESET) refers to stm32f1xx_it.o(i.HardFault_Handler) for HardFault_Handler
    startup_stm32f103xb.o(RESET) refers to stm32f1xx_it.o(i.MemManage_Handler) for MemManage_Handler
    startup_stm32f103xb.o(RESET) refers to stm32f1xx_it.o(i.BusFault_Handler) for BusFault_Handler
    startup_stm32f103xb.o(RESET) refers to stm32f1xx_it.o(i.UsageFault_Handler) for UsageFault_Handler
    startup_stm32f103xb.o(RESET) refers to port.o(.emb_text) for SVC_Handler
    startup_stm32f103xb.o(RESET) refers to stm32f1xx_it.o(i.DebugMon_Handler) for DebugMon_Handler
    startup_stm32f103xb.o(RESET) refers to port.o(i.SysTick_Handler) for SysTick_Handler
    startup_stm32f103xb.o(RESET) refers to stm32f1xx_it.o(i.USB_LP_CAN1_RX0_IRQHandler) for USB_LP_CAN1_RX0_IRQHandler
    startup_stm32f103xb.o(RESET) refers to stm32f1xx_it.o(i.TIM1_UP_IRQHandler) for TIM1_UP_IRQHandler
    startup_stm32f103xb.o(RESET) refers to stm32f1xx_it.o(i.SPI2_IRQHandler) for SPI2_IRQHandler
    startup_stm32f103xb.o(.text) refers to system_stm32f1xx.o(i.SystemInit) for SystemInit
    startup_stm32f103xb.o(.text) refers to entry.o(.ARM.Collect$$$$00000000) for __main
    main.o(i.HAL_TIM_PeriodElapsedCallback) refers to stm32f1xx_hal.o(i.HAL_IncTick) for HAL_IncTick
    main.o(i.MX_GPIO_Init) refers to stm32f1xx_hal_gpio.o(i.HAL_GPIO_WritePin) for HAL_GPIO_WritePin
    main.o(i.MX_GPIO_Init) refers to stm32f1xx_hal_gpio.o(i.HAL_GPIO_Init) for HAL_GPIO_Init
    main.o(i.MX_SPI2_Init) refers to stm32f1xx_hal_spi.o(i.HAL_SPI_Init) for HAL_SPI_Init
    main.o(i.MX_SPI2_Init) refers to main.o(.bss) for .bss
    main.o(i.MX_TIM2_Init) refers to memseta.o(.text) for __aeabi_memclr4
    main.o(i.MX_TIM2_Init) refers to stm32f1xx_hal_tim.o(i.HAL_TIM_Encoder_Init) for HAL_TIM_Encoder_Init
    main.o(i.MX_TIM2_Init) refers to stm32f1xx_hal_tim_ex.o(i.HAL_TIMEx_MasterConfigSynchronization) for HAL_TIMEx_MasterConfigSynchronization
    main.o(i.MX_TIM2_Init) refers to main.o(.bss) for .bss
    main.o(i.MX_TIM3_Init) refers to memseta.o(.text) for __aeabi_memclr4
    main.o(i.MX_TIM3_Init) refers to stm32f1xx_hal_tim.o(i.HAL_TIM_Encoder_Init) for HAL_TIM_Encoder_Init
    main.o(i.MX_TIM3_Init) refers to stm32f1xx_hal_tim_ex.o(i.HAL_TIMEx_MasterConfigSynchronization) for HAL_TIMEx_MasterConfigSynchronization
    main.o(i.MX_TIM3_Init) refers to main.o(.bss) for .bss
    main.o(i.MX_TIM4_Init) refers to memseta.o(.text) for __aeabi_memclr4
    main.o(i.MX_TIM4_Init) refers to stm32f1xx_hal_tim.o(i.HAL_TIM_Encoder_Init) for HAL_TIM_Encoder_Init
    main.o(i.MX_TIM4_Init) refers to stm32f1xx_hal_tim_ex.o(i.HAL_TIMEx_MasterConfigSynchronization) for HAL_TIMEx_MasterConfigSynchronization
    main.o(i.MX_TIM4_Init) refers to main.o(.bss) for .bss
    main.o(i.StartDefaultTask) refers to usb_device.o(i.MX_USB_DEVICE_Init) for MX_USB_DEVICE_Init
    main.o(i.StartDefaultTask) refers to cmsis_os.o(i.osDelay) for osDelay
    main.o(i.StartDefaultTask) refers to uip_arp.o(i.uip_arp_timer) for uip_arp_timer
    main.o(i.StartTask02) refers to enc28j60.o(i.enc28j60_packetReceive) for enc28j60_packetReceive
    main.o(i.StartTask02) refers to uip.o(i.htons) for htons
    main.o(i.StartTask02) refers to uip.o(i.uip_process) for uip_process
    main.o(i.StartTask02) refers to uip_arp.o(i.uip_arp_out) for uip_arp_out
    main.o(i.StartTask02) refers to uip_arp.o(i.uip_arp_arpin) for uip_arp_arpin
    main.o(i.StartTask02) refers to enc28j60.o(i.enc28j60_packetSend) for enc28j60_packetSend
    main.o(i.StartTask02) refers to stm32f1xx_hal.o(i.HAL_GetTick) for HAL_GetTick
    main.o(i.StartTask02) refers to stm32f1xx_hal_gpio.o(i.HAL_GPIO_ReadPin) for HAL_GPIO_ReadPin
    main.o(i.StartTask02) refers to main.o(i.led_chanel_off) for led_chanel_off
    main.o(i.StartTask02) refers to stm32f1xx_hal.o(i.HAL_Delay) for HAL_Delay
    main.o(i.StartTask02) refers to main.o(i.led_chanel_on) for led_chanel_on
    main.o(i.StartTask02) refers to main.o(i.reset_encoder) for reset_encoder
    main.o(i.StartTask02) refers to uip.o(.data) for uip_len
    main.o(i.StartTask02) refers to main.o(.data) for .data
    main.o(i.StartTask02) refers to uip.o(.bss) for uip_buf
    main.o(i.StartTask03) refers to enc28j60.o(i.enc28j60PhystartScan) for enc28j60PhystartScan
    main.o(i.StartTask03) refers to queue.o(i.xQueueGenericSend) for xQueueGenericSend
    main.o(i.StartTask03) refers to queue.o(i.uxQueueMessagesWaiting) for uxQueueMessagesWaiting
    main.o(i.StartTask03) refers to queue.o(i.xQueueReceive) for xQueueReceive
[...]
    _printf_percent                          0x00000000   Number         0  stubs.o ABSOLUTE
    _printf_pre_padding                      0x00000000   Number         0  stubs.o ABSOLUTE
    _printf_return_value                     0x00000000   Number         0  stubs.o ABSOLUTE
    _printf_s                                0x00000000   Number         0  stubs.o ABSOLUTE
    _printf_sizespec                         0x00000000   Number         0  stubs.o ABSOLUTE
    _printf_str                              0x00000000   Number         0  stubs.o ABSOLUTE
    _printf_truncate_signed                  0x00000000   Number         0  stubs.o ABSOLUTE
    _printf_truncate_unsigned                0x00000000   Number         0  stubs.o ABSOLUTE
    _printf_u                                0x00000000   Number         0  stubs.o ABSOLUTE
    _printf_wc                               0x00000000   Number         0  stubs.o ABSOLUTE
    _printf_wctomb                           0x00000000   Number         0  stubs.o ABSOLUTE
    _printf_widthprec                        0x00000000   Number         0  stubs.o ABSOLUTE
    _printf_x                                0x00000000   Number         0  stubs.o ABSOLUTE
    __arm_fini_                               - Undefined Weak Reference
    __cpp_initialize__aeabi_                  - Undefined Weak Reference
    __cxa_finalize                            - Undefined Weak Reference
    _clock_init                               - Undefined Weak Reference
    _microlib_exit                            - Undefined Weak Reference
    __Vectors_Size                           0x000000ec   Number         0  startup_stm32f103xb.o ABSOLUTE
    __Vectors                                0x08000000   Data           4  startup_stm32f103xb.o(RESET)
    __Vectors_End                            0x080000ec   Data           0  startup_stm32f103xb.o(RESET)
    __main                                   0x080000ed   Thumb Code     0  entry.o(.ARM.Collect$$$$00000000)
    _main_stk                                0x080000ed   Thumb Code     0  entry2.o(.ARM.Collect$$$$00000001)
    _main_scatterload                        0x080000f1   Thumb Code     0  entry5.o(.ARM.Collect$$$$00000004)
    __main_after_scatterload                 0x080000f5   Thumb Code     0  entry5.o(.ARM.Collect$$$$00000004)
    _main_clock                              0x080000f5   Thumb Code     0  entry7b.o(.ARM.Collect$$$$00000008)
    _main_cpp_init                           0x080000f5   Thumb Code     0  entry8b.o(.ARM.Collect$$$$0000000A)
    _main_init                               0x080000f5   Thumb Code     0  entry9a.o(.ARM.Collect$$$$0000000B)
    __rt_lib_shutdown_fini                   0x080000fd   Thumb Code     0  entry12b.o(.ARM.Collect$$$$0000000E)
    __rt_final_cpp                           0x08000101   Thumb Code     0  entry10a.o(.ARM.Collect$$$$0000000F)
    __rt_final_exit                          0x08000101   Thumb Code     0  entry11a.o(.ARM.Collect$$$$00000011)
    SVC_Handler                              0x08000105   Thumb Code    32  port.o(.emb_text)
    __asm___6_port_c_39a90d8d__prvStartFirstTask 0x08000129   Thumb Code    28  port.o(.emb_text)
    PendSV_Handler                           0x08000149   Thumb Code    72  port.o(.emb_text)
    vPortGetIPSR                             0x08000195   Thumb Code     6  port.o(.emb_text)
    Reset_Handler                            0x0800019d   Thumb Code     8  startup_stm32f103xb.o(.text)
    ADC1_2_IRQHandler                        0x080001b7   Thumb Code     0  startup_stm32f103xb.o(.text)
    CAN1_RX1_IRQHandler                      0x080001b7   Thumb Code     0  startup_stm32f103xb.o(.text)
    CAN1_SCE_IRQHandler                      0x080001b7   Thumb Code     0  startup_stm32f103xb.o(.text)
    DMA1_Channel1_IRQHandler                 0x080001b7   Thumb Code     0  startup_stm32f103xb.o(.text)
    DMA1_Channel2_IRQHandler                 0x080001b7   Thumb Code     0  startup_stm32f103xb.o(.text)
    DMA1_Channel3_IRQHandler                 0x080001b7   Thumb Code     0  startup_stm32f103xb.o(.text)
    DMA1_Channel4_IRQHandler                 0x080001b7   Thumb Code     0  startup_stm32f103xb.o(.text)
    DMA1_Channel5_IRQHandler                 0x080001b7   Thumb Code     0  startup_stm32f103xb.o(.text)
    DMA1_Channel6_IRQHandler                 0x080001b7   Thumb Code     0  startup_stm32f103xb.o(.text)
    DMA1_Channel7_IRQHandler                 0x080001b7   Thumb Code     0  startup_stm32f103xb.o(.text)
    EXTI0_IRQHandler                         0x080001b7   Thumb Code     0  startup_stm32f103xb.o(.text)
    EXTI15_10_IRQHandler                     0x080001b7   Thumb Code     0  startup_stm32f103xb.o(.text)
    EXTI1_IRQHandler                         0x080001b7   Thumb Code     0  startup_stm32f103xb.o(.text)
    EXTI2_IRQHandler                         0x080001b7   Thumb Code     0  startup_stm32f103xb.o(.text)
    EXTI3_IRQHandler                         0x080001b7   Thumb Code     0  startup_stm32f103xb.o(.text)
    EXTI4_IRQHandler                         0x080001b7   Thumb Code     0  startup_stm32f103xb.o(.text)
    EXTI9_5_IRQHandler                       0x080001b7   Thumb Code     0  startup_stm32f103xb.o(.text)
    FLASH_IRQHandler                         0x080001b7   Thumb Code     0  startup_stm32f103xb.o(.text)
    I2C1_ER_IRQHandler                       0x080001b7   Thumb Code     0  startup_stm32f103xb.o(.text)
    I2C1_EV_IRQHandler                       0x080001b7   Thumb Code     0  startup_stm32f103xb.o(.text)
    I2C2_ER_IRQHandler                       0x080001b7   Thumb Code     0  startup_stm32f103xb.o(.text)
    I2C2_EV_IRQHandler                       0x080001b7   Thumb Code     0  startup_stm32f103xb.o(.text)
    PVD_IRQHandler                           0x080001b7   Thumb Code     0  startup_stm32f103xb.o(.text)
    RCC_IRQHandler                           0x080001b7   Thumb Code     0  startup_stm32f103xb.o(.text)
    RTC_Alarm_IRQHandler                     0x080001b7   Thumb Code     0  startup_stm32f103xb.o(.text)
    RTC_IRQHandler                           0x080001b7   Thumb Code     0  startup_stm32f103xb.o(.text)
    SPI1_IRQHandler                          0x080001b7   Thumb Code     0  startup_stm32f103xb.o(.text)
    TAMPER_IRQHandler                        0x080001b7   Thumb Code     0  startup_stm32f103xb.o(.text)
    TIM1_BRK_IRQHandler                      0x080001b7   Thumb Code     0  startup_stm32f103xb.o(.text)
    TIM1_CC_IRQHandler                       0x080001b7   Thumb Code     0  startup_stm32f103xb.o(.text)
    TIM1_TRG_COM_IRQHandler                  0x080001b7   Thumb Code     0  startup_stm32f103xb.o(.text)
    TIM2_IRQHandler                          0x080001b7   Thumb Code     0  startup_stm32f103xb.o(.text)
    TIM3_IRQHandler                          0x080001b7   Thumb Code     0  startup_stm32f103xb.o(.text)
    TIM4_IRQHandler                          0x080001b7   Thumb Code     0  startup_stm32f103xb.o(.text)
    USART1_IRQHandler                        0x080001b7   Thumb Code     0  startup_stm32f103xb.o(.text)
    USART2_IRQHandler                        0x080001b7   Thumb Code     0  startup_stm32f103xb.o(.text)
    USART3_IRQHandler                        0x080001b7   Thumb Code     0  startup_stm32f103xb.o(.text)
    USBWakeUp_IRQHandler                     0x080001b7   Thumb Code     0  startup_stm32f103xb.o(.text)
    USB_HP_CAN1_TX_IRQHandler                0x080001b7   Thumb Code     0  startup_stm32f103xb.o(.text)
    WWDG_IRQHandler                          0x080001b7   Thumb Code     0  startup_stm32f103xb.o(.text)
    __aeabi_llsr                             0x080001c1   Thumb Code    32  llushr.o(.text)
    _ll_ushift_r                             0x080001c1   Thumb Code     0  llushr.o(.text)
    __aeabi_memcpy                           0x080001e1   Thumb Code    36  memcpya.o(.text)
    __aeabi_memcpy4                          0x080001e1   Thumb Code     0  memcpya.o(.text)
    __aeabi_memcpy8                          0x080001e1   Thumb Code     0  memcpya.o(.text)
    __aeabi_memset                           0x08000205   Thumb Code    14  memseta.o(.text)
    __aeabi_memset4                          0x08000205   Thumb Code     0  memseta.o(.text)
    __aeabi_memset8                          0x08000205   Thumb Code     0  memseta.o(.text)
    __aeabi_memclr                           0x08000213   Thumb Code     4  memseta.o(.text)
    __aeabi_memclr4                          0x08000213   Thumb Code     0  memseta.o(.text)
    __aeabi_memclr8                          0x08000213   Thumb Code     0  memseta.o(.text)
    memset                                   0x08000217   Thumb Code    18  memseta.o(.text)
    strstr                                   0x08000229   Thumb Code    36  strstr.o(.text)
    strchr                                   0x0800024d   Thumb Code    20  strchr.o(.text)
    strlen                                   0x08000261   Thumb Code    14  strlen.o(.text)
    strtok                                   0x08000271   Thumb Code    62  strtok.o(.text)
    atoi                                     0x080002b5   Thumb Code    26  atoi.o(.text)
    __aeabi_dadd                             0x080002cf   Thumb Code   322  dadd.o(.text)
    __aeabi_dsub                             0x08000411   Thumb Code     6  dadd.o(.text)
    __aeabi_drsub                            0x08000417   Thumb Code     6  dadd.o(.text)
    __aeabi_i2d                              0x0800041d   Thumb Code    34  dflti.o(.text)
    __aeabi_ui2d                             0x0800043f   Thumb Code    26  dfltui.o(.text)
    __aeabi_d2iz                             0x08000459   Thumb Code    62  dfixi.o(.text)
    __aeabi_uidiv                            0x08000497   Thumb Code     0  uidiv.o(.text)
    __aeabi_uidivmod                         0x08000497   Thumb Code    44  uidiv.o(.text)
    __aeabi_uldivmod                         0x080004c3   Thumb Code    98  uldiv.o(.text)
    __aeabi_llsl                             0x08000525   Thumb Code    30  llshl.o(.text)
    _ll_shift_l                              0x08000525   Thumb Code     0  llshl.o(.text)
    __aeabi_lasr                             0x08000543   Thumb Code    36  llsshr.o(.text)
    _ll_sshift_r                             0x08000543   Thumb Code     0  llsshr.o(.text)
    strtol                                   0x08000567   Thumb Code   112  strtol.o(.text)
    __I$use$fp                               0x080005d7   Thumb Code     0  iusefp.o(.text)
    _double_round                            0x080005d7   Thumb Code    30  depilogue.o(.text)
    _double_epilogue                         0x080005f5   Thumb Code   156  depilogue.o(.text)
    __aeabi_dmul                             0x08000691   Thumb Code   228  dmul.o(.text)
    __aeabi_ddiv                             0x08000775   Thumb Code   222  ddiv.o(.text)
    __aeabi_d2ulz                            0x08000853   Thumb Code    48  dfixul.o(.text)
    __aeabi_cdrcmple                         0x08000885   Thumb Code    48  cdrcmple.o(.text)
    __scatterload                            0x080008b5   Thumb Code    28  init.o(.text)
    __scatterload_rt2                        0x080008b5   Thumb Code     0  init.o(.text)
    __rt_ctype_table                         0x080008d9   Thumb Code     4  ctype_o.o(.text)
    _strtoul                                 0x080008e1   Thumb Code   158  _strtoul.o(.text)
    _chval                                   0x0800097f   Thumb Code    28  _chval.o(.text)
    __decompress                             0x0800099b   Thumb Code     0  __dczerorl2.o(.text)
    __decompress1                            0x0800099b   Thumb Code    86  __dczerorl2.o(.text)
    BusFault_Handler                         0x080009f1   Thumb Code     2  stm32f1xx_it.o(i.BusFault_Handler)
    DebugMon_Handler                         0x08000a39   Thumb Code     2  stm32f1xx_it.o(i.DebugMon_Handler)
    Error_Handler                            0x08000a3b   Thumb Code     4  main.o(i.Error_Handler)
    HAL_DMA_Abort_IT                         0x08000a41   Thumb Code   148  stm32f1xx_hal_dma.o(i.HAL_DMA_Abort_IT)
    HAL_Delay                                0x08000ad9   Thumb Code    32  stm32f1xx_hal.o(i.HAL_Delay)
    HAL_GPIO_Init                            0x08000afd   Thumb Code   446  stm32f1xx_hal_gpio.o(i.HAL_GPIO_Init)
    HAL_GPIO_ReadPin                         0x08000cdd   Thumb Code    10  stm32f1xx_hal_gpio.o(i.HAL_GPIO_ReadPin)
    HAL_GPIO_TogglePin                       0x08000ce7   Thumb Code    16  stm32f1xx_hal_gpio.o(i.HAL_GPIO_TogglePin)
    HAL_GPIO_WritePin                        0x08000cf7   Thumb Code    10  stm32f1xx_hal_gpio.o(i.HAL_GPIO_WritePin)
    HAL_GetTick                              0x08000d01   Thumb Code     6  stm32f1xx_hal.o(i.HAL_GetTick)
    HAL_IncTick                              0x08000d0d   Thumb Code    12  stm32f1xx_hal.o(i.HAL_IncTick)
    HAL_Init                                 0x08000d1d   Thumb Code    32  stm32f1xx_hal.o(i.HAL_Init)
    HAL_InitTick                             0x08000d41   Thumb Code    98  stm32f1xx_hal_timebase_tim.o(i.HAL_InitTick)
    HAL_MspInit                              0x08000db5   Thumb Code    62  stm32f1xx_hal_msp.o(i.HAL_MspInit)
    HAL_NVIC_EnableIRQ                       0x08000dfd   Thumb Code    26  stm32f1xx_hal_cortex.o(i.HAL_NVIC_EnableIRQ)
    HAL_NVIC_SetPriority                     0x08000e19   Thumb Code    60  stm32f1xx_hal_cortex.o(i.HAL_NVIC_SetPriority)
    HAL_NVIC_SetPriorityGrouping             0x08000e59   Thumb Code    26  stm32f1xx_hal_cortex.o(i.HAL_NVIC_SetPriorityGrouping)
    HAL_PCDEx_PMAConfig                      0x08000e7d   Thumb Code    60  stm32f1xx_hal_pcd_ex.o(i.HAL_PCDEx_PMAConfig)
    HAL_PCDEx_SetConnectionState             0x08000eb9   Thumb Code     2  usbd_conf.o(i.HAL_PCDEx_SetConnectionState)
    HAL_PCD_DataInStageCallback              0x08000ebb   Thumb Code    18  usbd_conf.o(i.HAL_PCD_DataInStageCallback)
    HAL_PCD_DataOutStageCallback             0x08000ecd   Thumb Code    20  usbd_conf.o(i.HAL_PCD_DataOutStageCallback)
    HAL_PCD_EP_Close                         0x08000ee1   Thumb Code    76  stm32f1xx_hal_pcd.o(i.HAL_PCD_EP_Close)
    HAL_PCD_EP_ClrStall                      0x08000f2d   Thumb Code    92  stm32f1xx_hal_pcd.o(i.HAL_PCD_EP_ClrStall)
    HAL_PCD_EP_GetRxCount                    0x0800128f   Thumb Code    18  stm32f1xx_hal_pcd.o(i.HAL_PCD_EP_GetRxCount)
    HAL_PCD_EP_Open                          0x080012a1   Thumb Code    96  stm32f1xx_hal_pcd.o(i.HAL_PCD_EP_Open)
    HAL_PCD_EP_Receive                       0x08001301   Thumb Code    50  stm32f1xx_hal_pcd.o(i.HAL_PCD_EP_Receive)
    HAL_PCD_EP_SetStall                      0x08001333   Thumb Code   114  stm32f1xx_hal_pcd.o(i.HAL_PCD_EP_SetStall)
    HAL_PCD_EP_Transmit                      0x080013a5   Thumb Code    52  stm32f1xx_hal_pcd.o(i.HAL_PCD_EP_Transmit)
    HAL_PCD_IRQHandler                       0x080013d9   Thumb Code   340  stm32f1xx_hal_pcd.o(i.HAL_PCD_IRQHandler)
    HAL_PCD_Init                             0x0800152d   Thumb Code   218  stm32f1xx_hal_pcd.o(i.HAL_PCD_Init)
    HAL_PCD_MspInit                          0x08001609   Thumb Code    50  usbd_conf.o(i.HAL_PCD_MspInit)
    HAL_PCD_ResetCallback                    0x08001645   Thumb Code    38  usbd_conf.o(i.HAL_PCD_ResetCallback)
    HAL_PCD_ResumeCallback                   0x0800166b   Thumb Code     8  usbd_conf.o(i.HAL_PCD_ResumeCallback)
    HAL_PCD_SOFCallback                      0x08001673   Thumb Code     8  usbd_conf.o(i.HAL_PCD_SOFCallback)
    HAL_PCD_SetAddress                       0x0800167b   Thumb Code    40  stm32f1xx_hal_pcd.o(i.HAL_PCD_SetAddress)
    HAL_PCD_SetupStageCallback               0x080016a3   Thumb Code    14  usbd_conf.o(i.HAL_PCD_SetupStageCallback)
    HAL_PCD_Start                            0x080016b1   Thumb Code    50  stm32f1xx_hal_pcd.o(i.HAL_PCD_Start)
    HAL_PCD_SuspendCallback                  0x080016e5   Thumb Code    30  usbd_conf.o(i.HAL_PCD_SuspendCallback)
    HAL_RCCEx_PeriphCLKConfig                0x08001709   Thumb Code   224  stm32f1xx_hal_rcc_ex.o(i.HAL_RCCEx_PeriphCLKConfig)
    HAL_RCC_ClockConfig                      0x080017f5   Thumb Code   280  stm32f1xx_hal_rcc.o(i.HAL_RCC_ClockConfig)
    HAL_RCC_GetClockConfig                   0x08001921   Thumb Code    54  stm32f1xx_hal_rcc.o(i.HAL_RCC_GetClockConfig)
    HAL_RCC_GetPCLK2Freq                     0x08001961   Thumb Code    20  stm32f1xx_hal_rcc.o(i.HAL_RCC_GetPCLK2Freq)
    HAL_RCC_GetSysClockFreq                  0x08001981   Thumb Code    74  stm32f1xx_hal_rcc.o(i.HAL_RCC_GetSysClockFreq)
    HAL_RCC_OscConfig                        0x080019ed   Thumb Code   778  stm32f1xx_hal_rcc.o(i.HAL_RCC_OscConfig)
    HAL_SPI_ErrorCallback                    0x08001d0d   Thumb Code     2  stm32f1xx_hal_spi.o(i.HAL_SPI_ErrorCallback)
    HAL_SPI_IRQHandler                       0x08001d11   Thumb Code   220  stm32f1xx_hal_spi.o(i.HAL_SPI_IRQHandler)
    HAL_SPI_Init                             0x08001df1   Thumb Code   178  stm32f1xx_hal_spi.o(i.HAL_SPI_Init)
    HAL_SPI_MspInit                          0x08001ea5   Thumb Code   118  stm32f1xx_hal_msp.o(i.HAL_SPI_MspInit)
    HAL_SPI_TransmitReceive                  0x08001f29   Thumb Code   482  stm32f1xx_hal_spi.o(i.HAL_SPI_TransmitReceive)
    HAL_TIMEx_BreakCallback                  0x0800210b   Thumb Code     2  stm32f1xx_hal_tim_ex.o(i.HAL_TIMEx_BreakCallback)
    HAL_TIMEx_CommutCallback                 0x0800210d   Thumb Code     2  stm32f1xx_hal_tim_ex.o(i.HAL_TIMEx_CommutCallback)
    HAL_TIMEx_MasterConfigSynchronization    0x08002111   Thumb Code    92  stm32f1xx_hal_tim_ex.o(i.HAL_TIMEx_MasterConfigSynchronization)
    HAL_TIM_Base_Init                        0x08002179   Thumb Code    90  stm32f1xx_hal_tim.o(i.HAL_TIM_Base_Init)
    HAL_TIM_Base_MspInit                     0x080021d3   Thumb Code     2  stm32f1xx_hal_tim.o(i.HAL_TIM_Base_MspInit)
    HAL_TIM_Base_Start_IT                    0x080021d5   Thumb Code    76  stm32f1xx_hal_tim.o(i.HAL_TIM_Base_Start_IT)
    HAL_TIM_Encoder_Init                     0x0800222d   Thumb Code   164  stm32f1xx_hal_tim.o(i.HAL_TIM_Encoder_Init)
    HAL_TIM_Encoder_MspInit                  0x080022d1   Thumb Code   170  stm32f1xx_hal_msp.o(i.HAL_TIM_Encoder_MspInit)
    HAL_TIM_Encoder_Start                    0x08002391   Thumb Code   142  stm32f1xx_hal_tim.o(i.HAL_TIM_Encoder_Start)
    HAL_TIM_IC_CaptureCallback               0x0800241f   Thumb Code     2  stm32f1xx_hal_tim.o(i.HAL_TIM_IC_CaptureCallback)
    HAL_TIM_IRQHandler                       0x08002421   Thumb Code   358  stm32f1xx_hal_tim.o(i.HAL_TIM_IRQHandler)
    HAL_TIM_OC_DelayElapsedCallback          0x08002587   Thumb Code     2  stm32f1xx_hal_tim.o(i.HAL_TIM_OC_DelayElapsedCallback)
    HAL_TIM_PWM_PulseFinishedCallback        0x08002589   Thumb Code     2  stm32f1xx_hal_tim.o(i.HAL_TIM_PWM_PulseFinishedCallback)
    HAL_TIM_PeriodElapsedCallback            0x0800258d   Thumb Code    14  main.o(i.HAL_TIM_PeriodElapsedCallback)
    HAL_TIM_TriggerCallback                  0x080025a1   Thumb Code     2  stm32f1xx_hal_tim.o(i.HAL_TIM_TriggerCallback)
    HardFault_Handler                        0x080025a3   Thumb Code     2  stm32f1xx_it.o(i.HardFault_Handler)
    MX_USB_DEVICE_Init                       0x08002861   Thumb Code    66  usb_device.o(i.MX_USB_DEVICE_Init)
    MemManage_Handler                        0x080028b5   Thumb Code     2  stm32f1xx_it.o(i.MemManage_Handler)
    NMI_Handler                              0x080028b7   Thumb Code     2  stm32f1xx_it.o(i.NMI_Handler)
    RTTRPM_appcall                           0x08002bb5   Thumb Code   206  send_rttrpm.o(i.RTTRPM_appcall)
    RTTRPM_init                              0x08002ca9   Thumb Code    48  send_rttrpm.o(i.RTTRPM_init)
    SPI2_IRQHandler                          0x08002cdd   Thumb Code     6  stm32f1xx_it.o(i.SPI2_IRQHandler)
    SPI_ReceiveByte                          0x08002d19   Thumb Code     6  enc28j60.o(i.SPI_ReceiveByte)
    StartDefaultTask                         0x08002e11   Thumb Code    30  main.o(i.StartDefaultTask)
    StartTask02                              0x08002e31   Thumb Code   618  main.o(i.StartTask02)
    StartTask03                              0x080030c1   Thumb Code   406  main.o(i.StartTask03)
    StartTask04                              0x08003269   Thumb Code     8  main.o(i.StartTask04)
    SysTick_Handler                          0x08003271   Thumb Code    38  port.o(i.SysTick_Handler)
    SystemClock_Config                       0x0800329d   Thumb Code   118  main.o(i.SystemClock_Config)
    SystemInit                               0x08003313   Thumb Code     2  system_stm32f1xx.o(i.SystemInit)
    TIM1_UP_IRQHandler                       0x08003315   Thumb Code     6  stm32f1xx_it.o(i.TIM1_UP_IRQHandler)
    TIM_Base_SetConfig                       0x08003321   Thumb Code    94  stm32f1xx_hal_tim.o(i.TIM_Base_SetConfig)
    TIM_CCxChannelCmd                        0x0800338d   Thumb Code    26  stm32f1xx_hal_tim.o(i.TIM_CCxChannelCmd)
    USBD_CDC_GetDeviceQualifierDescriptor    0x08003485   Thumb Code     8  usbd_cdc.o(i.USBD_CDC_GetDeviceQualifierDescriptor)
    USBD_CDC_ReceivePacket                   0x08003549   Thumb Code    40  usbd_cdc.o(i.USBD_CDC_ReceivePacket)
    USBD_CDC_RegisterInterface               0x08003571   Thumb Code    16  usbd_cdc.o(i.USBD_CDC_RegisterInterface)
    USBD_CDC_SetRxBuffer                     0x08003581   Thumb Code    12  usbd_cdc.o(i.USBD_CDC_SetRxBuffer)
    USBD_CDC_SetTxBuffer                     0x0800358d   Thumb Code    16  usbd_cdc.o(i.USBD_CDC_SetTxBuffer)
    USBD_ClrClassConfig                      0x08003649   Thumb Code    14  usbd_core.o(i.USBD_ClrClassConfig)
    USBD_CtlContinueRx                       0x08003657   Thumb Code    16  usbd_ioreq.o(i.USBD_CtlContinueRx)
    USBD_CtlContinueSendData                 0x08003667   Thumb Code    16  usbd_ioreq.o(i.USBD_CtlContinueSendData)
    USBD_CtlError                            0x08003677   Thumb Code    22  usbd_ctlreq.o(i.USBD_CtlError)
    USBD_CtlPrepareRx                        0x0800368d   Thumb Code    30  usbd_ioreq.o(i.USBD_CtlPrepareRx)
    USBD_CtlReceiveStatus                    0x080036ab   Thumb Code    22  usbd_ioreq.o(i.USBD_CtlReceiveStatus)
    USBD_CtlSendData                         0x080036c1   Thumb Code    26  usbd_ioreq.o(i.USBD_CtlSendData)
    USBD_CtlSendStatus                       0x080036db   Thumb Code    22  usbd_ioreq.o(i.USBD_CtlSendStatus)
    USBD_FS_ConfigStrDescriptor              0x080036f1   Thumb Code    16  usbd_desc.o(i.USBD_FS_ConfigStrDescriptor)
    USBD_FS_DeviceDescriptor                 0x08003711   Thumb Code     8  usbd_desc.o(i.USBD_FS_DeviceDescriptor)
    USBD_FS_InterfaceStrDescriptor           0x0800371d   Thumb Code    16  usbd_desc.o(i.USBD_FS_InterfaceStrDescriptor)
    USBD_FS_LangIDStrDescriptor              0x08003741   Thumb Code     8  usbd_desc.o(i.USBD_FS_LangIDStrDescriptor)
    USBD_FS_ManufacturerStrDescriptor        0x0800374d   Thumb Code    16  usbd_desc.o(i.USBD_FS_ManufacturerStrDescriptor)
    USBD_FS_ProductStrDescriptor             0x08003771   Thumb Code    16  usbd_desc.o(i.USBD_FS_ProductStrDescriptor)
    USBD_FS_SerialStrDescriptor              0x08003799   Thumb Code    48  usbd_desc.o(i.USBD_FS_SerialStrDescriptor)
    USBD_GetString                           0x080038b9   Thumb Code    72  usbd_ctlreq.o(i.USBD_GetString)
    USBD_Init                                0x08003919   Thumb Code    42  usbd_core.o(i.USBD_Init)
    USBD_LL_ClearStallEP                     0x08003943   Thumb Code    18  usbd_conf.o(i.USBD_LL_ClearStallEP)
    USBD_LL_CloseEP                          0x08003955   Thumb Code    18  usbd_conf.o(i.USBD_LL_CloseEP)
    USBD_LL_DataInStage                      0x08003967   Thumb Code   198  usbd_core.o(i.USBD_LL_DataInStage)
    USBD_LL_DataOutStage                     0x08003a2d   Thumb Code   130  usbd_core.o(i.USBD_LL_DataOutStage)
    USBD_LL_GetRxDataSize                    0x08003aaf   Thumb Code     8  usbd_conf.o(i.USBD_LL_GetRxDataSize)
    USBD_LL_Init                             0x08003ab9   Thumb Code   118  usbd_conf.o(i.USBD_LL_Init)
    USBD_LL_IsStallEP                        0x08003b39   Thumb Code    32  usbd_conf.o(i.USBD_LL_IsStallEP)
    USBD_LL_OpenEP                           0x08003b59   Thumb Code    24  usbd_conf.o(i.USBD_LL_OpenEP)
    USBD_LL_PrepareReceive                   0x08003b71   Thumb Code    18  usbd_conf.o(i.USBD_LL_PrepareReceive)
    USBD_LL_Reset                            0x08003b83   Thumb Code    80  usbd_core.o(i.USBD_LL_Reset)
    USBD_LL_Resume                           0x08003bd3   Thumb Code    20  usbd_core.o(i.USBD_LL_Resume)
    USBD_LL_SOF                              0x08003be7   Thumb Code    24  usbd_core.o(i.USBD_LL_SOF)
    USBD_LL_SetSpeed                         0x08003bff   Thumb Code     6  usbd_core.o(i.USBD_LL_SetSpeed)
    USBD_LL_SetUSBAddress                    0x08003c05   Thumb Code    18  usbd_conf.o(i.USBD_LL_SetUSBAddress)
    USBD_LL_SetupStage                       0x08003c17   Thumb Code    90  usbd_core.o(i.USBD_LL_SetupStage)
    USBD_LL_StallEP                          0x08003c71   Thumb Code    18  usbd_conf.o(i.USBD_LL_StallEP)
    USBD_LL_Start                            0x08003c83   Thumb Code    18  usbd_conf.o(i.USBD_LL_Start)
    USBD_LL_Suspend                          0x08003c95   Thumb Code    18  usbd_core.o(i.USBD_LL_Suspend)
    USBD_LL_Transmit                         0x08003ca7   Thumb Code    18  usbd_conf.o(i.USBD_LL_Transmit)
    USBD_ParseSetupRequest                   0x08003cb9   Thumb Code    40  usbd_ctlreq.o(i.USBD_ParseSetupRequest)
    USBD_RegisterClass                       0x08003ce1   Thumb Code    16  usbd_core.o(i.USBD_RegisterClass)
    USBD_SetClassConfig                      0x08003cf1   Thumb Code    22  usbd_core.o(i.USBD_SetClassConfig)
    USBD_Start                               0x08003d8d   Thumb Code    10  usbd_core.o(i.USBD_Start)
    USBD_StdDevReq                           0x08003d97   Thumb Code   274  usbd_ctlreq.o(i.USBD_StdDevReq)
    USBD_StdEPReq                            0x08003ea9   Thumb Code   336  usbd_ctlreq.o(i.USBD_StdEPReq)
    USBD_StdItfReq                           0x08003ff9   Thumb Code    78  usbd_ctlreq.o(i.USBD_StdItfReq)
    USBD_static_free                         0x08004047   Thumb Code     2  usbd_conf.o(i.USBD_static_free)
    USBD_static_malloc                       0x08004049   Thumb Code     4  usbd_conf.o(i.USBD_static_malloc)
    USB_ActivateEndpoint                     0x08004051   Thumb Code   600  stm32f1xx_ll_usb.o(i.USB_ActivateEndpoint)
    USB_CoreInit                             0x080042a9   Thumb Code     4  stm32f1xx_ll_usb.o(i.USB_CoreInit)
    USB_DeactivateEndpoint                   0x080042ad   Thumb Code   270  stm32f1xx_ll_usb.o(i.USB_DeactivateEndpoint)
    USB_DevConnect                           0x080043bb   Thumb Code     4  stm32f1xx_ll_usb.o(i.USB_DevConnect)
    USB_DevDisconnect                        0x080043bf   Thumb Code     4  stm32f1xx_ll_usb.o(i.USB_DevDisconnect)
    USB_DevInit                              0x080043c3   Thumb Code    18  stm32f1xx_ll_usb.o(i.USB_DevInit)
    USB_DisableGlobalInt                     0x080043d5   Thumb Code    14  stm32f1xx_ll_usb.o(i.USB_DisableGlobalInt)
    USB_EP0_OutStart                         0x080043e3   Thumb Code     4  stm32f1xx_ll_usb.o(i.USB_EP0_OutStart)
    USB_EPClearStall                         0x080043e7   Thumb Code   120  stm32f1xx_ll_usb.o(i.USB_EPClearStall)
    USB_EPSetStall                           0x0800445f   Thumb Code    50  stm32f1xx_ll_usb.o(i.USB_EPSetStall)
    USB_EPStartXfer                          0x08004491   Thumb Code  1230  stm32f1xx_ll_usb.o(i.USB_EPStartXfer)
    USB_EnableGlobalInt                      0x0800495f   Thumb Code    18  stm32f1xx_ll_usb.o(i.USB_EnableGlobalInt)
    USB_LP_CAN1_RX0_IRQHandler               0x08004971   Thumb Code     6  stm32f1xx_it.o(i.USB_LP_CAN1_RX0_IRQHandler)
    USB_ReadInterrupts                       0x0800497d   Thumb Code     6  stm32f1xx_ll_usb.o(i.USB_ReadInterrupts)
    USB_ReadPMA                              0x08004985   Thumb Code    44  stm32f1xx_ll_usb.o(i.USB_ReadPMA)
    USB_SetCurrentMode                       0x080049b1   Thumb Code     4  stm32f1xx_ll_usb.o(i.USB_SetCurrentMode)
    USB_SetDevAddress                        0x080049b5   Thumb Code    12  stm32f1xx_ll_usb.o(i.USB_SetDevAddress)
    USB_WritePMA                             0x080049c1   Thumb Code    38  stm32f1xx_ll_usb.o(i.USB_WritePMA)
    UsageFault_Handler                       0x080049e7   Thumb Code     2  stm32f1xx_it.o(i.UsageFault_Handler)
    __0sprintf                               0x080049e9   Thumb Code    34  printfa.o(i.__0sprintf)
    __1sprintf                               0x080049e9   Thumb Code     0  printfa.o(i.__0sprintf)
    __2sprintf                               0x080049e9   Thumb Code     0  printfa.o(i.__0sprintf)
    __c89sprintf                             0x080049e9   Thumb Code     0  printfa.o(i.__0sprintf)
    sprintf                                  0x080049e9   Thumb Code     0  printfa.o(i.__0sprintf)
    __aeabi_errno_addr                       0x08004a31   Thumb Code     4  errno.o(i.__aeabi_errno_addr)
    __rt_errno_addr                          0x08004a31   Thumb Code     0  errno.o(i.__aeabi_errno_addr)
    __scatterload_copy                       0x08004a39   Thumb Code    14  handlers.o(i.__scatterload_copy)
    __scatterload_null                       0x08004a47   Thumb Code     2  handlers.o(i.__scatterload_null)
    __scatterload_zeroinit                   0x08004a49   Thumb Code    14  handlers.o(i.__scatterload_zeroinit)
    clock_time                               0x08005389   Thumb Code     4  clock-arch.o(i.clock_time)
    enc28j60PhyReadScan                      0x080053d9   Thumb Code     6  enc28j60.o(i.enc28j60PhyReadScan)
    enc28j60PhystartScan                     0x080053df   Thumb Code    28  enc28j60.o(i.enc28j60PhystartScan)
    enc28j60_ini                             0x0800542d   Thumb Code   278  enc28j60.o(i.enc28j60_ini)
    enc28j60_packetReceive                   0x0800554d   Thumb Code   122  enc28j60.o(i.enc28j60_packetReceive)
    enc28j60_packetSend                      0x080055cd   Thumb Code   102  enc28j60.o(i.enc28j60_packetSend)
    enc28j60_writeOp                         0x08005719   Thumb Code    58  enc28j60.o(i.enc28j60_writeOp)
    hello_world_appcall                      0x08005c09   Thumb Code   154  hello-world.o(i.hello_world_appcall)
    htons                                    0x08005cb1   Thumb Code    10  uip.o(i.htons)
    led_chanel_off                           0x08005cbd   Thumb Code    76  main.o(i.led_chanel_off)
    led_chanel_on                            0x08005d15   Thumb Code    76  main.o(i.led_chanel_on)
    led_chanel_toggle                        0x08005d6d   Thumb Code    66  main.o(i.led_chanel_toggle)
    main                                     0x08005dbd   Thumb Code   320  main.o(i.main)
    osDelay                                  0x08005f29   Thumb Code    14  cmsis_os.o(i.osDelay)
    osKernelStart                            0x08005f37   Thumb Code    10  cmsis_os.o(i.osKernelStart)
    osThreadCreate                           0x08005f41   Thumb Code    84  cmsis_os.o(i.osThreadCreate)
    psock_init                               0x08006407   Thumb Code    24  psock.o(i.psock_init)
    psock_newdata                            0x08006421   Thumb Code    34  psock.o(i.psock_newdata)
    psock_readto                             0x08006449   Thumb Code   124  psock.o(i.psock_readto)
    psock_send                               0x080064cd   Thumb Code    76  psock.o(i.psock_send)
    pvPortMalloc                             0x08006519   Thumb Code   210  heap_4.o(i.pvPortMalloc)
    pxPortInitialiseStack                    0x080065f1   Thumb Code    32  port.o(i.pxPortInitialiseStack)
    read_encoder                             0x08006615   Thumb Code    36  main.o(i.read_encoder)
    reset_encoder                            0x08006641   Thumb Code    14  main.o(i.reset_encoder)
    timer_set                                0x08006695   Thumb Code    14  timer.o(i.timer_set)
    uip_add32                                0x080066a5   Thumb Code    86  uip.o(i.uip_add32)
    uip_arp_arpin                            0x0800672d   Thumb Code   152  uip_arp.o(i.uip_arp_arpin)
    uip_arp_init                             0x080067d5   Thumb Code    34  uip_arp.o(i.uip_arp_init)
    uip_arp_out                              0x08006801   Thumb Code   346  uip_arp.o(i.uip_arp_out)
    uip_arp_timer                            0x08006985   Thumb Code    58  uip_arp.o(i.uip_arp_timer)
    uip_init                                 0x08006a7d   Thumb Code    88  uip.o(i.uip_init)
    uip_ipchksum                             0x08006ae1   Thumb Code    30  uip.o(i.uip_ipchksum)
    uip_log                                  0x08006b05   Thumb Code     2  main.o(i.uip_log)
    uip_process                              0x08006b09   Thumb Code  2946  uip.o(i.uip_process)
    uip_send                                 0x08007691   Thumb Code    26  uip.o(i.uip_send)
    uip_tcpchksum                            0x080076b1   Thumb Code     6  uip.o(i.uip_tcpchksum)
    uip_udp_new                              0x080076b9   Thumb Code   142  uip.o(i.uip_udp_new)
    uip_udpchksum                            0x08007751   Thumb Code     6  uip.o(i.uip_udpchksum)
    uxListRemove                             0x0800779d   Thumb Code    38  list.o(i.uxListRemove)
    uxQueueMessagesWaiting                   0x080077c3   Thumb Code    36  queue.o(i.uxQueueMessagesWaiting)
    vApplicationGetIdleTaskMemory            0x080077e9   Thumb Code    16  freertos.o(i.vApplicationGetIdleTaskMemory)
    vListInitialise                          0x080077fd   Thumb Code    22  list.o(i.vListInitialise)
    vListInitialiseItem                      0x08007813   Thumb Code     6  list.o(i.vListInitialiseItem)
    vListInsert                              0x08007819   Thumb Code    48  list.o(i.vListInsert)
    vListInsertEnd                           0x08007849   Thumb Code    24  list.o(i.vListInsertEnd)
    vPortEnterCritical                       0x08007861   Thumb Code    54  port.o(i.vPortEnterCritical)
    vPortExitCritical                        0x080078a1   Thumb Code    34  port.o(i.vPortExitCritical)
    vPortFree                                0x080078c9   Thumb Code    88  heap_4.o(i.vPortFree)
    vPortSetupTimerInterrupt                 0x08007925   Thumb Code    32  port.o(i.vPortSetupTimerInterrupt)
    vTaskDelay                               0x08007949   Thumb Code    66  tasks.o(i.vTaskDelay)
    vTaskInternalSetTimeOutState             0x08007995   Thumb Code    12  tasks.o(i.vTaskInternalSetTimeOutState)
    vTaskMissedYield                         0x080079a5   Thumb Code     8  tasks.o(i.vTaskMissedYield)
    vTaskPlaceOnEventList                    0x080079b1   Thumb Code    44  tasks.o(i.vTaskPlaceOnEventList)
    vTaskStartScheduler                      0x080079e1   Thumb Code    90  tasks.o(i.vTaskStartScheduler)
    vTaskSuspendAll                          0x08007a4d   Thumb Code    10  tasks.o(i.vTaskSuspendAll)
    vTaskSwitchContext                       0x08007a5d   Thumb Code    82  tasks.o(i.vTaskSwitchContext)
    xPortStartScheduler                      0x08007ab9   Thumb Code   154  port.o(i.xPortStartScheduler)
    xQueueGenericCreate                      0x08007b61   Thumb Code    72  queue.o(i.xQueueGenericCreate)
    xQueueGenericReset                       0x08007ba9   Thumb Code   132  queue.o(i.xQueueGenericReset)
    xQueueGenericSend                        0x08007c31   Thumb Code   346  queue.o(i.xQueueGenericSend)
    xQueueReceive                            0x08007d91   Thumb Code   308  queue.o(i.xQueueReceive)
    xTaskCheckForTimeOut                     0x08007ec9   Thumb Code   112  tasks.o(i.xTaskCheckForTimeOut)
    xTaskCreate                              0x08007f3d   Thumb Code    90  tasks.o(i.xTaskCreate)
    xTaskCreateStatic                        0x08007f97   Thumb Code    86  tasks.o(i.xTaskCreateStatic)
    xTaskGetSchedulerState                   0x08007fed   Thumb Code    22  tasks.o(i.xTaskGetSchedulerState)
    xTaskIncrementTick                       0x08008009   Thumb Code   192  tasks.o(i.xTaskIncrementTick)
    xTaskPriorityDisinherit                  0x080080d1   Thumb Code   144  tasks.o(i.xTaskPriorityDisinherit)
    xTaskRemoveFromEventList                 0x08008169   Thumb Code   108  tasks.o(i.xTaskRemoveFromEventList)
    xTaskResumeAll                           0x080081dd   Thumb Code   182  tasks.o(i.xTaskResumeAll)
    AHBPrescTable                            0x08008318   Data          16  system_stm32f1xx.o(.constdata)
    APBPrescTable                            0x08008328   Data           8  system_stm32f1xx.o(.constdata)
    __ctype_table                            0x08008346   Data         129  ctype_o.o(.constdata)
    Region$$Table$$Base                      0x0800845c   Number         0  anon$$obj.o(Region$$Table)
    Region$$Table$$Limit                     0x0800847c   Number         0  anon$$obj.o(Region$$Table)
    reg                                      0x20000000   Data           1  main.o(.data)
    multiplier                               0x20000004   Data           4  main.o(.data)
    offset                                   0x20000008   Data           4  main.o(.data)
    config_mode                              0x2000000c   Data           1  main.o(.data)
    time_to_config_mode                      0x20000010   Data           4  main.o(.data)
    defaultTaskHandle                        0x20000014   Data           4  main.o(.data)
    myTask02Handle                           0x20000018   Data           4  main.o(.data)
    myTask03Handle                           0x2000001c   Data           4  main.o(.data)
    myTask04Handle                           0x20000020   Data           4  main.o(.data)
    q                                        0x20000024   Data           4  main.o(.data)
    xQueueCommand                            0x20000028   Data           4  main.o(.data)
    macaddr                                  0x20000034   Data           6  enc28j60.o(.data)
    uwTickFreq                               0x2000003c   Data           1  stm32f1xx_hal.o(.data)
    uwTickPrio                               0x20000040   Data           4  stm32f1xx_hal.o(.data)
    uwTick                                   0x20000044   Data           4  stm32f1xx_hal.o(.data)
    SystemCoreClock                          0x20000048   Data           4  system_stm32f1xx.o(.data)
    pxCurrentTCB                             0x2000004c   Data           4  tasks.o(.data)
    isConnected                              0x200000ac   Data           1  hello-world.o(.data)
    s                                        0x200000b0   Data           4  hello-world.o(.data)
    uip_ethaddr                              0x200000b4   Data           6  uip.o(.data)
    uip_flags                                0x200000bc   Data           1  uip.o(.data)
    uip_len                                  0x200000c0   Data           2  uip.o(.data)
    uip_slen                                 0x200000c2   Data           2  uip.o(.data)
    uip_hostaddr                             0x200000ca   Data           4  uip.o(.data)
    uip_appdata                              0x200000d0   Data           4  uip.o(.data)
    uip_sappdata                             0x200000d4   Data           4  uip.o(.data)
    uip_conn                                 0x200000d8   Data           4  uip.o(.data)
    uip_udp_conn                             0x200000dc   Data           4  uip.o(.data)
    uip_acc32                                0x200000e4   Data           4  uip.o(.data)
    uip_draddr                               0x200000e8   Data           4  uip.o(.data)
    uip_netmask                              0x200000ec   Data           4  uip.o(.data)
    t                                        0x200000f4   Data           4  uip_arp.o(.data)
    t2                                       0x200000f8   Data           4  uip_arp.o(.data)
    index_rttrpm_packet                      0x20000100   Data           2  send_rttrpm.o(.data)
    rttrpm_header                            0x20000102   Data          38  send_rttrpm.o(.data)
    position_modul                           0x20000128   Data          29  send_rttrpm.o(.data)
    FS_Desc                                  0x20000148   Data          28  usbd_desc.o(.data)
    USBD_LangIDDesc                          0x20000164   Data           4  usbd_desc.o(.data)
    USBD_FS_DeviceDesc                       0x20000168   Data          18  usbd_desc.o(.data)
    USBD_StringSerial                        0x2000017c   Data          26  usbd_desc.o(.data)
    USBD_Interface_fops_FS                   0x20000198   Data          16  usbd_cdc_if.o(.data)
    USBD_CDC_CfgHSDesc                       0x200001b8   Data          67  usbd_cdc.o(.data)
    USBD_CDC_CfgFSDesc                       0x200001fc   Data          67  usbd_cdc.o(.data)
    USBD_CDC_OtherSpeedCfgDesc               0x20000240   Data          67  usbd_cdc.o(.data)
    USBD_CDC                                 0x20000284   Data          56  usbd_cdc.o(.data)
    old_time                                 0x200002c8   Data          12  main.o(.bss)
    latency                                  0x200002d4   Data          12  main.o(.bss)
    EncoderPosition                          0x200002e0   Data          24  main.o(.bss)
    oldEncoderPosition                       0x200002f8   Data          24  main.o(.bss)
    hspi2                                    0x20000310   Data          88  main.o(.bss)
    htim2                                    0x20000368   Data          72  main.o(.bss)
    htim3                                    0x200003b0   Data          72  main.o(.bss)
    htim4                                    0x200003f8   Data          72  main.o(.bss)
    htim1                                    0x20000694   Data          72  stm32f1xx_hal_timebase_tim.o(.bss)
    uip_buf                                  0x200013cc   Data        1538  uip.o(.bss)
    uip_conns                                0x200019d0   Data        7360  uip.o(.bss)
    uip_listenports                          0x20003690   Data          80  uip.o(.bss)
    uip_udp_conns                            0x200036e0   Data         640  uip.o(.bss)
    uip_stat                                 0x20003960   Data          52  uip.o(.bss)
    hUsbDeviceFS                             0x20003a28   Data         708  usb_device.o(.bss)
    USBD_StrDesc                             0x20003cec   Data         512  usbd_desc.o(.bss)
    UserRxBufferFS                           0x20003eec   Data        1000  usbd_cdc_if.o(.bss)
    UserTxBufferFS                           0x200042d4   Data        1000  usbd_cdc_if.o(.bss)
    hpcd_USB_FS                              0x200048dc   Data         748  usbd_conf.o(.bss)
    __initial_sp                             0x20004fc8   Data           0  startup_stm32f103xb.o(STACK)



==============================================================================

Memory Map of the image

  Image Entry point : 0x080000ed

  Load Region LR_IROM1 (Base: 0x08000000, Size: 0x00008740, Max: 0x00010000, ABSOLUTE, COMPRESSED[0x00008558])

    Execution Region ER_IROM1 (Exec base: 0x08000000, Load base: 0x08000000, Size: 0x0000847c, Max: 0x00010000, ABSOLUTE)

    Exec Addr    Load Addr    Size         Type   Attr      Idx    E Section Name        Object

    0x08000000   0x08000000   0x000000ec   Data   RO            3    RESET               startup_stm32f103xb.o
    0x080000ec   0x080000ec   0x00000000   Code   RO         6119  * .ARM.Collect$$$$00000000  mc_w.l(entry.o)
    0x080000ec   0x080000ec   0x00000004   Code   RO         6415    .ARM.Collect$$$$00000001  mc_w.l(entry2.o)
    0x080000f0   0x080000f0   0x00000004   Code   RO         6418    .ARM.Collect$$$$00000004  mc_w.l(entry5.o)
    0x080000f4   0x080000f4   0x00000000   Code   RO         6420    .ARM.Collect$$$$00000008  mc_w.l(entry7b.o)
    0x080000f4   0x080000f4   0x00000000   Code   RO         6422    .ARM.Collect$$$$0000000A  mc_w.l(entry8b.o)
    0x080000f4   0x080000f4   0x00000008   Code   RO         6423    .ARM.Collect$$$$0000000B  mc_w.l(entry9a.o)
    0x080000fc   0x080000fc   0x00000004   Code   RO         6430    .ARM.Collect$$$$0000000E  mc_w.l(entry12b.o)
    0x08000100   0x08000100   0x00000000   Code   RO         6425    .ARM.Collect$$$$0000000F  mc_w.l(entry10a.o)
    0x08000100   0x08000100   0x00000000   Code   RO         6427    .ARM.Collect$$$$00000011  mc_w.l(entry11a.o)
    0x08000100   0x08000100   0x00000004   Code   RO         6416    .ARM.Collect$$$$00002712  mc_w.l(entry2.o)
    0x08000104   0x08000104   0x00000096   Code   RO         4669    .emb_text           port.o
    0x0800019a   0x0800019a   0x00000002   PAD
    0x0800019c   0x0800019c   0x00000024   Code   RO            4    .text               startup_stm32f103xb.o
    0x080001c0   0x080001c0   0x00000020   Code   RO         6122    .text               mc_w.l(llushr.o)
    0x080001e0   0x080001e0   0x00000024   Code   RO         6124    .text               mc_w.l(memcpya.o)
    0x08000204   0x08000204   0x00000024   Code   RO         6128    .text               mc_w.l(memseta.o)
    0x08000228   0x08000228   0x00000024   Code   RO         6130    .text               mc_w.l(strstr.o)
    0x0800024c   0x0800024c   0x00000014   Code   RO         6132    .text               mc_w.l(strchr.o)
    0x08000260   0x08000260   0x0000000e   Code   RO         6134    .text               mc_w.l(strlen.o)
    0x0800026e   0x0800026e   0x00000002   PAD
    0x08000270   0x08000270   0x00000044   Code   RO         6136    .text               mc_w.l(strtok.o)
    0x080002b4   0x080002b4   0x0000001a   Code   RO         6405    .text               mc_w.l(atoi.o)
    0x080002ce   0x080002ce   0x0000014e   Code   RO         6407    .text               mf_w.l(dadd.o)
    0x0800041c   0x0800041c   0x00000022   Code   RO         6409    .text               mf_w.l(dflti.o)
    0x0800043e   0x0800043e   0x0000001a   Code   RO         6411    .text               mf_w.l(dfltui.o)
    0x08000458   0x08000458   0x0000003e   Code   RO         6413    .text               mf_w.l(dfixi.o)
    0x08000496   0x08000496   0x0000002c   Code   RO         6434    .text               mc_w.l(uidiv.o)
    0x080004c2   0x080004c2   0x00000062   Code   RO         6436    .text               mc_w.l(uldiv.o)
    0x08000524   0x08000524   0x0000001e   Code   RO         6438    .text               mc_w.l(llshl.o)
    0x08000542   0x08000542   0x00000024   Code   RO         6440    .text               mc_w.l(llsshr.o)
    0x08000566   0x08000566   0x00000070   Code   RO         6449    .text               mc_w.l(strtol.o)
    0x080005d6   0x080005d6   0x00000000   Code   RO         6451    .text               mc_w.l(iusefp.o)
    0x080005d6   0x080005d6   0x000000ba   Code   RO         6452    .text               mf_w.l(depilogue.o)
    0x08000690   0x08000690   0x000000e4   Code   RO         6454    .text               mf_w.l(dmul.o)
    0x08000774   0x08000774   0x000000de   Code   RO         6456    .text               mf_w.l(ddiv.o)
    0x08000852   0x08000852   0x00000030   Code   RO         6458    .text               mf_w.l(dfixul.o)
    0x08000882   0x08000882   0x00000002   PAD
    0x08000884   0x08000884   0x00000030   Code   RO         6460    .text               mf_w.l(cdrcmple.o)
    0x080008b4   0x080008b4   0x00000024   Code   RO         6462    .text               mc_w.l(init.o)
    0x080008d8   0x080008d8   0x00000008   Code   RO         6465    .text               mc_w.l(ctype_o.o)
    0x080008e0   0x080008e0   0x0000009e   Code   RO         6493    .text               mc_w.l(_strtoul.o)
    0x0800097e   0x0800097e   0x0000001c   Code   RO         6496    .text               mc_w.l(_chval.o)
    0x0800099a   0x0800099a   0x00000056   Code   RO         6506    .text               mc_w.l(__dczerorl2.o)
    0x080009f0   0x080009f0   0x00000002   Code   RO          389    i.BusFault_Handler  stm32f1xx_it.o
    0x080009f2   0x080009f2   0x00000004   Code   RO         5489    i.CDC_Control_FS    usbd_cdc_if.o
    0x080009f6   0x080009f6   0x00000004   Code   RO         5490    i.CDC_DeInit_FS     usbd_cdc_if.o
    0x080009fa   0x080009fa   0x00000002   PAD
    0x080009fc   0x080009fc   0x00000024   Code   RO         5491    i.CDC_Init_FS       usbd_cdc_if.o
    0x08000a20   0x08000a20   0x00000018   Code   RO         5492    i.CDC_Receive_FS    usbd_cdc_if.o
    0x08000a38   0x08000a38   0x00000002   Code   RO          390    i.DebugMon_Handler  stm32f1xx_it.o
    0x08000a3a   0x08000a3a   0x00000004   Code   RO           13    i.Error_Handler     main.o
    0x08000a3e   0x08000a3e   0x00000002   PAD
    0x08000a40   0x08000a40   0x00000098   Code   RO         1554    i.HAL_DMA_Abort_IT  stm32f1xx_hal_dma.o
    0x08000ad8   0x08000ad8   0x00000024   Code   RO         1181    i.HAL_Delay         stm32f1xx_hal.o
    0x08000afc   0x08000afc   0x000001e0   Code   RO         1489    i.HAL_GPIO_Init     stm32f1xx_hal_gpio.o
    0x08000cdc   0x08000cdc   0x0000000a   Code   RO         1491    i.HAL_GPIO_ReadPin  stm32f1xx_hal_gpio.o
    0x08000ce6   0x08000ce6   0x00000010   Code   RO         1492    i.HAL_GPIO_TogglePin  stm32f1xx_hal_gpio.o
    0x08000cf6   0x08000cf6   0x0000000a   Code   RO         1493    i.HAL_GPIO_WritePin  stm32f1xx_hal_gpio.o
    0x08000d00   0x08000d00   0x0000000c   Code   RO         1185    i.HAL_GetTick       stm32f1xx_hal.o
    0x08000d0c   0x08000d0c   0x00000010   Code   RO         1191    i.HAL_IncTick       stm32f1xx_hal.o
    0x08000d1c   0x08000d1c   0x00000024   Code   RO         1192    i.HAL_Init          stm32f1xx_hal.o
    0x08000d40   0x08000d40   0x00000074   Code   RO          513    i.HAL_InitTick      stm32f1xx_hal_timebase_tim.o
    0x08000db4   0x08000db4   0x00000048   Code   RO          465    i.HAL_MspInit       stm32f1xx_hal_msp.o
    0x08000dfc   0x08000dfc   0x0000001a   Code   RO         1649    i.HAL_NVIC_EnableIRQ  stm32f1xx_hal_cortex.o
    0x08000e16   0x08000e16   0x00000002   PAD
    0x08000e18   0x08000e18   0x00000040   Code   RO         1655    i.HAL_NVIC_SetPriority  stm32f1xx_hal_cortex.o
    0x08000e58   0x08000e58   0x00000024   Code   RO         1656    i.HAL_NVIC_SetPriorityGrouping  stm32f1xx_hal_cortex.o
    0x08000e7c   0x08000e7c   0x0000003c   Code   RO          954    i.HAL_PCDEx_PMAConfig  stm32f1xx_hal_pcd_ex.o
    0x08000eb8   0x08000eb8   0x00000002   Code   RO         5541    i.HAL_PCDEx_SetConnectionState  usbd_conf.o
    0x08000eba   0x08000eba   0x00000012   Code   RO         5543    i.HAL_PCD_DataInStageCallback  usbd_conf.o
    0x08000ecc   0x08000ecc   0x00000014   Code   RO         5544    i.HAL_PCD_DataOutStageCallback  usbd_conf.o
    0x08000ee0   0x08000ee0   0x0000004c   Code   RO          730    i.HAL_PCD_EP_Close  stm32f1xx_hal_pcd.o
    0x08000f2c   0x08000f2c   0x0000005c   Code   RO          731    i.HAL_PCD_EP_ClrStall  stm32f1xx_hal_pcd.o
    0x08000f88   0x08000f88   0x000000e6   Code   RO          732    i.HAL_PCD_EP_DB_Receive  stm32f1xx_hal_pcd.o
    0x0800106e   0x0800106e   0x00000220   Code   RO          733    i.HAL_PCD_EP_DB_Transmit  stm32f1xx_hal_pcd.o
    0x0800128e   0x0800128e   0x00000012   Code   RO          735    i.HAL_PCD_EP_GetRxCount  stm32f1xx_hal_pcd.o
    0x080012a0   0x080012a0   0x00000060   Code   RO          736    i.HAL_PCD_EP_Open   stm32f1xx_hal_pcd.o
    0x08001300   0x08001300   0x00000032   Code   RO          737    i.HAL_PCD_EP_Receive  stm32f1xx_hal_pcd.o
    0x08001332   0x08001332   0x00000072   Code   RO          738    i.HAL_PCD_EP_SetStall  stm32f1xx_hal_pcd.o
    0x080013a4   0x080013a4   0x00000034   Code   RO          739    i.HAL_PCD_EP_Transmit  stm32f1xx_hal_pcd.o
    0x080013d8   0x080013d8   0x00000154   Code   RO          741    i.HAL_PCD_IRQHandler  stm32f1xx_hal_pcd.o
    0x0800152c   0x0800152c   0x000000da   Code   RO          744    i.HAL_PCD_Init      stm32f1xx_hal_pcd.o
    0x08001606   0x08001606   0x00000002   PAD
    0x08001608   0x08001608   0x0000003c   Code   RO         5549    i.HAL_PCD_MspInit   usbd_conf.o
    0x08001644   0x08001644   0x00000026   Code   RO         5550    i.HAL_PCD_ResetCallback  usbd_conf.o
    0x0800166a   0x0800166a   0x00000008   Code   RO         5551    i.HAL_PCD_ResumeCallback  usbd_conf.o
    0x08001672   0x08001672   0x00000008   Code   RO         5552    i.HAL_PCD_SOFCallback  usbd_conf.o
    0x0800167a   0x0800167a   0x00000028   Code   RO          750    i.HAL_PCD_SetAddress  stm32f1xx_hal_pcd.o
    0x080016a2   0x080016a2   0x0000000e   Code   RO         5553    i.HAL_PCD_SetupStageCallback  usbd_conf.o
    0x080016b0   0x080016b0   0x00000032   Code   RO          752    i.HAL_PCD_Start     stm32f1xx_hal_pcd.o
    0x080016e2   0x080016e2   0x00000002   PAD
    0x080016e4   0x080016e4   0x00000024   Code   RO         5554    i.HAL_PCD_SuspendCallback  usbd_conf.o
    0x08001708   0x08001708   0x000000ec   Code   RO         1452    i.HAL_RCCEx_PeriphCLKConfig  stm32f1xx_hal_rcc_ex.o
    0x080017f4   0x080017f4   0x0000012c   Code   RO         1349    i.HAL_RCC_ClockConfig  stm32f1xx_hal_rcc.o
    0x08001920   0x08001920   0x00000040   Code   RO         1353    i.HAL_RCC_GetClockConfig  stm32f1xx_hal_rcc.o
    0x08001960   0x08001960   0x00000020   Code   RO         1357    i.HAL_RCC_GetPCLK2Freq  stm32f1xx_hal_rcc.o
    0x08001980   0x08001980   0x0000006c   Code   RO         1358    i.HAL_RCC_GetSysClockFreq  stm32f1xx_hal_rcc.o
    0x080019ec   0x080019ec   0x00000320   Code   RO         1361    i.HAL_RCC_OscConfig  stm32f1xx_hal_rcc.o
    0x08001d0c   0x08001d0c   0x00000002   Code   RO         2156    i.HAL_SPI_ErrorCallback  stm32f1xx_hal_spi.o
    0x08001d0e   0x08001d0e   0x00000002   PAD
    0x08001d10   0x08001d10   0x000000e0   Code   RO         2159    i.HAL_SPI_IRQHandler  stm32f1xx_hal_spi.o
    0x08001df0   0x08001df0   0x000000b2   Code   RO         2160    i.HAL_SPI_Init      stm32f1xx_hal_spi.o
    0x08001ea2   0x08001ea2   0x00000002   PAD
    0x08001ea4   0x08001ea4   0x00000084   Code   RO          467    i.HAL_SPI_MspInit   stm32f1xx_hal_msp.o
    0x08001f28   0x08001f28   0x000001e2   Code   RO         2169    i.HAL_SPI_TransmitReceive  stm32f1xx_hal_spi.o
    0x0800210a   0x0800210a   0x00000002   Code   RO         3177    i.HAL_TIMEx_BreakCallback  stm32f1xx_hal_tim_ex.o
    0x0800210c   0x0800210c   0x00000002   Code   RO         3178    i.HAL_TIMEx_CommutCallback  stm32f1xx_hal_tim_ex.o
    0x0800210e   0x0800210e   0x00000002   PAD
    0x08002110   0x08002110   0x00000068   Code   RO         3196    i.HAL_TIMEx_MasterConfigSynchronization  stm32f1xx_hal_tim_ex.o
    0x08002178   0x08002178   0x0000005a   Code   RO         2473    i.HAL_TIM_Base_Init  stm32f1xx_hal_tim.o
    0x080021d2   0x080021d2   0x00000002   Code   RO         2475    i.HAL_TIM_Base_MspInit  stm32f1xx_hal_tim.o
    0x080021d4   0x080021d4   0x00000058   Code   RO         2478    i.HAL_TIM_Base_Start_IT  stm32f1xx_hal_tim.o
    0x0800222c   0x0800222c   0x000000a4   Code   RO         2494    i.HAL_TIM_Encoder_Init  stm32f1xx_hal_tim.o
    0x080022d0   0x080022d0   0x000000c0   Code   RO          469    i.HAL_TIM_Encoder_MspInit  stm32f1xx_hal_msp.o
    0x08002390   0x08002390   0x0000008e   Code   RO         2497    i.HAL_TIM_Encoder_Start  stm32f1xx_hal_tim.o
    0x0800241e   0x0800241e   0x00000002   Code   RO         2507    i.HAL_TIM_IC_CaptureCallback  stm32f1xx_hal_tim.o
    0x08002420   0x08002420   0x00000166   Code   RO         2521    i.HAL_TIM_IRQHandler  stm32f1xx_hal_tim.o
    0x08002586   0x08002586   0x00000002   Code   RO         2524    i.HAL_TIM_OC_DelayElapsedCallback  stm32f1xx_hal_tim.o
    0x08002588   0x08002588   0x00000002   Code   RO         2551    i.HAL_TIM_PWM_PulseFinishedCallback  stm32f1xx_hal_tim.o
    0x0800258a   0x0800258a   0x00000002   PAD
    0x0800258c   0x0800258c   0x00000014   Code   RO           14    i.HAL_TIM_PeriodElapsedCallback  main.o
    0x080025a0   0x080025a0   0x00000002   Code   RO         2564    i.HAL_TIM_TriggerCallback  stm32f1xx_hal_tim.o
    0x080025a2   0x080025a2   0x00000002   Code   RO          391    i.HardFault_Handler  stm32f1xx_it.o
    0x080025a4   0x080025a4   0x00000038   Code   RO         5410    i.IntToUnicode      usbd_desc.o
    0x080025dc   0x080025dc   0x00000100   Code   RO           15    i.MX_GPIO_Init      main.o
    0x080026dc   0x080026dc   0x00000044   Code   RO           16    i.MX_SPI2_Init      main.o
    0x08002720   0x08002720   0x00000068   Code   RO           17    i.MX_TIM2_Init      main.o
    0x08002788   0x08002788   0x0000006c   Code   RO           18    i.MX_TIM3_Init      main.o
    0x080027f4   0x080027f4   0x0000006c   Code   RO           19    i.MX_TIM4_Init      main.o
    0x08002860   0x08002860   0x00000054   Code   RO         5362    i.MX_USB_DEVICE_Init  usb_device.o
    0x080028b4   0x080028b4   0x00000002   Code   RO          392    i.MemManage_Handler  stm32f1xx_it.o
    0x080028b6   0x080028b6   0x00000002   Code   RO          393    i.NMI_Handler       stm32f1xx_it.o
    0x080028b8   0x080028b8   0x000002fc   Code   RO          756    i.PCD_EP_ISR_Handler  stm32f1xx_hal_pcd.o
    0x08002bb4   0x08002bb4   0x000000f4   Code   RO         5309    i.RTTRPM_appcall    send_rttrpm.o
    0x08002ca8   0x08002ca8   0x00000034   Code   RO         5310    i.RTTRPM_init       send_rttrpm.o
    0x08002cdc   0x08002cdc   0x0000000c   Code   RO          394    i.SPI2_IRQHandler   stm32f1xx_it.o
    0x08002ce8   0x08002ce8   0x00000010   Code   RO         2187    i.SPI_DMAAbortOnError  stm32f1xx_hal_spi.o
    0x08002cf8   0x08002cf8   0x00000020   Code   RO         2198    i.SPI_EndRxTxTransaction  stm32f1xx_hal_spi.o
    0x08002d18   0x08002d18   0x00000006   Code   RO          552    i.SPI_ReceiveByte   enc28j60.o
    0x08002d1e   0x08002d1e   0x00000002   PAD
    0x08002d20   0x08002d20   0x000000b8   Code   RO         2203    i.SPI_WaitFlagStateUntilTimeout  stm32f1xx_hal_spi.o
    0x08002dd8   0x08002dd8   0x00000038   Code   RO          554    i.SPIx_WriteRead    enc28j60.o
    0x08002e10   0x08002e10   0x0000001e   Code   RO           20    i.StartDefaultTask  main.o
    0x08002e2e   0x08002e2e   0x00000002   PAD
    0x08002e30   0x08002e30   0x00000290   Code   RO           21    i.StartTask02       main.o
    0x080030c0   0x080030c0   0x000001a8   Code   RO           22    i.StartTask03       main.o
    0x08003268   0x08003268   0x00000008   Code   RO           23    i.StartTask04       main.o
    0x08003270   0x08003270   0x0000002c   Code   RO         4670    i.SysTick_Handler   port.o
    0x0800329c   0x0800329c   0x00000076   Code   RO           24    i.SystemClock_Config  main.o
    0x08003312   0x08003312   0x00000002   Code   RO         3445    i.SystemInit        system_stm32f1xx.o
    0x08003314   0x08003314   0x0000000c   Code   RO          395    i.TIM1_UP_IRQHandler  stm32f1xx_it.o
    0x08003320   0x08003320   0x0000006c   Code   RO         2566    i.TIM_Base_SetConfig  stm32f1xx_hal_tim.o
    0x0800338c   0x0800338c   0x0000001a   Code   RO         2567    i.TIM_CCxChannelCmd  stm32f1xx_hal_tim.o
    0x080033a6   0x080033a6   0x00000046   Code   RO         6016    i.USBD_CDC_DataIn   usbd_cdc.o
    0x080033ec   0x080033ec   0x0000002e   Code   RO         6017    i.USBD_CDC_DataOut  usbd_cdc.o
    0x0800341a   0x0800341a   0x00000044   Code   RO         6018    i.USBD_CDC_DeInit   usbd_cdc.o
    0x0800345e   0x0800345e   0x00000024   Code   RO         6019    i.USBD_CDC_EP0_RxReady  usbd_cdc.o
    0x08003482   0x08003482   0x00000002   PAD
    0x08003484   0x08003484   0x0000000c   Code   RO         6020    i.USBD_CDC_GetDeviceQualifierDescriptor  usbd_cdc.o
    0x08003490   0x08003490   0x0000000c   Code   RO         6021    i.USBD_CDC_GetFSCfgDesc  usbd_cdc.o
    0x0800349c   0x0800349c   0x0000000c   Code   RO         6022    i.USBD_CDC_GetHSCfgDesc  usbd_cdc.o
    0x080034a8   0x080034a8   0x0000000c   Code   RO         6023    i.USBD_CDC_GetOtherSpeedCfgDesc  usbd_cdc.o
    0x080034b4   0x080034b4   0x00000094   Code   RO         6024    i.USBD_CDC_Init     usbd_cdc.o
    0x08003548   0x08003548   0x00000028   Code   RO         6025    i.USBD_CDC_ReceivePacket  usbd_cdc.o
    0x08003570   0x08003570   0x00000010   Code   RO         6026    i.USBD_CDC_RegisterInterface  usbd_cdc.o
    0x08003580   0x08003580   0x0000000c   Code   RO         6027    i.USBD_CDC_SetRxBuffer  usbd_cdc.o
    0x0800358c   0x0800358c   0x00000010   Code   RO         6028    i.USBD_CDC_SetTxBuffer  usbd_cdc.o
    0x0800359c   0x0800359c   0x000000ac   Code   RO         6029    i.USBD_CDC_Setup    usbd_cdc.o
    0x08003648   0x08003648   0x0000000e   Code   RO         5753    i.USBD_ClrClassConfig  usbd_core.o
    0x08003656   0x08003656   0x00000010   Code   RO         5956    i.USBD_CtlContinueRx  usbd_ioreq.o
    0x08003666   0x08003666   0x00000010   Code   RO         5957    i.USBD_CtlContinueSendData  usbd_ioreq.o
    0x08003676   0x08003676   0x00000016   Code   RO         5891    i.USBD_CtlError     usbd_ctlreq.o
    0x0800368c   0x0800368c   0x0000001e   Code   RO         5958    i.USBD_CtlPrepareRx  usbd_ioreq.o
    0x080036aa   0x080036aa   0x00000016   Code   RO         5959    i.USBD_CtlReceiveStatus  usbd_ioreq.o
    0x080036c0   0x080036c0   0x0000001a   Code   RO         5960    i.USBD_CtlSendData  usbd_ioreq.o
    0x080036da   0x080036da   0x00000016   Code   RO         5961    i.USBD_CtlSendStatus  usbd_ioreq.o
    0x080036f0   0x080036f0   0x00000020   Code   RO         5411    i.USBD_FS_ConfigStrDescriptor  usbd_desc.o
    0x08003710   0x08003710   0x0000000c   Code   RO         5412    i.USBD_FS_DeviceDescriptor  usbd_desc.o
    0x0800371c   0x0800371c   0x00000024   Code   RO         5413    i.USBD_FS_InterfaceStrDescriptor  usbd_desc.o
    0x08003740   0x08003740   0x0000000c   Code   RO         5414    i.USBD_FS_LangIDStrDescriptor  usbd_desc.o
    0x0800374c   0x0800374c   0x00000024   Code   RO         5415    i.USBD_FS_ManufacturerStrDescriptor  usbd_desc.o
    0x08003770   0x08003770   0x00000028   Code   RO         5416    i.USBD_FS_ProductStrDescriptor  usbd_desc.o
    0x08003798   0x08003798   0x00000038   Code   RO         5417    i.USBD_FS_SerialStrDescriptor  usbd_desc.o
    0x080037d0   0x080037d0   0x000000e8   Code   RO         5892    i.USBD_GetDescriptor  usbd_ctlreq.o
    0x080038b8   0x080038b8   0x00000048   Code   RO         5893    i.USBD_GetString    usbd_ctlreq.o
    0x08003900   0x08003900   0x00000018   Code   RO         5555    i.USBD_Get_USB_Status  usbd_conf.o
    0x08003918   0x08003918   0x0000002a   Code   RO         5755    i.USBD_Init         usbd_core.o
    0x08003942   0x08003942   0x00000012   Code   RO         5556    i.USBD_LL_ClearStallEP  usbd_conf.o
    0x08003954   0x08003954   0x00000012   Code   RO         5557    i.USBD_LL_CloseEP   usbd_conf.o
    0x08003966   0x08003966   0x000000c6   Code   RO         5756    i.USBD_LL_DataInStage  usbd_core.o
    0x08003a2c   0x08003a2c   0x00000082   Code   RO         5757    i.USBD_LL_DataOutStage  usbd_core.o
    0x08003aae   0x08003aae   0x00000008   Code   RO         5561    i.USBD_LL_GetRxDataSize  usbd_conf.o
    0x08003ab6   0x08003ab6   0x00000002   PAD
    0x08003ab8   0x08003ab8   0x00000080   Code   RO         5562    i.USBD_LL_Init      usbd_conf.o
    0x08003b38   0x08003b38   0x00000020   Code   RO         5563    i.USBD_LL_IsStallEP  usbd_conf.o
    0x08003b58   0x08003b58   0x00000018   Code   RO         5564    i.USBD_LL_OpenEP    usbd_conf.o
    0x08003b70   0x08003b70   0x00000012   Code   RO         5565    i.USBD_LL_PrepareReceive  usbd_conf.o
    0x08003b82   0x08003b82   0x00000050   Code   RO         5762    i.USBD_LL_Reset     usbd_core.o
    0x08003bd2   0x08003bd2   0x00000014   Code   RO         5763    i.USBD_LL_Resume    usbd_core.o
    0x08003be6   0x08003be6   0x00000018   Code   RO         5764    i.USBD_LL_SOF       usbd_core.o
    0x08003bfe   0x08003bfe   0x00000006   Code   RO         5765    i.USBD_LL_SetSpeed  usbd_core.o
    0x08003c04   0x08003c04   0x00000012   Code   RO         5566    i.USBD_LL_SetUSBAddress  usbd_conf.o
    0x08003c16   0x08003c16   0x0000005a   Code   RO         5766    i.USBD_LL_SetupStage  usbd_core.o
    0x08003c70   0x08003c70   0x00000012   Code   RO         5567    i.USBD_LL_StallEP   usbd_conf.o
    0x08003c82   0x08003c82   0x00000012   Code   RO         5568    i.USBD_LL_Start     usbd_conf.o
    0x08003c94   0x08003c94   0x00000012   Code   RO         5767    i.USBD_LL_Suspend   usbd_core.o
    0x08003ca6   0x08003ca6   0x00000012   Code   RO         5570    i.USBD_LL_Transmit  usbd_conf.o
    0x08003cb8   0x08003cb8   0x00000028   Code   RO         5894    i.USBD_ParseSetupRequest  usbd_ctlreq.o
    0x08003ce0   0x08003ce0   0x00000010   Code   RO         5768    i.USBD_RegisterClass  usbd_core.o
    0x08003cf0   0x08003cf0   0x00000016   Code   RO         5770    i.USBD_SetClassConfig  usbd_core.o
    0x08003d06   0x08003d06   0x00000002   PAD
    0x08003d08   0x08003d08   0x00000084   Code   RO         5895    i.USBD_SetConfig    usbd_ctlreq.o
    0x08003d8c   0x08003d8c   0x0000000a   Code   RO         5771    i.USBD_Start        usbd_core.o
    0x08003d96   0x08003d96   0x00000112   Code   RO         5896    i.USBD_StdDevReq    usbd_ctlreq.o
    0x08003ea8   0x08003ea8   0x00000150   Code   RO         5897    i.USBD_StdEPReq     usbd_ctlreq.o
    0x08003ff8   0x08003ff8   0x0000004e   Code   RO         5898    i.USBD_StdItfReq    usbd_ctlreq.o
    0x08004046   0x08004046   0x00000002   Code   RO         5571    i.USBD_static_free  usbd_conf.o
    0x08004048   0x08004048   0x00000008   Code   RO         5572    i.USBD_static_malloc  usbd_conf.o
    0x08004050   0x08004050   0x00000258   Code   RO          994    i.USB_ActivateEndpoint  stm32f1xx_ll_usb.o
    0x080042a8   0x080042a8   0x00000004   Code   RO          997    i.USB_CoreInit      stm32f1xx_ll_usb.o
    0x080042ac   0x080042ac   0x0000010e   Code   RO          999    i.USB_DeactivateEndpoint  stm32f1xx_ll_usb.o
    0x080043ba   0x080043ba   0x00000004   Code   RO         1000    i.USB_DevConnect    stm32f1xx_ll_usb.o
    0x080043be   0x080043be   0x00000004   Code   RO         1001    i.USB_DevDisconnect  stm32f1xx_ll_usb.o
    0x080043c2   0x080043c2   0x00000012   Code   RO         1002    i.USB_DevInit       stm32f1xx_ll_usb.o
    0x080043d4   0x080043d4   0x0000000e   Code   RO         1003    i.USB_DisableGlobalInt  stm32f1xx_ll_usb.o
    0x080043e2   0x080043e2   0x00000004   Code   RO         1004    i.USB_EP0_OutStart  stm32f1xx_ll_usb.o
    0x080043e6   0x080043e6   0x00000078   Code   RO         1005    i.USB_EPClearStall  stm32f1xx_ll_usb.o
    0x0800445e   0x0800445e   0x00000032   Code   RO         1006    i.USB_EPSetStall    stm32f1xx_ll_usb.o
    0x08004490   0x08004490   0x000004ce   Code   RO         1007    i.USB_EPStartXfer   stm32f1xx_ll_usb.o
    0x0800495e   0x0800495e   0x00000012   Code   RO         1008    i.USB_EnableGlobalInt  stm32f1xx_ll_usb.o
    0x08004970   0x08004970   0x0000000c   Code   RO          396    i.USB_LP_CAN1_RX0_IRQHandler  stm32f1xx_it.o
    0x0800497c   0x0800497c   0x00000006   Code   RO         1015    i.USB_ReadInterrupts  stm32f1xx_ll_usb.o
    0x08004982   0x08004982   0x00000002   PAD
    0x08004984   0x08004984   0x0000002c   Code   RO         1016    i.USB_ReadPMA       stm32f1xx_ll_usb.o
    0x080049b0   0x080049b0   0x00000004   Code   RO         1017    i.USB_SetCurrentMode  stm32f1xx_ll_usb.o
    0x080049b4   0x080049b4   0x0000000c   Code   RO         1018    i.USB_SetDevAddress  stm32f1xx_ll_usb.o
    0x080049c0   0x080049c0   0x00000026   Code   RO         1020    i.USB_WritePMA      stm32f1xx_ll_usb.o
    0x080049e6   0x080049e6   0x00000002   Code   RO          397    i.UsageFault_Handler  stm32f1xx_it.o
    0x080049e8   0x080049e8   0x00000028   Code   RO         6379    i.__0sprintf        mc_w.l(printfa.o)
    0x08004a10   0x08004a10   0x00000020   Code   RO         1662    i.__NVIC_SetPriority  stm32f1xx_hal_cortex.o
    0x08004a30   0x08004a30   0x00000008   Code   RO         6442    i.__aeabi_errno_addr  mc_w.l(errno.o)
    0x08004a38   0x08004a38   0x0000000e   Code   RO         6500    i.__scatterload_copy  mc_w.l(handlers.o)
    0x08004a46   0x08004a46   0x00000002   Code   RO         6501    i.__scatterload_null  mc_w.l(handlers.o)
    0x08004a48   0x08004a48   0x0000000e   Code   RO         6502    i.__scatterload_zeroinit  mc_w.l(handlers.o)
    0x08004a56   0x08004a56   0x00000002   PAD
    0x08004a58   0x08004a58   0x00000184   Code   RO         6384    i._fp_digits        mc_w.l(printfa.o)
    0x08004bdc   0x08004bdc   0x000006b4   Code   RO         6385    i._printf_core      mc_w.l(printfa.o)
    0x08005290   0x08005290   0x00000024   Code   RO         6386    i._printf_post_padding  mc_w.l(printfa.o)
    0x080052b4   0x080052b4   0x0000002e   Code   RO         6387    i._printf_pre_padding  mc_w.l(printfa.o)
    0x080052e2   0x080052e2   0x0000000a   Code   RO         6389    i._sputc            mc_w.l(printfa.o)
    0x080052ec   0x080052ec   0x00000062   Code   RO         4821    i.buf_bufto         psock.o
    0x0800534e   0x0800534e   0x0000003a   Code   RO         4940    i.chksum            uip.o
    0x08005388   0x08005388   0x00000004   Code   RO         4746    i.clock_time        clock-arch.o
    0x0800538c   0x0800538c   0x0000004c   Code   RO         4822    i.data_acked        psock.o
    0x080053d8   0x080053d8   0x00000006   Code   RO          557    i.enc28j60PhyReadScan  enc28j60.o
    0x080053de   0x080053de   0x0000001c   Code   RO          558    i.enc28j60PhystartScan  enc28j60.o
    0x080053fa   0x080053fa   0x00000002   PAD
    0x080053fc   0x080053fc   0x00000030   Code   RO          559    i.enc28j60_SetBank  enc28j60.o
    0x0800542c   0x0800542c   0x00000120   Code   RO          561    i.enc28j60_ini      enc28j60.o
    0x0800554c   0x0800554c   0x00000080   Code   RO          562    i.enc28j60_packetReceive  enc28j60.o
    0x080055cc   0x080055cc   0x0000006c   Code   RO          563    i.enc28j60_packetSend  enc28j60.o
    0x08005638   0x08005638   0x00000044   Code   RO          564    i.enc28j60_readBuf  enc28j60.o
    0x0800567c   0x0800567c   0x0000004c   Code   RO          565    i.enc28j60_readOp   enc28j60.o
    0x080056c8   0x080056c8   0x00000014   Code   RO          566    i.enc28j60_readRegByte  enc28j60.o
    0x080056dc   0x080056dc   0x0000003c   Code   RO          567    i.enc28j60_writeBuf  enc28j60.o
    0x08005718   0x08005718   0x00000040   Code   RO          568    i.enc28j60_writeOp  enc28j60.o
    0x08005758   0x08005758   0x00000020   Code   RO          569    i.enc28j60_writePhy  enc28j60.o
    0x08005778   0x08005778   0x0000001a   Code   RO          570    i.enc28j60_writeReg  enc28j60.o
    0x08005792   0x08005792   0x00000018   Code   RO          571    i.enc28j60_writeRegByte  enc28j60.o
    0x080057aa   0x080057aa   0x00000002   PAD
    0x080057ac   0x080057ac   0x00000074   Code   RO         4761    i.handle_connection  hello-world.o
    0x08005820   0x08005820   0x000003e8   Code   RO         4762    i.handle_connection_command  hello-world.o
    0x08005c08   0x08005c08   0x000000a8   Code   RO         4763    i.hello_world_appcall  hello-world.o
    0x08005cb0   0x08005cb0   0x0000000a   Code   RO         4941    i.htons             uip.o
    0x08005cba   0x08005cba   0x00000002   PAD
    0x08005cbc   0x08005cbc   0x00000058   Code   RO           25    i.led_chanel_off    main.o
    0x08005d14   0x08005d14   0x00000058   Code   RO           26    i.led_chanel_on     main.o
    0x08005d6c   0x08005d6c   0x00000050   Code   RO           27    i.led_chanel_toggle  main.o
    0x08005dbc   0x08005dbc   0x00000160   Code   RO           28    i.main              main.o
    0x08005f1c   0x08005f1c   0x0000000c   Code   RO         4241    i.makeFreeRtosPriority  cmsis_os.o
    0x08005f28   0x08005f28   0x0000000e   Code   RO         4243    i.osDelay           cmsis_os.o
    0x08005f36   0x08005f36   0x0000000a   Code   RO         4246    i.osKernelStart     cmsis_os.o
    0x08005f40   0x08005f40   0x00000054   Code   RO         4280    i.osThreadCreate    cmsis_os.o
    0x08005f94   0x08005f94   0x00000070   Code   RO         3938    i.prvAddCurrentTaskToDelayedList  tasks.o
    0x08006004   0x08006004   0x000000d0   Code   RO         3939    i.prvAddNewTaskToReadyList  tasks.o
    0x080060d4   0x080060d4   0x00000026   Code   RO         3623    i.prvCopyDataFromQueue  queue.o
    0x080060fa   0x080060fa   0x0000006c   Code   RO         3624    i.prvCopyDataToQueue  queue.o
    0x08006166   0x08006166   0x00000034   Code   RO         3940    i.prvDeleteTCB      tasks.o
    0x0800619a   0x0800619a   0x00000002   PAD
    0x0800619c   0x0800619c   0x0000004c   Code   RO         4608    i.prvHeapInit       heap_4.o
    0x080061e8   0x080061e8   0x00000060   Code   RO         3941    i.prvIdleTask       tasks.o
    0x08006248   0x08006248   0x00000016   Code   RO         3626    i.prvInitialiseNewQueue  queue.o
    0x0800625e   0x0800625e   0x0000008e   Code   RO         3942    i.prvInitialiseNewTask  tasks.o
    0x080062ec   0x080062ec   0x0000004c   Code   RO         4609    i.prvInsertBlockIntoFreeList  heap_4.o
    0x08006338   0x08006338   0x0000001c   Code   RO         3627    i.prvIsQueueEmpty   queue.o
    0x08006354   0x08006354   0x00000020   Code   RO         3943    i.prvResetNextTaskUnblockTime  tasks.o
    0x08006374   0x08006374   0x00000028   Code   RO         4671    i.prvTaskExitError  port.o
    0x0800639c   0x0800639c   0x0000006a   Code   RO         3628    i.prvUnlockQueue    queue.o
    0x08006406   0x08006406   0x00000018   Code   RO         4825    i.psock_init        psock.o
    0x0800641e   0x0800641e   0x00000002   PAD
    0x08006420   0x08006420   0x00000028   Code   RO         4826    i.psock_newdata     psock.o
    0x08006448   0x08006448   0x00000084   Code   RO         4828    i.psock_readto      psock.o
    0x080064cc   0x080064cc   0x0000004c   Code   RO         4829    i.psock_send        psock.o
    0x08006518   0x08006518   0x000000d8   Code   RO         4610    i.pvPortMalloc      heap_4.o
    0x080065f0   0x080065f0   0x00000024   Code   RO         4672    i.pxPortInitialiseStack  port.o
    0x08006614   0x08006614   0x0000002c   Code   RO           29    i.read_encoder      main.o
    0x08006640   0x08006640   0x00000014   Code   RO           30    i.reset_encoder     main.o
    0x08006654   0x08006654   0x00000040   Code   RO         4830    i.send_data         psock.o
    0x08006694   0x08006694   0x0000000e   Code   RO         4910    i.timer_set         timer.o
    0x080066a2   0x080066a2   0x00000002   PAD
    0x080066a4   0x080066a4   0x0000005c   Code   RO         4942    i.uip_add32         uip.o
    0x08006700   0x08006700   0x0000002c   Code   RO         4943    i.uip_add_rcv_nxt   uip.o
    0x0800672c   0x0800672c   0x000000a8   Code   RO         5072    i.uip_arp_arpin     uip_arp.o
    0x080067d4   0x080067d4   0x0000002c   Code   RO         5073    i.uip_arp_init      uip_arp.o
    0x08006800   0x08006800   0x00000184   Code   RO         5074    i.uip_arp_out       uip_arp.o
    0x08006984   0x08006984   0x00000044   Code   RO         5075    i.uip_arp_timer     uip_arp.o
    0x080069c8   0x080069c8   0x000000b4   Code   RO         5076    i.uip_arp_update    uip_arp.o
    0x08006a7c   0x08006a7c   0x00000064   Code   RO         4946    i.uip_init          uip.o
    0x08006ae0   0x08006ae0   0x00000024   Code   RO         4947    i.uip_ipchksum      uip.o
    0x08006b04   0x08006b04   0x00000002   Code   RO           31    i.uip_log           main.o
    0x08006b06   0x08006b06   0x00000002   PAD
    0x08006b08   0x08006b08   0x00000b88   Code   RO         4949    i.uip_process       uip.o
    0x08007690   0x08007690   0x00000020   Code   RO         4950    i.uip_send          uip.o
    0x080076b0   0x080076b0   0x00000006   Code   RO         4952    i.uip_tcpchksum     uip.o
    0x080076b6   0x080076b6   0x00000002   PAD
    0x080076b8   0x080076b8   0x00000098   Code   RO         4953    i.uip_udp_new       uip.o
    0x08007750   0x08007750   0x00000006   Code   RO         4954    i.uip_udpchksum     uip.o
    0x08007756   0x08007756   0x00000002   PAD
    0x08007758   0x08007758   0x00000044   Code   RO         4956    i.upper_layer_chksum  uip.o
    0x0800779c   0x0800779c   0x00000026   Code   RO         3583    i.uxListRemove      list.o
    0x080077c2   0x080077c2   0x00000024   Code   RO         3629    i.uxQueueMessagesWaiting  queue.o
    0x080077e6   0x080077e6   0x00000002   PAD
    0x080077e8   0x080077e8   0x00000014   Code   RO          355    i.vApplicationGetIdleTaskMemory  freertos.o
    0x080077fc   0x080077fc   0x00000016   Code   RO         3584    i.vListInitialise   list.o
    0x08007812   0x08007812   0x00000006   Code   RO         3585    i.vListInitialiseItem  list.o
    0x08007818   0x08007818   0x00000030   Code   RO         3586    i.vListInsert       list.o
    0x08007848   0x08007848   0x00000018   Code   RO         3587    i.vListInsertEnd    list.o
    0x08007860   0x08007860   0x00000040   Code   RO         4674    i.vPortEnterCritical  port.o
    0x080078a0   0x080078a0   0x00000028   Code   RO         4675    i.vPortExitCritical  port.o
    0x080078c8   0x080078c8   0x0000005c   Code   RO         4611    i.vPortFree         heap_4.o
    0x08007924   0x08007924   0x00000024   Code   RO         4676    i.vPortSetupTimerInterrupt  port.o
    0x08007948   0x08007948   0x0000004c   Code   RO         3951    i.vTaskDelay        tasks.o
    0x08007994   0x08007994   0x00000010   Code   RO         3954    i.vTaskInternalSetTimeOutState  tasks.o
    0x080079a4   0x080079a4   0x0000000c   Code   RO         3955    i.vTaskMissedYield  tasks.o
    0x080079b0   0x080079b0   0x00000030   Code   RO         3957    i.vTaskPlaceOnEventList  tasks.o
    0x080079e0   0x080079e0   0x0000006c   Code   RO         3964    i.vTaskStartScheduler  tasks.o
    0x08007a4c   0x08007a4c   0x00000010   Code   RO         3966    i.vTaskSuspendAll   tasks.o
    0x08007a5c   0x08007a5c   0x0000005c   Code   RO         3967    i.vTaskSwitchContext  tasks.o
    0x08007ab8   0x08007ab8   0x000000a8   Code   RO         4678    i.xPortStartScheduler  port.o
    0x08007b60   0x08007b60   0x00000048   Code   RO         3637    i.xQueueGenericCreate  queue.o
    0x08007ba8   0x08007ba8   0x00000088   Code   RO         3639    i.xQueueGenericReset  queue.o
    0x08007c30   0x08007c30   0x00000160   Code   RO         3640    i.xQueueGenericSend  queue.o
    0x08007d90   0x08007d90   0x00000138   Code   RO         3647    i.xQueueReceive     queue.o
    0x08007ec8   0x08007ec8   0x00000074   Code   RO         3968    i.xTaskCheckForTimeOut  tasks.o
    0x08007f3c   0x08007f3c   0x0000005a   Code   RO         3969    i.xTaskCreate       tasks.o
    0x08007f96   0x08007f96   0x00000056   Code   RO         3970    i.xTaskCreateStatic  tasks.o
    0x08007fec   0x08007fec   0x0000001c   Code   RO         3974    i.xTaskGetSchedulerState  tasks.o
    0x08008008   0x08008008   0x000000c8   Code   RO         3977    i.xTaskIncrementTick  tasks.o
    0x080080d0   0x080080d0   0x00000098   Code   RO         3980    i.xTaskPriorityDisinherit  tasks.o
    0x08008168   0x08008168   0x00000074   Code   RO         3982    i.xTaskRemoveFromEventList  tasks.o
    0x080081dc   0x080081dc   0x000000c4   Code   RO         3983    i.xTaskResumeAll    tasks.o
    0x080082a0   0x080082a0   0x00000078   Data   RO           33    .constdata          main.o
    0x08008318   0x08008318   0x00000010   Data   RO         3446    .constdata          system_stm32f1xx.o
    0x08008328   0x08008328   0x00000008   Data   RO         3447    .constdata          system_stm32f1xx.o
    0x08008330   0x08008330   0x00000016   Data   RO         5078    .constdata          uip_arp.o
    0x08008346   0x08008346   0x00000081   Data   RO         6466    .constdata          mc_w.l(ctype_o.o)
    0x080083c7   0x080083c7   0x00000001   PAD
    0x080083c8   0x080083c8   0x00000004   Data   RO         6467    .constdata          mc_w.l(ctype_o.o)
    0x080083cc   0x080083cc   0x00000030   Data   RO           34    .conststring        main.o
    0x080083fc   0x080083fc   0x0000005d   Data   RO         4765    .conststring        hello-world.o
    0x08008459   0x08008459   0x00000003   PAD
    0x0800845c   0x0800845c   0x00000020   Data   RO         6498    Region$$Table       anon$$obj.o


    Execution Region RW_IRAM1 (Exec base: 0x20000000, Load base: 0x0800847c, Size: 0x00004fc8, Max: 0x00005000, ABSOLUTE, COMPRESSED[0x000000dc])

    Exec Addr    Load Addr    Size         Type   Attr      Idx    E Section Name        Object

    0x20000000   COMPRESSED   0x00000001   Data   RW           37    .data               main.o
    0x20000001   COMPRESSED   0x00000003   PAD
    0x20000004   COMPRESSED   0x00000004   Data   RW           38    .data               main.o
    0x20000008   COMPRESSED   0x00000004   Data   RW           39    .data               main.o
    0x2000000c   COMPRESSED   0x00000020   Data   RW           41    .data               main.o
    0x2000002c   COMPRESSED   0x0000000e   Data   RW          572    .data               enc28j60.o
    0x2000003a   COMPRESSED   0x00000002   PAD
    0x2000003c   COMPRESSED   0x0000000c   Data   RW         1199    .data               stm32f1xx_hal.o
    0x20000048   COMPRESSED   0x00000004   Data   RW         3448    .data               system_stm32f1xx.o
    0x2000004c   COMPRESSED   0x0000003c   Data   RW         3986    .data               tasks.o
    0x20000088   COMPRESSED   0x00000018   Data   RW         4616    .data               heap_4.o
    0x200000a0   COMPRESSED   0x0000000c   Data   RW         4679    .data               port.o
    0x200000ac   COMPRESSED   0x00000008   Data   RW         4767    .data               hello-world.o
    0x200000b4   COMPRESSED   0x00000006   Data   RW         4960    .data               uip.o
    0x200000ba   COMPRESSED   0x00000002   PAD
    0x200000bc   COMPRESSED   0x0000002c   Data   RW         4961    .data               uip.o
    0x200000e8   COMPRESSED   0x00000004   Data   RW         4962    .data               uip.o
    0x200000ec   COMPRESSED   0x00000004   Data   RW         4963    .data               uip.o
    0x200000f0   COMPRESSED   0x00000010   Data   RW         5081    .data               uip_arp.o
    0x20000100   COMPRESSED   0x00000045   Data   RW         5312    .data               send_rttrpm.o
    0x20000145   COMPRESSED   0x00000003   PAD
    0x20000148   COMPRESSED   0x0000001c   Data   RW         5419    .data               usbd_desc.o
    0x20000164   COMPRESSED   0x00000032   Data   RW         5420    .data               usbd_desc.o
    0x20000196   COMPRESSED   0x00000002   PAD
    0x20000198   COMPRESSED   0x00000010   Data   RW         5495    .data               usbd_cdc_if.o
    0x200001a8   COMPRESSED   0x00000001   Data   RW         5899    .data               usbd_ctlreq.o
    0x200001a9   COMPRESSED   0x00000003   PAD
    0x200001ac   COMPRESSED   0x000000d7   Data   RW         6031    .data               usbd_cdc.o
    0x20000283   COMPRESSED   0x00000001   PAD
    0x20000284   COMPRESSED   0x00000038   Data   RW         6032    .data               usbd_cdc.o
    0x200002bc   COMPRESSED   0x00000004   Data   RW         6137    .data               mc_w.l(strtok.o)
    0x200002c0   COMPRESSED   0x00000004   Data   RW         6445    .data               mc_w.l(errno.o)
    0x200002c4   COMPRESSED   0x00000004   PAD
    0x200002c8        -       0x00000178   Zero   RW           32    .bss                main.o
    0x20000440        -       0x00000254   Zero   RW          356    .bss                freertos.o
    0x20000694        -       0x00000048   Zero   RW          516    .bss                stm32f1xx_hal_timebase_tim.o
    0x200006dc        -       0x000000f0   Zero   RW         3985    .bss                tasks.o
    0x200007cc        -       0x00000c00   Zero   RW         4615    .bss                heap_4.o
    0x200013cc        -       0x000025c8   Zero   RW         4957    .bss                uip.o
    0x20003994        -       0x00000060   Zero   RW         5077    .bss                uip_arp.o
    0x200039f4        -       0x00000034   Zero   RW         5311    .bss                send_rttrpm.o
    0x20003a28        -       0x000002c4   Zero   RW         5363    .bss                usb_device.o
    0x20003cec        -       0x00000200   Zero   RW         5418    .bss                usbd_desc.o
    0x20003eec        -       0x000007d0   Zero   RW         5494    .bss                usbd_cdc_if.o
    0x200046bc        -       0x0000050c   Zero   RW         5573    .bss                usbd_conf.o
    0x20004bc8        -       0x00000400   Zero   RW            1    STACK               startup_stm32f103xb.o


==============================================================================

Image component sizes


      Code (inc. data)   RO Data    RW Data    ZI Data      Debug   Object Name

         4          0          0          0          0        405   clock-arch.o
       120          0          0          0          0      22113   cmsis_os.o
      1038         56          0         14          0       9083   enc28j60.o
         0          0          0          0          0      18076   event_groups.o
        20          4          0          0        596       1152   freertos.o
       460         24          0         24       3072       7035   heap_4.o
      1284        214         93          8          0       5540   hello-world.o
       138          0          0          0          0       3222   list.o
      2578        198        168         41        376     496607   main.o
       578         60          0         12          0      10028   port.o
       510         34          0          0          0       5221   psock.o
      1210         14          0          0          0      11384   queue.o
       296         42          0         69         52       3050   send_rttrpm.o
        36          8        236          0       1024        776   startup_stm32f103xb.o
       100         18          0         12          0       5046   stm32f1xx_hal.o
       158         14          0          0          0      28038   stm32f1xx_hal_cortex.o
       152          4          0          0          0       1047   stm32f1xx_hal_dma.o
       516         34          0          0          0       3992   stm32f1xx_hal_gpio.o
       396         46          0          0          0       2374   stm32f1xx_hal_msp.o
      2684          0          0          0          0      12765   stm32f1xx_hal_pcd.o
        60          0          0          0          0       1118   stm32f1xx_hal_pcd_ex.o
      1304         98          0          0          0       5082   stm32f1xx_hal_rcc.o
       236         12          0          0          0       1324   stm32f1xx_hal_rcc_ex.o
      1118          8          0          0          0       6530   stm32f1xx_hal_spi.o
       986         26          0          0          0       9151   stm32f1xx_hal_tim.o
       108         12          0          0          0       2257   stm32f1xx_hal_tim_ex.o
       116         18          0          0         72       1335   stm32f1xx_hal_timebase_tim.o
        48         18          0          0          0       3653   stm32f1xx_it.o
      2440          0          0          0          0      15507   stm32f1xx_ll_usb.o
         0          0          0          0          0        392   stream_buffer.o
         2          0         24          4          0       1035   system_stm32f1xx.o
      1994        148          0         60        240      20866   tasks.o
        14          0          0          0          0        720   timer.o
      3556        446          0         58       9672      17850   uip.o
       848         88         22         16         96       4452   uip_arp.o
        84         18          0          0        708       2459   usb_device.o
       672         16          0        271          0      11820   usbd_cdc.o
        68         16          0         16       2000       2442   usbd_cdc_if.o
       556         30          0          0       1292      13497   usbd_conf.o
       670          0          0          0          0       9071   usbd_core.o
      1186         28          0          1          0       7664   usbd_ctlreq.o
       280         96          0         78        512       5629   usbd_desc.o
       132          0          0          0          0       4128   usbd_ioreq.o

    ----------------------------------------------------------------------
     28808       1848        578        700      19712     794936   Object Totals
         0          0         32          0          0          0   (incl. Generated)
        52          0          3         16          0          0   (incl. Padding)

    ----------------------------------------------------------------------

      Code (inc. data)   RO Data    RW Data    ZI Data      Debug   Library Member Name

        86          0          0          0          0          0   __dczerorl2.o
        28          0          0          0          0         68   _chval.o
       158          0          0          0          0         92   _strtoul.o
        26          0          0          0          0         80   atoi.o
         8          4        133          0          0         68   ctype_o.o
         0          0          0          0          0          0   entry.o
         0          0          0          0          0          0   entry10a.o
         0          0          0          0          0          0   entry11a.o
         4          0          0          0          0          0   entry12b.o
         8          4          0          0          0          0   entry2.o
         4          0          0          0          0          0   entry5.o
         0          0          0          0          0          0   entry7b.o
         0          0          0          0          0          0   entry8b.o
         8          4          0          0          0          0   entry9a.o
         8          4          0          4          0         68   errno.o
        30          0          0          0          0          0   handlers.o
        36          8          0          0          0         68   init.o
         0          0          0          0          0          0   iusefp.o
        30          0          0          0          0         68   llshl.o
        36          0          0          0          0         68   llsshr.o
        32          0          0          0          0         68   llushr.o
        36          0          0          0          0         68   memcpya.o
        36          0          0          0          0        108   memseta.o
      2236         86          0          0          0        532   printfa.o
        20          0          0          0          0         68   strchr.o
        14          0          0          0          0         68   strlen.o
        36          0          0          0          0         80   strstr.o
        68          6          0          4          0         80   strtok.o
       112          0          0          0          0         88   strtol.o
        44          0          0          0          0         80   uidiv.o
        98          0          0          0          0         92   uldiv.o
        48          0          0          0          0         68   cdrcmple.o
       334          0          0          0          0        148   dadd.o
       222          0          0          0          0        100   ddiv.o
       186          0          0          0          0        176   depilogue.o
        62          0          0          0          0         80   dfixi.o
        48          0          0          0          0         68   dfixul.o
        34          0          0          0          0         76   dflti.o
        26          0          0          0          0         76   dfltui.o
       228          0          0          0          0         96   dmul.o

    ----------------------------------------------------------------------
      4396        116        134          8          4       2800   Library Totals
         6          0          1          0          4          0   (incl. Padding)

    ----------------------------------------------------------------------

      Code (inc. data)   RO Data    RW Data    ZI Data      Debug   Library Name

      3202        116        133          8          0       1912   mc_w.l
      1188          0          0          0          0        888   mf_w.l

    ----------------------------------------------------------------------
      4396        116        134          8          4       2800   Library Totals

    ----------------------------------------------------------------------

==============================================================================


      Code (inc. data)   RO Data    RW Data    ZI Data      Debug   

     33204       1964        712        708      19716     781848   Grand Totals
     33204       1964        712        220      19716     781848   ELF Image Totals (compressed)
     33204       1964        712        220          0          0   ROM Totals

==============================================================================

    Total RO  Size (Code + RO Data)                33916 (  33.12kB)
    Total RW  Size (RW Data + ZI Data)             20424 (  19.95kB)
    Total ROM Size (Code + RO Data + RW Data)      34136 (  33.34kB)

==============================================================================

