Component: ARM Compiler 5.06 update 7 (build 960) Tool: armlink [4d3601]

==============================================================================

Section Cross References

    startup_stm32f103xb.o(RESET) refers to startup_stm32f103xb.o(STACK) for __initial_sp
    startup_stm32f103xb.o(RESET) refers to startup_stm32f103xb.o(.text) for Reset_Handler
    startup_stm32f103xb.o(RESET) refers to stm32f1xx_it.o(i.NMI_Handler) for NMI_Handler
    startup_stm32f103xb.o(RESET) refers to stm32f1xx_it.o(i.HardFault_Handler) for HardFault_Handler
    startup_stm32f103xb.o(RESET) refers to stm32f1xx_it.o(i.MemManage_Handler) for MemManage_Handler
    startup_stm32f103xb.o(RESET) refers to stm32f1xx_it.o(i.BusFault_Handler) for BusFault_Handler
    startup_stm32f103xb.o(RESET) refers to stm32f1xx_it.o(i.UsageFault_Handler) for UsageFault_Handler
    startup_stm32f103xb.o(RESET) refers to port.o(.emb_text) for SVC_Handler
    startup_stm32f103xb.o(RESET) refers to stm32f1xx_it.o(i.DebugMon_Handler) for DebugMon_Handler
    startup_stm32f103xb.o(RESET) refers to port.o(i.SysTick_Handler) for SysTick_Handler
    startup_stm32f103xb.o(RESET) refers to stm32f1xx_it.o(i.USB_LP_CAN1_RX0_IRQHandler) for USB_LP_CAN1_RX0_IRQHandler
    startup_stm32f103xb.o(RESET) refers to stm32f1xx_it.o(i.TIM1_UP_IRQHandler) for TIM1_UP_IRQHandler
    startup_stm32f103xb.o(RESET) refers to stm32f1xx_it.o(i.SPI2_IRQHandler) for SPI2_IRQHandler
    startup_stm32f103xb.o(.text) refers to system_stm32f1xx.o(i.SystemInit) for SystemInit
    startup_stm32f103xb.o(.text) refers to entry.o(.ARM.Collect$$$$00000000) for __main
    enc28j60.o(i.SPI_ReceiveByte) refers to enc28j60.o(i.SPIx_WriteRead) for SPIx_WriteRead
    enc28j60.o(i.SPI_SendByte) refers to enc28j60.o(i.SPIx_WriteRead) for SPIx_WriteRead
    enc28j60.o(i.SPIx_WriteRead) refers to stm32f1xx_hal_spi.o(i.HAL_SPI_TransmitReceive) for HAL_SPI_TransmitReceive
    enc28j60.o(i.SPIx_WriteRead) refers to stm32f1xx_hal_gpio.o(i.HAL_GPIO_WritePin) for HAL_GPIO_WritePin
    enc28j60.o(i.SPIx_WriteRead) refers to main.o(.bss) for hspi2
    enc28j60.o(i.enc28j60PhyReadH) refers to enc28j60.o(i.enc28j60_writeRegByte) for enc28j60_writeRegByte
    enc28j60.o(i.enc28j60PhyReadH) refers to enc28j60.o(i.enc28j60_readRegByte) for enc28j60_readRegByte
    enc28j60.o(i.enc28j60PhyReadL) refers to enc28j60.o(i.enc28j60_writeRegByte) for enc28j60_writeRegByte
    enc28j60.o(i.enc28j60PhyReadL) refers to enc28j60.o(i.enc28j60_readRegByte) for enc28j60_readRegByte
    enc28j60.o(i.enc28j60PhyReadScan) refers to enc28j60.o(i.enc28j60_readRegByte) for enc28j60_readRegByte
    enc28j60.o(i.enc28j60PhystartScan) refers to enc28j60.o(i.enc28j60_writeRegByte) for enc28j60_writeRegByte
    enc28j60.o(i.enc28j60PhystartScan) refers to cmsis_os.o(i.osDelay) for osDelay
    enc28j60.o(i.enc28j60_SetBank) refers to enc28j60.o(i.enc28j60_writeOp) for enc28j60_writeOp
    enc28j60.o(i.enc28j60_SetBank) refers to enc28j60.o(.data) for .data
    enc28j60.o(i.enc28j60_countPacket) refers to enc28j60.o(i.enc28j60_readRegByte) for enc28j60_readRegByte
    enc28j60.o(i.enc28j60_ini) refers to enc28j60.o(i.enc28j60_writeOp) for enc28j60_writeOp
    enc28j60.o(i.enc28j60_ini) refers to stm32f1xx_hal.o(i.HAL_Delay) for HAL_Delay
    enc28j60.o(i.enc28j60_ini) refers to enc28j60.o(i.enc28j60_readOp) for enc28j60_readOp
    enc28j60.o(i.enc28j60_ini) refers to enc28j60.o(i.enc28j60_writeReg) for enc28j60_writeReg
    enc28j60.o(i.enc28j60_ini) refers to enc28j60.o(i.enc28j60_readRegByte) for enc28j60_readRegByte
    enc28j60.o(i.enc28j60_ini) refers to enc28j60.o(i.enc28j60_writeRegByte) for enc28j60_writeRegByte
    enc28j60.o(i.enc28j60_ini) refers to enc28j60.o(i.enc28j60_writePhy) for enc28j60_writePhy
    enc28j60.o(i.enc28j60_ini) refers to enc28j60.o(i.enc28j60_SetBank) for enc28j60_SetBank
    enc28j60.o(i.enc28j60_ini) refers to enc28j60.o(.data) for .data
    enc28j60.o(i.enc28j60_packetReceive) refers to enc28j60.o(i.enc28j60_readRegByte) for enc28j60_readRegByte
    enc28j60.o(i.enc28j60_packetReceive) refers to enc28j60.o(i.enc28j60_writeReg) for enc28j60_writeReg
    enc28j60.o(i.enc28j60_packetReceive) refers to enc28j60.o(i.enc28j60_readBuf) for enc28j60_readBuf
    enc28j60.o(i.enc28j60_packetReceive) refers to enc28j60.o(i.enc28j60_writeOp) for enc28j60_writeOp
    enc28j60.o(i.enc28j60_packetReceive) refers to enc28j60.o(.data) for .data
    enc28j60.o(i.enc28j60_packetSend) refers to enc28j60.o(i.enc28j60_readRegByte) for enc28j60_readRegByte
    enc28j60.o(i.enc28j60_packetSend) refers to enc28j60.o(i.enc28j60_writeOp) for enc28j60_writeOp
    enc28j60.o(i.enc28j60_packetSend) refers to enc28j60.o(i.enc28j60_readOp) for enc28j60_readOp
    enc28j60.o(i.enc28j60_packetSend) refers to enc28j60.o(i.enc28j60_writeReg) for enc28j60_writeReg
    enc28j60.o(i.enc28j60_packetSend) refers to enc28j60.o(i.enc28j60_writeBuf) for enc28j60_writeBuf
[...]
    _printf_wc                               0x00000000   Number         0  stubs.o ABSOLUTE
    _printf_wctomb                           0x00000000   Number         0  stubs.o ABSOLUTE
    _printf_widthprec                        0x00000000   Number         0  stubs.o ABSOLUTE
    _printf_x                                0x00000000   Number         0  stubs.o ABSOLUTE
    __arm_fini_                               - Undefined Weak Reference
    __cpp_initialize__aeabi_                  - Undefined Weak Reference
    __cxa_finalize                            - Undefined Weak Reference
    _clock_init                               - Undefined Weak Reference
    _microlib_exit                            - Undefined Weak Reference
    __Vectors_Size                           0x000000ec   Number         0  startup_stm32f103xb.o ABSOLUTE
    __Vectors                                0x08000000   Data           4  startup_stm32f103xb.o(RESET)
    __Vectors_End                            0x080000ec   Data           0  startup_stm32f103xb.o(RESET)
    __main                                   0x080000ed   Thumb Code     0  entry.o(.ARM.Collect$$$$00000000)
    _main_stk                                0x080000ed   Thumb Code     0  entry2.o(.ARM.Collect$$$$00000001)
    _main_scatterload                        0x080000f1   Thumb Code     0  entry5.o(.ARM.Collect$$$$00000004)
    __main_after_scatterload                 0x080000f5   Thumb Code     0  entry5.o(.ARM.Collect$$$$00000004)
    _main_clock                              0x080000f5   Thumb Code     0  entry7b.o(.ARM.Collect$$$$00000008)
    _main_cpp_init                           0x080000f5   Thumb Code     0  entry8b.o(.ARM.Collect$$$$0000000A)
    _main_init                               0x080000f5   Thumb Code     0  entry9a.o(.ARM.Collect$$$$0000000B)
    __rt_lib_shutdown_fini                   0x080000fd   Thumb Code     0  entry12b.o(.ARM.Collect$$$$0000000E)
    __rt_final_cpp                           0x08000101   Thumb Code     0  entry10a.o(.ARM.Collect$$$$0000000F)
    __rt_final_exit                          0x08000101   Thumb Code     0  entry11a.o(.ARM.Collect$$$$00000011)
    SVC_Handler                              0x08000105   Thumb Code    32  port.o(.emb_text)
    __asm___6_port_c_39a90d8d__prvStartFirstTask 0x08000129   Thumb Code    28  port.o(.emb_text)
    PendSV_Handler                           0x08000149   Thumb Code    72  port.o(.emb_text)
    vPortGetIPSR                             0x08000195   Thumb Code     6  port.o(.emb_text)
    __asm___13_send_RTTRPM_c_c86eb0e1____REV16 0x0800019d   Thumb Code     4  send_rttrpm.o(.rev16_text)
    Reset_Handler                            0x080001a1   Thumb Code     8  startup_stm32f103xb.o(.text)
    ADC1_2_IRQHandler                        0x080001bb   Thumb Code     0  startup_stm32f103xb.o(.text)
    CAN1_RX1_IRQHandler                      0x080001bb   Thumb Code     0  startup_stm32f103xb.o(.text)
    CAN1_SCE_IRQHandler                      0x080001bb   Thumb Code     0  startup_stm32f103xb.o(.text)
    DMA1_Channel1_IRQHandler                 0x080001bb   Thumb Code     0  startup_stm32f103xb.o(.text)
    DMA1_Channel2_IRQHandler                 0x080001bb   Thumb Code     0  startup_stm32f103xb.o(.text)
    DMA1_Channel3_IRQHandler                 0x080001bb   Thumb Code     0  startup_stm32f103xb.o(.text)
    DMA1_Channel4_IRQHandler                 0x080001bb   Thumb Code     0  startup_stm32f103xb.o(.text)
    DMA1_Channel5_IRQHandler                 0x080001bb   Thumb Code     0  startup_stm32f103xb.o(.text)
    DMA1_Channel6_IRQHandler                 0x080001bb   Thumb Code     0  startup_stm32f103xb.o(.text)
    DMA1_Channel7_IRQHandler                 0x080001bb   Thumb Code     0  startup_stm32f103xb.o(.text)
    EXTI0_IRQHandler                         0x080001bb   Thumb Code     0  startup_stm32f103xb.o(.text)
    EXTI15_10_IRQHandler                     0x080001bb   Thumb Code     0  startup_stm32f103xb.o(.text)
    EXTI1_IRQHandler                         0x080001bb   Thumb Code     0  startup_stm32f103xb.o(.text)
    EXTI2_IRQHandler                         0x080001bb   Thumb Code     0  startup_stm32f103xb.o(.text)
    EXTI3_IRQHandler                         0x080001bb   Thumb Code     0  startup_stm32f103xb.o(.text)
    EXTI4_IRQHandler                         0x080001bb   Thumb Code     0  startup_stm32f103xb.o(.text)
    EXTI9_5_IRQHandler                       0x080001bb   Thumb Code     0  startup_stm32f103xb.o(.text)
    FLASH_IRQHandler                         0x080001bb   Thumb Code     0  startup_stm32f103xb.o(.text)
    I2C1_ER_IRQHandler                       0x080001bb   Thumb Code     0  startup_stm32f103xb.o(.text)
    I2C1_EV_IRQHandler                       0x080001bb   Thumb Code     0  startup_stm32f103xb.o(.text)
    I2C2_ER_IRQHandler                       0x080001bb   Thumb Code     0  startup_stm32f103xb.o(.text)
    I2C2_EV_IRQHandler                       0x080001bb   Thumb Code     0  startup_stm32f103xb.o(.text)
    PVD_IRQHandler                           0x080001bb   Thumb Code     0  startup_stm32f103xb.o(.text)
    RCC_IRQHandler                           0x080001bb   Thumb Code     0  startup_stm32f103xb.o(.text)
    RTC_Alarm_IRQHandler                     0x080001bb   Thumb Code     0  startup_stm32f103xb.o(.text)
    RTC_IRQHandler                           0x080001bb   Thumb Code     0  startup_stm32f103xb.o(.text)
    SPI1_IRQHandler                          0x080001bb   Thumb Code     0  startup_stm32f103xb.o(.text)
    TAMPER_IRQHandler                        0x080001bb   Thumb Code     0  startup_stm32f103xb.o(.text)
    TIM1_BRK_IRQHandler                      0x080001bb   Thumb Code     0  startup_stm32f103xb.o(.text)
    TIM1_CC_IRQHandler                       0x080001bb   Thumb Code     0  startup_stm32f103xb.o(.text)
    TIM1_TRG_COM_IRQHandler                  0x080001bb   Thumb Code     0  startup_stm32f103xb.o(.text)
    TIM2_IRQHandler                          0x080001bb   Thumb Code     0  startup_stm32f103xb.o(.text)
    TIM3_IRQHandler                          0x080001bb   Thumb Code     0  startup_stm32f103xb.o(.text)
    TIM4_IRQHandler                          0x080001bb   Thumb Code     0  startup_stm32f103xb.o(.text)
    USART1_IRQHandler                        0x080001bb   Thumb Code     0  startup_stm32f103xb.o(.text)
    USART2_IRQHandler                        0x080001bb   Thumb Code     0  startup_stm32f103xb.o(.text)
    USART3_IRQHandler                        0x080001bb   Thumb Code     0  startup_stm32f103xb.o(.text)
    USBWakeUp_IRQHandler                     0x080001bb   Thumb Code     0  startup_stm32f103xb.o(.text)
    USB_HP_CAN1_TX_IRQHandler                0x080001bb   Thumb Code     0  startup_stm32f103xb.o(.text)
    WWDG_IRQHandler                          0x080001bb   Thumb Code     0  startup_stm32f103xb.o(.text)
    __aeabi_llsr                             0x080001c5   Thumb Code    32  llushr.o(.text)
    _ll_ushift_r                             0x080001c5   Thumb Code     0  llushr.o(.text)
    __aeabi_memcpy                           0x080001e5   Thumb Code    36  memcpya.o(.text)
    __aeabi_memcpy4                          0x080001e5   Thumb Code     0  memcpya.o(.text)
    __aeabi_memcpy8                          0x080001e5   Thumb Code     0  memcpya.o(.text)
    __aeabi_memset                           0x08000209   Thumb Code    14  memseta.o(.text)
    __aeabi_memset4                          0x08000209   Thumb Code     0  memseta.o(.text)
    __aeabi_memset8                          0x08000209   Thumb Code     0  memseta.o(.text)
    __aeabi_memclr                           0x08000217   Thumb Code     4  memseta.o(.text)
    __aeabi_memclr4                          0x08000217   Thumb Code     0  memseta.o(.text)
    __aeabi_memclr8                          0x08000217   Thumb Code     0  memseta.o(.text)
    memset                                   0x0800021b   Thumb Code    18  memseta.o(.text)
    strstr                                   0x0800022d   Thumb Code    36  strstr.o(.text)
    strchr                                   0x08000251   Thumb Code    20  strchr.o(.text)
    strlen                                   0x08000265   Thumb Code    14  strlen.o(.text)
    strtok                                   0x08000275   Thumb Code    62  strtok.o(.text)
    atoi                                     0x080002b9   Thumb Code    26  atoi.o(.text)
    __aeabi_dadd                             0x080002d3   Thumb Code   322  dadd.o(.text)
    __aeabi_dsub                             0x08000415   Thumb Code     6  dadd.o(.text)
    __aeabi_drsub                            0x0800041b   Thumb Code     6  dadd.o(.text)
    __aeabi_ddiv                             0x08000421   Thumb Code   222  ddiv.o(.text)
    __aeabi_i2d                              0x080004ff   Thumb Code    34  dflti.o(.text)
    __aeabi_ui2d                             0x08000521   Thumb Code    26  dfltui.o(.text)
    __aeabi_d2iz                             0x0800053b   Thumb Code    62  dfixi.o(.text)
    __aeabi_cdcmpeq                          0x08000579   Thumb Code     0  cdcmple.o(.text)
    __aeabi_cdcmple                          0x08000579   Thumb Code    48  cdcmple.o(.text)
    __aeabi_cdrcmple                         0x080005a9   Thumb Code    48  cdrcmple.o(.text)
    __aeabi_uidiv                            0x080005d9   Thumb Code     0  uidiv.o(.text)
    __aeabi_uidivmod                         0x080005d9   Thumb Code    44  uidiv.o(.text)
    __aeabi_uldivmod                         0x08000605   Thumb Code    98  uldiv.o(.text)
    __aeabi_llsl                             0x08000667   Thumb Code    30  llshl.o(.text)
    _ll_shift_l                              0x08000667   Thumb Code     0  llshl.o(.text)
    __aeabi_lasr                             0x08000685   Thumb Code    36  llsshr.o(.text)
    _ll_sshift_r                             0x08000685   Thumb Code     0  llsshr.o(.text)
    strtol                                   0x080006a9   Thumb Code   112  strtol.o(.text)
    __I$use$fp                               0x08000719   Thumb Code     0  iusefp.o(.text)
    _double_round                            0x08000719   Thumb Code    30  depilogue.o(.text)
    _double_epilogue                         0x08000737   Thumb Code   156  depilogue.o(.text)
    __aeabi_dmul                             0x080007d3   Thumb Code   228  dmul.o(.text)
    __aeabi_d2ulz                            0x080008b7   Thumb Code    48  dfixul.o(.text)
    __scatterload                            0x080008e9   Thumb Code    28  init.o(.text)
    __scatterload_rt2                        0x080008e9   Thumb Code     0  init.o(.text)
    __rt_ctype_table                         0x0800090d   Thumb Code     4  ctype_o.o(.text)
    _strtoul                                 0x08000915   Thumb Code   158  _strtoul.o(.text)
    _chval                                   0x080009b3   Thumb Code    28  _chval.o(.text)
    __decompress                             0x080009cf   Thumb Code     0  __dczerorl2.o(.text)
    __decompress1                            0x080009cf   Thumb Code    86  __dczerorl2.o(.text)
    BusFault_Handler                         0x08000a25   Thumb Code     2  stm32f1xx_it.o(i.BusFault_Handler)
    DebugMon_Handler                         0x08000a6d   Thumb Code     2  stm32f1xx_it.o(i.DebugMon_Handler)
    Error_Handler                            0x08000a6f   Thumb Code     4  main.o(i.Error_Handler)
    HAL_DMA_Abort_IT                         0x08000a75   Thumb Code   148  stm32f1xx_hal_dma.o(i.HAL_DMA_Abort_IT)
    HAL_Delay                                0x08000b0d   Thumb Code    32  stm32f1xx_hal.o(i.HAL_Delay)
    HAL_GPIO_Init                            0x08000b31   Thumb Code   446  stm32f1xx_hal_gpio.o(i.HAL_GPIO_Init)
    HAL_GPIO_ReadPin                         0x08000d11   Thumb Code    10  stm32f1xx_hal_gpio.o(i.HAL_GPIO_ReadPin)
    HAL_GPIO_TogglePin                       0x08000d1b   Thumb Code    16  stm32f1xx_hal_gpio.o(i.HAL_GPIO_TogglePin)
    HAL_GPIO_WritePin                        0x08000d2b   Thumb Code    10  stm32f1xx_hal_gpio.o(i.HAL_GPIO_WritePin)
    HAL_GetTick                              0x08000d35   Thumb Code     6  stm32f1xx_hal.o(i.HAL_GetTick)
    HAL_IncTick                              0x08000d41   Thumb Code    12  stm32f1xx_hal.o(i.HAL_IncTick)
    HAL_Init                                 0x08000d51   Thumb Code    32  stm32f1xx_hal.o(i.HAL_Init)
    HAL_InitTick                             0x08000d75   Thumb Code    98  stm32f1xx_hal_timebase_tim.o(i.HAL_InitTick)
    HAL_MspInit                              0x08000de9   Thumb Code    62  stm32f1xx_hal_msp.o(i.HAL_MspInit)
    HAL_NVIC_EnableIRQ                       0x08000e31   Thumb Code    26  stm32f1xx_hal_cortex.o(i.HAL_NVIC_EnableIRQ)
    HAL_NVIC_SetPriority                     0x08000e4d   Thumb Code    60  stm32f1xx_hal_cortex.o(i.HAL_NVIC_SetPriority)
    HAL_NVIC_SetPriorityGrouping             0x08000e8d   Thumb Code    26  stm32f1xx_hal_cortex.o(i.HAL_NVIC_SetPriorityGrouping)
    HAL_PCDEx_PMAConfig                      0x08000eb1   Thumb Code    60  stm32f1xx_hal_pcd_ex.o(i.HAL_PCDEx_PMAConfig)
    HAL_PCDEx_SetConnectionState             0x08000eed   Thumb Code     2  usbd_conf.o(i.HAL_PCDEx_SetConnectionState)
    HAL_PCD_DataInStageCallback              0x08000eef   Thumb Code    18  usbd_conf.o(i.HAL_PCD_DataInStageCallback)
    HAL_PCD_DataOutStageCallback             0x08000f01   Thumb Code    20  usbd_conf.o(i.HAL_PCD_DataOutStageCallback)
    HAL_PCD_EP_Close                         0x08000f15   Thumb Code    76  stm32f1xx_hal_pcd.o(i.HAL_PCD_EP_Close)
    HAL_PCD_EP_ClrStall                      0x08000f61   Thumb Code    92  stm32f1xx_hal_pcd.o(i.HAL_PCD_EP_ClrStall)
    HAL_PCD_EP_GetRxCount                    0x080012c3   Thumb Code    18  stm32f1xx_hal_pcd.o(i.HAL_PCD_EP_GetRxCount)
    HAL_PCD_EP_Open                          0x080012d5   Thumb Code    96  stm32f1xx_hal_pcd.o(i.HAL_PCD_EP_Open)
    HAL_PCD_EP_Receive                       0x08001335   Thumb Code    50  stm32f1xx_hal_pcd.o(i.HAL_PCD_EP_Receive)
    HAL_PCD_EP_SetStall                      0x08001367   Thumb Code   114  stm32f1xx_hal_pcd.o(i.HAL_PCD_EP_SetStall)
    HAL_PCD_EP_Transmit                      0x080013d9   Thumb Code    52  stm32f1xx_hal_pcd.o(i.HAL_PCD_EP_Transmit)
    HAL_PCD_IRQHandler                       0x0800140d   Thumb Code   340  stm32f1xx_hal_pcd.o(i.HAL_PCD_IRQHandler)
    HAL_PCD_Init                             0x08001561   Thumb Code   218  stm32f1xx_hal_pcd.o(i.HAL_PCD_Init)
    HAL_PCD_MspInit                          0x0800163d   Thumb Code    50  usbd_conf.o(i.HAL_PCD_MspInit)
    HAL_PCD_ResetCallback                    0x08001679   Thumb Code    38  usbd_conf.o(i.HAL_PCD_ResetCallback)
    HAL_PCD_ResumeCallback                   0x0800169f   Thumb Code     8  usbd_conf.o(i.HAL_PCD_ResumeCallback)
    HAL_PCD_SOFCallback                      0x080016a7   Thumb Code     8  usbd_conf.o(i.HAL_PCD_SOFCallback)
    HAL_PCD_SetAddress                       0x080016af   Thumb Code    40  stm32f1xx_hal_pcd.o(i.HAL_PCD_SetAddress)
    HAL_PCD_SetupStageCallback               0x080016d7   Thumb Code    14  usbd_conf.o(i.HAL_PCD_SetupStageCallback)
    HAL_PCD_Start                            0x080016e5   Thumb Code    50  stm32f1xx_hal_pcd.o(i.HAL_PCD_Start)
    HAL_PCD_SuspendCallback                  0x08001719   Thumb Code    30  usbd_conf.o(i.HAL_PCD_SuspendCallback)
    HAL_RCCEx_PeriphCLKConfig                0x0800173d   Thumb Code   224  stm32f1xx_hal_rcc_ex.o(i.HAL_RCCEx_PeriphCLKConfig)
    HAL_RCC_ClockConfig                      0x08001829   Thumb Code   280  stm32f1xx_hal_rcc.o(i.HAL_RCC_ClockConfig)
    HAL_RCC_GetClockConfig                   0x08001955   Thumb Code    54  stm32f1xx_hal_rcc.o(i.HAL_RCC_GetClockConfig)
    HAL_RCC_GetPCLK2Freq                     0x08001995   Thumb Code    20  stm32f1xx_hal_rcc.o(i.HAL_RCC_GetPCLK2Freq)
    HAL_RCC_GetSysClockFreq                  0x080019b5   Thumb Code    74  stm32f1xx_hal_rcc.o(i.HAL_RCC_GetSysClockFreq)
    HAL_RCC_OscConfig                        0x08001a21   Thumb Code   778  stm32f1xx_hal_rcc.o(i.HAL_RCC_OscConfig)
    HAL_SPI_ErrorCallback                    0x08001d41   Thumb Code     2  stm32f1xx_hal_spi.o(i.HAL_SPI_ErrorCallback)
    HAL_SPI_IRQHandler                       0x08001d45   Thumb Code   220  stm32f1xx_hal_spi.o(i.HAL_SPI_IRQHandler)
    HAL_SPI_Init                             0x08001e25   Thumb Code   178  stm32f1xx_hal_spi.o(i.HAL_SPI_Init)
    HAL_SPI_MspInit                          0x08001ed9   Thumb Code   118  stm32f1xx_hal_msp.o(i.HAL_SPI_MspInit)
    HAL_SPI_TransmitReceive                  0x08001f5d   Thumb Code   482  stm32f1xx_hal_spi.o(i.HAL_SPI_TransmitReceive)
    HAL_TIMEx_BreakCallback                  0x0800213f   Thumb Code     2  stm32f1xx_hal_tim_ex.o(i.HAL_TIMEx_BreakCallback)
    HAL_TIMEx_CommutCallback                 0x08002141   Thumb Code     2  stm32f1xx_hal_tim_ex.o(i.HAL_TIMEx_CommutCallback)
    HAL_TIMEx_MasterConfigSynchronization    0x08002145   Thumb Code    92  stm32f1xx_hal_tim_ex.o(i.HAL_TIMEx_MasterConfigSynchronization)
    HAL_TIM_Base_Init                        0x080021ad   Thumb Code    90  stm32f1xx_hal_tim.o(i.HAL_TIM_Base_Init)
    HAL_TIM_Base_MspInit                     0x08002207   Thumb Code     2  stm32f1xx_hal_tim.o(i.HAL_TIM_Base_MspInit)
    HAL_TIM_Base_Start_IT                    0x08002209   Thumb Code    76  stm32f1xx_hal_tim.o(i.HAL_TIM_Base_Start_IT)
    HAL_TIM_Encoder_Init                     0x08002261   Thumb Code   164  stm32f1xx_hal_tim.o(i.HAL_TIM_Encoder_Init)
    HAL_TIM_Encoder_MspInit                  0x08002305   Thumb Code   170  stm32f1xx_hal_msp.o(i.HAL_TIM_Encoder_MspInit)
    HAL_TIM_Encoder_Start                    0x080023c5   Thumb Code   142  stm32f1xx_hal_tim.o(i.HAL_TIM_Encoder_Start)
    HAL_TIM_IC_CaptureCallback               0x08002453   Thumb Code     2  stm32f1xx_hal_tim.o(i.HAL_TIM_IC_CaptureCallback)
    HAL_TIM_IRQHandler                       0x08002455   Thumb Code   358  stm32f1xx_hal_tim.o(i.HAL_TIM_IRQHandler)
    HAL_TIM_OC_DelayElapsedCallback          0x080025bb   Thumb Code     2  stm32f1xx_hal_tim.o(i.HAL_TIM_OC_DelayElapsedCallback)
    HAL_TIM_PWM_PulseFinishedCallback        0x080025bd   Thumb Code     2  stm32f1xx_hal_tim.o(i.HAL_TIM_PWM_PulseFinishedCallback)
    HAL_TIM_PeriodElapsedCallback            0x080025c1   Thumb Code    14  main.o(i.HAL_TIM_PeriodElapsedCallback)
    HAL_TIM_TriggerCallback                  0x080025d5   Thumb Code     2  stm32f1xx_hal_tim.o(i.HAL_TIM_TriggerCallback)
    HardFault_Handler                        0x080025d7   Thumb Code     2  stm32f1xx_it.o(i.HardFault_Handler)
    MX_USB_DEVICE_Init                       0x08002895   Thumb Code    66  usb_device.o(i.MX_USB_DEVICE_Init)
    MemManage_Handler                        0x080028e9   Thumb Code     2  stm32f1xx_it.o(i.MemManage_Handler)
    NMI_Handler                              0x080028eb   Thumb Code     2  stm32f1xx_it.o(i.NMI_Handler)
    RTTRPM_appcall                           0x08002be9   Thumb Code   266  send_rttrpm.o(i.RTTRPM_appcall)
    RTTRPM_init                              0x08002d1d   Thumb Code    48  send_rttrpm.o(i.RTTRPM_init)
    SPI2_IRQHandler                          0x08002d51   Thumb Code     6  stm32f1xx_it.o(i.SPI2_IRQHandler)
    SPI_ReceiveByte                          0x08002d8d   Thumb Code     6  enc28j60.o(i.SPI_ReceiveByte)
    StartDefaultTask                         0x08002e85   Thumb Code    30  main.o(i.StartDefaultTask)
    StartTask02                              0x08002ea5   Thumb Code   618  main.o(i.StartTask02)
    StartTask03                              0x08003135   Thumb Code   506  main.o(i.StartTask03)
    StartTask04                              0x0800334d   Thumb Code     8  main.o(i.StartTask04)
    SysTick_Handler                          0x08003355   Thumb Code    38  port.o(i.SysTick_Handler)
    SystemClock_Config                       0x08003381   Thumb Code   118  main.o(i.SystemClock_Config)
    SystemInit                               0x080033f7   Thumb Code     2  system_stm32f1xx.o(i.SystemInit)
    TIM1_UP_IRQHandler                       0x080033f9   Thumb Code     6  stm32f1xx_it.o(i.TIM1_UP_IRQHandler)
    TIM_Base_SetConfig                       0x08003405   Thumb Code    94  stm32f1xx_hal_tim.o(i.TIM_Base_SetConfig)
    TIM_CCxChannelCmd                        0x08003471   Thumb Code    26  stm32f1xx_hal_tim.o(i.TIM_CCxChannelCmd)
    USBD_CDC_GetDeviceQualifierDescriptor    0x08003569   Thumb Code     8  usbd_cdc.o(i.USBD_CDC_GetDeviceQualifierDescriptor)
    USBD_CDC_ReceivePacket                   0x0800362d   Thumb Code    40  usbd_cdc.o(i.USBD_CDC_ReceivePacket)
    USBD_CDC_RegisterInterface               0x08003655   Thumb Code    16  usbd_cdc.o(i.USBD_CDC_RegisterInterface)
    USBD_CDC_SetRxBuffer                     0x08003665   Thumb Code    12  usbd_cdc.o(i.USBD_CDC_SetRxBuffer)
    USBD_CDC_SetTxBuffer                     0x08003671   Thumb Code    16  usbd_cdc.o(i.USBD_CDC_SetTxBuffer)
    USBD_ClrClassConfig                      0x0800372d   Thumb Code    14  usbd_core.o(i.USBD_ClrClassConfig)
    USBD_CtlContinueRx                       0x0800373b   Thumb Code    16  usbd_ioreq.o(i.USBD_CtlContinueRx)
    USBD_CtlContinueSendData                 0x0800374b   Thumb Code    16  usbd_ioreq.o(i.USBD_CtlContinueSendData)
    USBD_CtlError                            0x0800375b   Thumb Code    22  usbd_ctlreq.o(i.USBD_CtlError)
    USBD_CtlPrepareRx                        0x08003771   Thumb Code    30  usbd_ioreq.o(i.USBD_CtlPrepareRx)
    USBD_CtlReceiveStatus                    0x0800378f   Thumb Code    22  usbd_ioreq.o(i.USBD_CtlReceiveStatus)
    USBD_CtlSendData                         0x080037a5   Thumb Code    26  usbd_ioreq.o(i.USBD_CtlSendData)
    USBD_CtlSendStatus                       0x080037bf   Thumb Code    22  usbd_ioreq.o(i.USBD_CtlSendStatus)
    USBD_FS_ConfigStrDescriptor              0x080037d5   Thumb Code    16  usbd_desc.o(i.USBD_FS_ConfigStrDescriptor)
    USBD_FS_DeviceDescriptor                 0x080037f5   Thumb Code     8  usbd_desc.o(i.USBD_FS_DeviceDescriptor)
    USBD_FS_InterfaceStrDescriptor           0x08003801   Thumb Code    16  usbd_desc.o(i.USBD_FS_InterfaceStrDescriptor)
    USBD_FS_LangIDStrDescriptor              0x08003825   Thumb Code     8  usbd_desc.o(i.USBD_FS_LangIDStrDescriptor)
    USBD_FS_ManufacturerStrDescriptor        0x08003831   Thumb Code    16  usbd_desc.o(i.USBD_FS_ManufacturerStrDescriptor)
    USBD_FS_ProductStrDescriptor             0x08003859   Thumb Code    16  usbd_desc.o(i.USBD_FS_ProductStrDescriptor)
    USBD_FS_SerialStrDescriptor              0x08003885   Thumb Code    48  usbd_desc.o(i.USBD_FS_SerialStrDescriptor)
    USBD_GetString                           0x080039a5   Thumb Code    72  usbd_ctlreq.o(i.USBD_GetString)
    USBD_Init                                0x08003a05   Thumb Code    42  usbd_core.o(i.USBD_Init)
    USBD_LL_ClearStallEP                     0x08003a2f   Thumb Code    18  usbd_conf.o(i.USBD_LL_ClearStallEP)
    USBD_LL_CloseEP                          0x08003a41   Thumb Code    18  usbd_conf.o(i.USBD_LL_CloseEP)
    USBD_LL_DataInStage                      0x08003a53   Thumb Code   198  usbd_core.o(i.USBD_LL_DataInStage)
    USBD_LL_DataOutStage                     0x08003b19   Thumb Code   130  usbd_core.o(i.USBD_LL_DataOutStage)
    USBD_LL_GetRxDataSize                    0x08003b9b   Thumb Code     8  usbd_conf.o(i.USBD_LL_GetRxDataSize)
    USBD_LL_Init                             0x08003ba5   Thumb Code   118  usbd_conf.o(i.USBD_LL_Init)
    USBD_LL_IsStallEP                        0x08003c25   Thumb Code    32  usbd_conf.o(i.USBD_LL_IsStallEP)
    USBD_LL_OpenEP                           0x08003c45   Thumb Code    24  usbd_conf.o(i.USBD_LL_OpenEP)
    USBD_LL_PrepareReceive                   0x08003c5d   Thumb Code    18  usbd_conf.o(i.USBD_LL_PrepareReceive)
    USBD_LL_Reset                            0x08003c6f   Thumb Code    80  usbd_core.o(i.USBD_LL_Reset)
    USBD_LL_Resume                           0x08003cbf   Thumb Code    20  usbd_core.o(i.USBD_LL_Resume)
    USBD_LL_SOF                              0x08003cd3   Thumb Code    24  usbd_core.o(i.USBD_LL_SOF)
    USBD_LL_SetSpeed                         0x08003ceb   Thumb Code     6  usbd_core.o(i.USBD_LL_SetSpeed)
    USBD_LL_SetUSBAddress                    0x08003cf1   Thumb Code    18  usbd_conf.o(i.USBD_LL_SetUSBAddress)
    USBD_LL_SetupStage                       0x08003d03   Thumb Code    90  usbd_core.o(i.USBD_LL_SetupStage)
    USBD_LL_StallEP                          0x08003d5d   Thumb Code    18  usbd_conf.o(i.USBD_LL_StallEP)
    USBD_LL_Start                            0x08003d6f   Thumb Code    18  usbd_conf.o(i.USBD_LL_Start)
    USBD_LL_Suspend                          0x08003d81   Thumb Code    18  usbd_core.o(i.USBD_LL_Suspend)
    USBD_LL_Transmit                         0x08003d93   Thumb Code    18  usbd_conf.o(i.USBD_LL_Transmit)
    USBD_ParseSetupRequest                   0x08003da5   Thumb Code    40  usbd_ctlreq.o(i.USBD_ParseSetupRequest)
    USBD_RegisterClass                       0x08003dcd   Thumb Code    16  usbd_core.o(i.USBD_RegisterClass)
    USBD_SetClassConfig                      0x08003ddd   Thumb Code    22  usbd_core.o(i.USBD_SetClassConfig)
    USBD_Start                               0x08003e79   Thumb Code    10  usbd_core.o(i.USBD_Start)
    USBD_StdDevReq                           0x08003e83   Thumb Code   274  usbd_ctlreq.o(i.USBD_StdDevReq)
    USBD_StdEPReq                            0x08003f95   Thumb Code   336  usbd_ctlreq.o(i.USBD_StdEPReq)
    USBD_StdItfReq                           0x080040e5   Thumb Code    78  usbd_ctlreq.o(i.USBD_StdItfReq)
    USBD_static_free                         0x08004133   Thumb Code     2  usbd_conf.o(i.USBD_static_free)
    USBD_static_malloc                       0x08004135   Thumb Code     4  usbd_conf.o(i.USBD_static_malloc)
    USB_ActivateEndpoint                     0x0800413d   Thumb Code   600  stm32f1xx_ll_usb.o(i.USB_ActivateEndpoint)
    USB_CoreInit                             0x08004395   Thumb Code     4  stm32f1xx_ll_usb.o(i.USB_CoreInit)
    USB_DeactivateEndpoint                   0x08004399   Thumb Code   270  stm32f1xx_ll_usb.o(i.USB_DeactivateEndpoint)
    USB_DevConnect                           0x080044a7   Thumb Code     4  stm32f1xx_ll_usb.o(i.USB_DevConnect)
    USB_DevDisconnect                        0x080044ab   Thumb Code     4  stm32f1xx_ll_usb.o(i.USB_DevDisconnect)
    USB_DevInit                              0x080044af   Thumb Code    18  stm32f1xx_ll_usb.o(i.USB_DevInit)
    USB_DisableGlobalInt                     0x080044c1   Thumb Code    14  stm32f1xx_ll_usb.o(i.USB_DisableGlobalInt)
    USB_EP0_OutStart                         0x080044cf   Thumb Code     4  stm32f1xx_ll_usb.o(i.USB_EP0_OutStart)
    USB_EPClearStall                         0x080044d3   Thumb Code   120  stm32f1xx_ll_usb.o(i.USB_EPClearStall)
    USB_EPSetStall                           0x0800454b   Thumb Code    50  stm32f1xx_ll_usb.o(i.USB_EPSetStall)
    USB_EPStartXfer                          0x0800457d   Thumb Code  1230  stm32f1xx_ll_usb.o(i.USB_EPStartXfer)
    USB_EnableGlobalInt                      0x08004a4b   Thumb Code    18  stm32f1xx_ll_usb.o(i.USB_EnableGlobalInt)
    USB_LP_CAN1_RX0_IRQHandler               0x08004a5d   Thumb Code     6  stm32f1xx_it.o(i.USB_LP_CAN1_RX0_IRQHandler)
    USB_ReadInterrupts                       0x08004a69   Thumb Code     6  stm32f1xx_ll_usb.o(i.USB_ReadInterrupts)
    USB_ReadPMA                              0x08004a71   Thumb Code    44  stm32f1xx_ll_usb.o(i.USB_ReadPMA)
    USB_SetCurrentMode                       0x08004a9d   Thumb Code     4  stm32f1xx_ll_usb.o(i.USB_SetCurrentMode)
    USB_SetDevAddress                        0x08004aa1   Thumb Code    12  stm32f1xx_ll_usb.o(i.USB_SetDevAddress)
    USB_WritePMA                             0x08004aad   Thumb Code    38  stm32f1xx_ll_usb.o(i.USB_WritePMA)
    UsageFault_Handler                       0x08004ad3   Thumb Code     2  stm32f1xx_it.o(i.UsageFault_Handler)
    __0sprintf                               0x08004ad5   Thumb Code    34  printfa.o(i.__0sprintf)
    __1sprintf                               0x08004ad5   Thumb Code     0  printfa.o(i.__0sprintf)
    __2sprintf                               0x08004ad5   Thumb Code     0  printfa.o(i.__0sprintf)
    __c89sprintf                             0x08004ad5   Thumb Code     0  printfa.o(i.__0sprintf)
    sprintf                                  0x08004ad5   Thumb Code     0  printfa.o(i.__0sprintf)
    __aeabi_errno_addr                       0x08004b1d   Thumb Code     4  errno.o(i.__aeabi_errno_addr)
    __rt_errno_addr                          0x08004b1d   Thumb Code     0  errno.o(i.__aeabi_errno_addr)
    __scatterload_copy                       0x08004b25   Thumb Code    14  handlers.o(i.__scatterload_copy)
    __scatterload_null                       0x08004b33   Thumb Code     2  handlers.o(i.__scatterload_null)
    __scatterload_zeroinit                   0x08004b35   Thumb Code    14  handlers.o(i.__scatterload_zeroinit)
    clock_time                               0x08005475   Thumb Code     4  clock-arch.o(i.clock_time)
    enc28j60PhyReadScan                      0x080054c5   Thumb Code     6  enc28j60.o(i.enc28j60PhyReadScan)
    enc28j60PhystartScan                     0x080054cb   Thumb Code    28  enc28j60.o(i.enc28j60PhystartScan)
    enc28j60_ini                             0x08005519   Thumb Code   270  enc28j60.o(i.enc28j60_ini)
    enc28j60_packetReceive                   0x0800562d   Thumb Code   122  enc28j60.o(i.enc28j60_packetReceive)
    enc28j60_packetSend                      0x080056ad   Thumb Code   102  enc28j60.o(i.enc28j60_packetSend)
    enc28j60_writeOp                         0x080057f9   Thumb Code    58  enc28j60.o(i.enc28j60_writeOp)
    hello_world_appcall                      0x08005c45   Thumb Code   154  hello-world.o(i.hello_world_appcall)
    hello_world_init                         0x08005ced   Thumb Code    22  hello-world.o(i.hello_world_init)
    htons                                    0x08005d03   Thumb Code    10  uip.o(i.htons)
    led_chanel_off                           0x08005d0d   Thumb Code    76  main.o(i.led_chanel_off)
    led_chanel_on                            0x08005d65   Thumb Code    76  main.o(i.led_chanel_on)
    led_chanel_toggle                        0x08005dbd   Thumb Code    66  main.o(i.led_chanel_toggle)
    main                                     0x08005e0d   Thumb Code   324  main.o(i.main)
    osDelay                                  0x08005f7d   Thumb Code    14  cmsis_os.o(i.osDelay)
    osKernelStart                            0x08005f8b   Thumb Code    10  cmsis_os.o(i.osKernelStart)
    osThreadCreate                           0x08005f95   Thumb Code    84  cmsis_os.o(i.osThreadCreate)
    psock_init                               0x0800645b   Thumb Code    24  psock.o(i.psock_init)
    psock_newdata                            0x08006475   Thumb Code    34  psock.o(i.psock_newdata)
    psock_readto                             0x0800649d   Thumb Code   124  psock.o(i.psock_readto)
    psock_send                               0x08006521   Thumb Code    76  psock.o(i.psock_send)
    pvPortMalloc                             0x0800656d   Thumb Code   210  heap_4.o(i.pvPortMalloc)
    pxPortInitialiseStack                    0x08006645   Thumb Code    32  port.o(i.pxPortInitialiseStack)
    read_encoder                             0x08006669   Thumb Code    36  main.o(i.read_encoder)
    reset_encoder                            0x08006695   Thumb Code    14  main.o(i.reset_encoder)
    timer_set                                0x080066e9   Thumb Code    14  timer.o(i.timer_set)
    uip_add32                                0x080066f9   Thumb Code    86  uip.o(i.uip_add32)
    uip_arp_arpin                            0x08006781   Thumb Code   152  uip_arp.o(i.uip_arp_arpin)
    uip_arp_init                             0x08006829   Thumb Code    34  uip_arp.o(i.uip_arp_init)
    uip_arp_out                              0x08006855   Thumb Code   346  uip_arp.o(i.uip_arp_out)
    uip_arp_timer                            0x080069d9   Thumb Code    58  uip_arp.o(i.uip_arp_timer)
    uip_init                                 0x08006ad1   Thumb Code    88  uip.o(i.uip_init)
    uip_ipchksum                             0x08006b35   Thumb Code    30  uip.o(i.uip_ipchksum)
    uip_listen                               0x08006b59   Thumb Code    38  uip.o(i.uip_listen)
    uip_log                                  0x08006b89   Thumb Code     2  main.o(i.uip_log)
    uip_process                              0x08006b8d   Thumb Code  2946  uip.o(i.uip_process)
    uip_send                                 0x08007715   Thumb Code    26  uip.o(i.uip_send)
    uip_tcpchksum                            0x08007735   Thumb Code     6  uip.o(i.uip_tcpchksum)
    uip_udp_new                              0x0800773d   Thumb Code   142  uip.o(i.uip_udp_new)
    uip_udpchksum                            0x080077d5   Thumb Code     6  uip.o(i.uip_udpchksum)
    uxListRemove                             0x08007821   Thumb Code    38  list.o(i.uxListRemove)
    uxQueueMessagesWaiting                   0x08007847   Thumb Code    36  queue.o(i.uxQueueMessagesWaiting)
    vApplicationGetIdleTaskMemory            0x0800786d   Thumb Code    16  freertos.o(i.vApplicationGetIdleTaskMemory)
    vListInitialise                          0x08007881   Thumb Code    22  list.o(i.vListInitialise)
    vListInitialiseItem                      0x08007897   Thumb Code     6  list.o(i.vListInitialiseItem)
    vListInsert                              0x0800789d   Thumb Code    48  list.o(i.vListInsert)
    vListInsertEnd                           0x080078cd   Thumb Code    24  list.o(i.vListInsertEnd)
    vPortEnterCritical                       0x080078e5   Thumb Code    54  port.o(i.vPortEnterCritical)
    vPortExitCritical                        0x08007925   Thumb Code    34  port.o(i.vPortExitCritical)
    vPortFree                                0x0800794d   Thumb Code    88  heap_4.o(i.vPortFree)
    vPortSetupTimerInterrupt                 0x080079a9   Thumb Code    32  port.o(i.vPortSetupTimerInterrupt)
    vTaskDelay                               0x080079cd   Thumb Code    66  tasks.o(i.vTaskDelay)
    vTaskInternalSetTimeOutState             0x08007a19   Thumb Code    12  tasks.o(i.vTaskInternalSetTimeOutState)
    vTaskMissedYield                         0x08007a29   Thumb Code     8  tasks.o(i.vTaskMissedYield)
    vTaskPlaceOnEventList                    0x08007a35   Thumb Code    44  tasks.o(i.vTaskPlaceOnEventList)
    vTaskStartScheduler                      0x08007a65   Thumb Code    90  tasks.o(i.vTaskStartScheduler)
    vTaskSuspendAll                          0x08007ad1   Thumb Code    10  tasks.o(i.vTaskSuspendAll)
    vTaskSwitchContext                       0x08007ae1   Thumb Code    82  tasks.o(i.vTaskSwitchContext)
    xPortStartScheduler                      0x08007b3d   Thumb Code   154  port.o(i.xPortStartScheduler)
    xQueueGenericCreate                      0x08007be5   Thumb Code    72  queue.o(i.xQueueGenericCreate)
    xQueueGenericReset                       0x08007c2d   Thumb Code   132  queue.o(i.xQueueGenericReset)
    xQueueGenericSend                        0x08007cb5   Thumb Code   346  queue.o(i.xQueueGenericSend)
    xQueueReceive                            0x08007e15   Thumb Code   308  queue.o(i.xQueueReceive)
    xTaskCheckForTimeOut                     0x08007f4d   Thumb Code   112  tasks.o(i.xTaskCheckForTimeOut)
    xTaskCreate                              0x08007fc1   Thumb Code    90  tasks.o(i.xTaskCreate)
    xTaskCreateStatic                        0x0800801b   Thumb Code    86  tasks.o(i.xTaskCreateStatic)
    xTaskGetSchedulerState                   0x08008071   Thumb Code    22  tasks.o(i.xTaskGetSchedulerState)
    xTaskIncrementTick                       0x0800808d   Thumb Code   192  tasks.o(i.xTaskIncrementTick)
    xTaskPriorityDisinherit                  0x08008155   Thumb Code   144  tasks.o(i.xTaskPriorityDisinherit)
    xTaskRemoveFromEventList                 0x080081ed   Thumb Code   108  tasks.o(i.xTaskRemoveFromEventList)
    xTaskResumeAll                           0x08008261   Thumb Code   182  tasks.o(i.xTaskResumeAll)
    AHBPrescTable                            0x0800839c   Data          16  system_stm32f1xx.o(.constdata)
    APBPrescTable                            0x080083ac   Data           8  system_stm32f1xx.o(.constdata)
    __ctype_table                            0x080083ca   Data         129  ctype_o.o(.constdata)
    Region$$Table$$Base                      0x080084e0   Number         0  anon$$obj.o(Region$$Table)
    Region$$Table$$Limit                     0x08008500   Number         0  anon$$obj.o(Region$$Table)
    macaddr                                  0x20000008   Data           6  enc28j60.o(.data)
    config_mode                              0x20000010   Data           1  main.o(.data)
    dir                                      0x20000014   Data           4  main.o(.data)
    time_to_config_mode                      0x20000018   Data           4  main.o(.data)
    defaultTaskHandle                        0x2000001c   Data           4  main.o(.data)
    myTask02Handle                           0x20000020   Data           4  main.o(.data)
    myTask03Handle                           0x20000024   Data           4  main.o(.data)
    myTask04Handle                           0x20000028   Data           4  main.o(.data)
    q                                        0x2000002c   Data           4  main.o(.data)
    xQueueCommand                            0x20000030   Data           4  main.o(.data)
    test                                     0x20000038   Data           8  main.o(.data)
    multiplier                               0x20000040   Data           4  main.o(.data)
    offset                                   0x20000044   Data           4  main.o(.data)
    uwTickFreq                               0x20000048   Data           1  stm32f1xx_hal.o(.data)
    uwTickPrio                               0x2000004c   Data           4  stm32f1xx_hal.o(.data)
    uwTick                                   0x20000050   Data           4  stm32f1xx_hal.o(.data)
    SystemCoreClock                          0x20000054   Data           4  system_stm32f1xx.o(.data)
    pxCurrentTCB                             0x20000058   Data           4  tasks.o(.data)
    isConnected                              0x200000b8   Data           1  hello-world.o(.data)
    s                                        0x200000bc   Data           4  hello-world.o(.data)
    uip_ethaddr                              0x200000c0   Data           6  uip.o(.data)
    uip_flags                                0x200000c8   Data           1  uip.o(.data)
    uip_len                                  0x200000cc   Data           2  uip.o(.data)
    uip_slen                                 0x200000ce   Data           2  uip.o(.data)
    uip_hostaddr                             0x200000d6   Data           4  uip.o(.data)
    uip_appdata                              0x200000dc   Data           4  uip.o(.data)
    uip_sappdata                             0x200000e0   Data           4  uip.o(.data)
    uip_conn                                 0x200000e4   Data           4  uip.o(.data)
    uip_udp_conn                             0x200000e8   Data           4  uip.o(.data)
    uip_acc32                                0x200000f0   Data           4  uip.o(.data)
    uip_draddr                               0x200000f4   Data           4  uip.o(.data)
    uip_netmask                              0x200000f8   Data           4  uip.o(.data)
    t                                        0x20000100   Data           4  uip_arp.o(.data)
    t2                                       0x20000104   Data           4  uip_arp.o(.data)
    index_rttrpm_packet                      0x2000010c   Data           2  send_rttrpm.o(.data)
    rttrpm_header                            0x2000010e   Data          38  send_rttrpm.o(.data)
    position_modul                           0x20000134   Data          29  send_rttrpm.o(.data)
    FS_Desc                                  0x20000154   Data          28  usbd_desc.o(.data)
    USBD_LangIDDesc                          0x20000170   Data           4  usbd_desc.o(.data)
    USBD_FS_DeviceDesc                       0x20000174   Data          18  usbd_desc.o(.data)
    USBD_StringSerial                        0x20000188   Data          26  usbd_desc.o(.data)
    USBD_Interface_fops_FS                   0x200001a4   Data          16  usbd_cdc_if.o(.data)
    USBD_CDC_CfgHSDesc                       0x200001c4   Data          67  usbd_cdc.o(.data)
    USBD_CDC_CfgFSDesc                       0x20000208   Data          67  usbd_cdc.o(.data)
    USBD_CDC_OtherSpeedCfgDesc               0x2000024c   Data          67  usbd_cdc.o(.data)
    USBD_CDC                                 0x20000290   Data          56  usbd_cdc.o(.data)
    old_time                                 0x200002d0   Data          12  main.o(.bss)
    latency                                  0x200002dc   Data          12  main.o(.bss)
    EncoderPosition                          0x200002e8   Data          24  main.o(.bss)
    oldEncoderPosition                       0x20000300   Data          24  main.o(.bss)
    hspi2                                    0x20000318   Data          88  main.o(.bss)
    htim2                                    0x20000370   Data          72  main.o(.bss)
    htim3                                    0x200003b8   Data          72  main.o(.bss)
    htim4                                    0x20000400   Data          72  main.o(.bss)
    htim1                                    0x2000069c   Data          72  stm32f1xx_hal_timebase_tim.o(.bss)
    uip_buf                                  0x200013d4   Data        1538  uip.o(.bss)
    uip_conns                                0x200019d8   Data        7360  uip.o(.bss)
    uip_listenports                          0x20003698   Data          80  uip.o(.bss)
    uip_udp_conns                            0x200036e8   Data         640  uip.o(.bss)
    uip_stat                                 0x20003968   Data          52  uip.o(.bss)
    hUsbDeviceFS                             0x20003a30   Data         708  usb_device.o(.bss)
    USBD_StrDesc                             0x20003cf4   Data         512  usbd_desc.o(.bss)
    UserRxBufferFS                           0x20003ef4   Data        1000  usbd_cdc_if.o(.bss)
    UserTxBufferFS                           0x200042dc   Data        1000  usbd_cdc_if.o(.bss)
    hpcd_USB_FS                              0x200048e4   Data         748  usbd_conf.o(.bss)
    __initial_sp                             0x20004fd0   Data           0  startup_stm32f103xb.o(STACK)



==============================================================================

Memory Map of the image

  Image Entry point : 0x080000ed

  Load Region LR_IROM1 (Base: 0x08000000, Size: 0x000087d0, Max: 0x00010000, ABSOLUTE, COMPRESSED[0x000085e0])

    Execution Region ER_IROM1 (Exec base: 0x08000000, Load base: 0x08000000, Size: 0x00008500, Max: 0x00010000, ABSOLUTE)

    Exec Addr    Load Addr    Size         Type   Attr      Idx    E Section Name        Object

    0x08000000   0x08000000   0x000000ec   Data   RO            3    RESET               startup_stm32f103xb.o
    0x080000ec   0x080000ec   0x00000000   Code   RO         6116  * .ARM.Collect$$$$00000000  mc_w.l(entry.o)
    0x080000ec   0x080000ec   0x00000004   Code   RO         6418    .ARM.Collect$$$$00000001  mc_w.l(entry2.o)
    0x080000f0   0x080000f0   0x00000004   Code   RO         6421    .ARM.Collect$$$$00000004  mc_w.l(entry5.o)
    0x080000f4   0x080000f4   0x00000000   Code   RO         6423    .ARM.Collect$$$$00000008  mc_w.l(entry7b.o)
    0x080000f4   0x080000f4   0x00000000   Code   RO         6425    .ARM.Collect$$$$0000000A  mc_w.l(entry8b.o)
    0x080000f4   0x080000f4   0x00000008   Code   RO         6426    .ARM.Collect$$$$0000000B  mc_w.l(entry9a.o)
    0x080000fc   0x080000fc   0x00000004   Code   RO         6433    .ARM.Collect$$$$0000000E  mc_w.l(entry12b.o)
    0x08000100   0x08000100   0x00000000   Code   RO         6428    .ARM.Collect$$$$0000000F  mc_w.l(entry10a.o)
    0x08000100   0x08000100   0x00000000   Code   RO         6430    .ARM.Collect$$$$00000011  mc_w.l(entry11a.o)
    0x08000100   0x08000100   0x00000004   Code   RO         6419    .ARM.Collect$$$$00002712  mc_w.l(entry2.o)
    0x08000104   0x08000104   0x00000096   Code   RO         4666    .emb_text           port.o
    0x0800019a   0x0800019a   0x00000002   PAD
    0x0800019c   0x0800019c   0x00000004   Code   RO         5303    .rev16_text         send_rttrpm.o
    0x080001a0   0x080001a0   0x00000024   Code   RO            4    .text               startup_stm32f103xb.o
    0x080001c4   0x080001c4   0x00000020   Code   RO         6119    .text               mc_w.l(llushr.o)
    0x080001e4   0x080001e4   0x00000024   Code   RO         6121    .text               mc_w.l(memcpya.o)
    0x08000208   0x08000208   0x00000024   Code   RO         6125    .text               mc_w.l(memseta.o)
    0x0800022c   0x0800022c   0x00000024   Code   RO         6127    .text               mc_w.l(strstr.o)
    0x08000250   0x08000250   0x00000014   Code   RO         6129    .text               mc_w.l(strchr.o)
    0x08000264   0x08000264   0x0000000e   Code   RO         6131    .text               mc_w.l(strlen.o)
    0x08000272   0x08000272   0x00000002   PAD
    0x08000274   0x08000274   0x00000044   Code   RO         6133    .text               mc_w.l(strtok.o)
    0x080002b8   0x080002b8   0x0000001a   Code   RO         6402    .text               mc_w.l(atoi.o)
    0x080002d2   0x080002d2   0x0000014e   Code   RO         6404    .text               mf_w.l(dadd.o)
    0x08000420   0x08000420   0x000000de   Code   RO         6406    .text               mf_w.l(ddiv.o)
    0x080004fe   0x080004fe   0x00000022   Code   RO         6408    .text               mf_w.l(dflti.o)
    0x08000520   0x08000520   0x0000001a   Code   RO         6410    .text               mf_w.l(dfltui.o)
    0x0800053a   0x0800053a   0x0000003e   Code   RO         6412    .text               mf_w.l(dfixi.o)
    0x08000578   0x08000578   0x00000030   Code   RO         6414    .text               mf_w.l(cdcmple.o)
    0x080005a8   0x080005a8   0x00000030   Code   RO         6416    .text               mf_w.l(cdrcmple.o)
    0x080005d8   0x080005d8   0x0000002c   Code   RO         6437    .text               mc_w.l(uidiv.o)
    0x08000604   0x08000604   0x00000062   Code   RO         6439    .text               mc_w.l(uldiv.o)
    0x08000666   0x08000666   0x0000001e   Code   RO         6441    .text               mc_w.l(llshl.o)
    0x08000684   0x08000684   0x00000024   Code   RO         6443    .text               mc_w.l(llsshr.o)
    0x080006a8   0x080006a8   0x00000070   Code   RO         6452    .text               mc_w.l(strtol.o)
    0x08000718   0x08000718   0x00000000   Code   RO         6454    .text               mc_w.l(iusefp.o)
    0x08000718   0x08000718   0x000000ba   Code   RO         6455    .text               mf_w.l(depilogue.o)
    0x080007d2   0x080007d2   0x000000e4   Code   RO         6457    .text               mf_w.l(dmul.o)
    0x080008b6   0x080008b6   0x00000030   Code   RO         6459    .text               mf_w.l(dfixul.o)
    0x080008e6   0x080008e6   0x00000002   PAD
    0x080008e8   0x080008e8   0x00000024   Code   RO         6461    .text               mc_w.l(init.o)
    0x0800090c   0x0800090c   0x00000008   Code   RO         6464    .text               mc_w.l(ctype_o.o)
    0x08000914   0x08000914   0x0000009e   Code   RO         6492    .text               mc_w.l(_strtoul.o)
    0x080009b2   0x080009b2   0x0000001c   Code   RO         6495    .text               mc_w.l(_chval.o)
    0x080009ce   0x080009ce   0x00000056   Code   RO         6505    .text               mc_w.l(__dczerorl2.o)
    0x08000a24   0x08000a24   0x00000002   Code   RO          519    i.BusFault_Handler  stm32f1xx_it.o
    0x08000a26   0x08000a26   0x00000004   Code   RO         5486    i.CDC_Control_FS    usbd_cdc_if.o
    0x08000a2a   0x08000a2a   0x00000004   Code   RO         5487    i.CDC_DeInit_FS     usbd_cdc_if.o
    0x08000a2e   0x08000a2e   0x00000002   PAD
    0x08000a30   0x08000a30   0x00000024   Code   RO         5488    i.CDC_Init_FS       usbd_cdc_if.o
    0x08000a54   0x08000a54   0x00000018   Code   RO         5489    i.CDC_Receive_FS    usbd_cdc_if.o
    0x08000a6c   0x08000a6c   0x00000002   Code   RO          520    i.DebugMon_Handler  stm32f1xx_it.o
    0x08000a6e   0x08000a6e   0x00000004   Code   RO          325    i.Error_Handler     main.o
    0x08000a72   0x08000a72   0x00000002   PAD
    0x08000a74   0x08000a74   0x00000098   Code   RO         1551    i.HAL_DMA_Abort_IT  stm32f1xx_hal_dma.o
    0x08000b0c   0x08000b0c   0x00000024   Code   RO         1178    i.HAL_Delay         stm32f1xx_hal.o
    0x08000b30   0x08000b30   0x000001e0   Code   RO         1486    i.HAL_GPIO_Init     stm32f1xx_hal_gpio.o
    0x08000d10   0x08000d10   0x0000000a   Code   RO         1488    i.HAL_GPIO_ReadPin  stm32f1xx_hal_gpio.o
    0x08000d1a   0x08000d1a   0x00000010   Code   RO         1489    i.HAL_GPIO_TogglePin  stm32f1xx_hal_gpio.o
    0x08000d2a   0x08000d2a   0x0000000a   Code   RO         1490    i.HAL_GPIO_WritePin  stm32f1xx_hal_gpio.o
    0x08000d34   0x08000d34   0x0000000c   Code   RO         1182    i.HAL_GetTick       stm32f1xx_hal.o
    0x08000d40   0x08000d40   0x00000010   Code   RO         1188    i.HAL_IncTick       stm32f1xx_hal.o
    0x08000d50   0x08000d50   0x00000024   Code   RO         1189    i.HAL_Init          stm32f1xx_hal.o
    0x08000d74   0x08000d74   0x00000074   Code   RO          643    i.HAL_InitTick      stm32f1xx_hal_timebase_tim.o
    0x08000de8   0x08000de8   0x00000048   Code   RO          595    i.HAL_MspInit       stm32f1xx_hal_msp.o
    0x08000e30   0x08000e30   0x0000001a   Code   RO         1646    i.HAL_NVIC_EnableIRQ  stm32f1xx_hal_cortex.o
    0x08000e4a   0x08000e4a   0x00000002   PAD
    0x08000e4c   0x08000e4c   0x00000040   Code   RO         1652    i.HAL_NVIC_SetPriority  stm32f1xx_hal_cortex.o
    0x08000e8c   0x08000e8c   0x00000024   Code   RO         1653    i.HAL_NVIC_SetPriorityGrouping  stm32f1xx_hal_cortex.o
    0x08000eb0   0x08000eb0   0x0000003c   Code   RO          951    i.HAL_PCDEx_PMAConfig  stm32f1xx_hal_pcd_ex.o
    0x08000eec   0x08000eec   0x00000002   Code   RO         5538    i.HAL_PCDEx_SetConnectionState  usbd_conf.o
    0x08000eee   0x08000eee   0x00000012   Code   RO         5540    i.HAL_PCD_DataInStageCallback  usbd_conf.o
    0x08000f00   0x08000f00   0x00000014   Code   RO         5541    i.HAL_PCD_DataOutStageCallback  usbd_conf.o
    0x08000f14   0x08000f14   0x0000004c   Code   RO          727    i.HAL_PCD_EP_Close  stm32f1xx_hal_pcd.o
    0x08000f60   0x08000f60   0x0000005c   Code   RO          728    i.HAL_PCD_EP_ClrStall  stm32f1xx_hal_pcd.o
    0x08000fbc   0x08000fbc   0x000000e6   Code   RO          729    i.HAL_PCD_EP_DB_Receive  stm32f1xx_hal_pcd.o
    0x080010a2   0x080010a2   0x00000220   Code   RO          730    i.HAL_PCD_EP_DB_Transmit  stm32f1xx_hal_pcd.o
    0x080012c2   0x080012c2   0x00000012   Code   RO          732    i.HAL_PCD_EP_GetRxCount  stm32f1xx_hal_pcd.o
    0x080012d4   0x080012d4   0x00000060   Code   RO          733    i.HAL_PCD_EP_Open   stm32f1xx_hal_pcd.o
    0x08001334   0x08001334   0x00000032   Code   RO          734    i.HAL_PCD_EP_Receive  stm32f1xx_hal_pcd.o
    0x08001366   0x08001366   0x00000072   Code   RO          735    i.HAL_PCD_EP_SetStall  stm32f1xx_hal_pcd.o
    0x080013d8   0x080013d8   0x00000034   Code   RO          736    i.HAL_PCD_EP_Transmit  stm32f1xx_hal_pcd.o
    0x0800140c   0x0800140c   0x00000154   Code   RO          738    i.HAL_PCD_IRQHandler  stm32f1xx_hal_pcd.o
    0x08001560   0x08001560   0x000000da   Code   RO          741    i.HAL_PCD_Init      stm32f1xx_hal_pcd.o
    0x0800163a   0x0800163a   0x00000002   PAD
    0x0800163c   0x0800163c   0x0000003c   Code   RO         5546    i.HAL_PCD_MspInit   usbd_conf.o
    0x08001678   0x08001678   0x00000026   Code   RO         5547    i.HAL_PCD_ResetCallback  usbd_conf.o
    0x0800169e   0x0800169e   0x00000008   Code   RO         5548    i.HAL_PCD_ResumeCallback  usbd_conf.o
    0x080016a6   0x080016a6   0x00000008   Code   RO         5549    i.HAL_PCD_SOFCallback  usbd_conf.o
    0x080016ae   0x080016ae   0x00000028   Code   RO          747    i.HAL_PCD_SetAddress  stm32f1xx_hal_pcd.o
    0x080016d6   0x080016d6   0x0000000e   Code   RO         5550    i.HAL_PCD_SetupStageCallback  usbd_conf.o
    0x080016e4   0x080016e4   0x00000032   Code   RO          749    i.HAL_PCD_Start     stm32f1xx_hal_pcd.o
    0x08001716   0x08001716   0x00000002   PAD
    0x08001718   0x08001718   0x00000024   Code   RO         5551    i.HAL_PCD_SuspendCallback  usbd_conf.o
    0x0800173c   0x0800173c   0x000000ec   Code   RO         1449    i.HAL_RCCEx_PeriphCLKConfig  stm32f1xx_hal_rcc_ex.o
    0x08001828   0x08001828   0x0000012c   Code   RO         1346    i.HAL_RCC_ClockConfig  stm32f1xx_hal_rcc.o
    0x08001954   0x08001954   0x00000040   Code   RO         1350    i.HAL_RCC_GetClockConfig  stm32f1xx_hal_rcc.o
    0x08001994   0x08001994   0x00000020   Code   RO         1354    i.HAL_RCC_GetPCLK2Freq  stm32f1xx_hal_rcc.o
    0x080019b4   0x080019b4   0x0000006c   Code   RO         1355    i.HAL_RCC_GetSysClockFreq  stm32f1xx_hal_rcc.o
    0x08001a20   0x08001a20   0x00000320   Code   RO         1358    i.HAL_RCC_OscConfig  stm32f1xx_hal_rcc.o
    0x08001d40   0x08001d40   0x00000002   Code   RO         2153    i.HAL_SPI_ErrorCallback  stm32f1xx_hal_spi.o
    0x08001d42   0x08001d42   0x00000002   PAD
    0x08001d44   0x08001d44   0x000000e0   Code   RO         2156    i.HAL_SPI_IRQHandler  stm32f1xx_hal_spi.o
    0x08001e24   0x08001e24   0x000000b2   Code   RO         2157    i.HAL_SPI_Init      stm32f1xx_hal_spi.o
    0x08001ed6   0x08001ed6   0x00000002   PAD
    0x08001ed8   0x08001ed8   0x00000084   Code   RO          597    i.HAL_SPI_MspInit   stm32f1xx_hal_msp.o
    0x08001f5c   0x08001f5c   0x000001e2   Code   RO         2166    i.HAL_SPI_TransmitReceive  stm32f1xx_hal_spi.o
    0x0800213e   0x0800213e   0x00000002   Code   RO         3174    i.HAL_TIMEx_BreakCallback  stm32f1xx_hal_tim_ex.o
    0x08002140   0x08002140   0x00000002   Code   RO         3175    i.HAL_TIMEx_CommutCallback  stm32f1xx_hal_tim_ex.o
    0x08002142   0x08002142   0x00000002   PAD
    0x08002144   0x08002144   0x00000068   Code   RO         3193    i.HAL_TIMEx_MasterConfigSynchronization  stm32f1xx_hal_tim_ex.o
    0x080021ac   0x080021ac   0x0000005a   Code   RO         2470    i.HAL_TIM_Base_Init  stm32f1xx_hal_tim.o
    0x08002206   0x08002206   0x00000002   Code   RO         2472    i.HAL_TIM_Base_MspInit  stm32f1xx_hal_tim.o
    0x08002208   0x08002208   0x00000058   Code   RO         2475    i.HAL_TIM_Base_Start_IT  stm32f1xx_hal_tim.o
    0x08002260   0x08002260   0x000000a4   Code   RO         2491    i.HAL_TIM_Encoder_Init  stm32f1xx_hal_tim.o
    0x08002304   0x08002304   0x000000c0   Code   RO          599    i.HAL_TIM_Encoder_MspInit  stm32f1xx_hal_msp.o
    0x080023c4   0x080023c4   0x0000008e   Code   RO         2494    i.HAL_TIM_Encoder_Start  stm32f1xx_hal_tim.o
    0x08002452   0x08002452   0x00000002   Code   RO         2504    i.HAL_TIM_IC_CaptureCallback  stm32f1xx_hal_tim.o
    0x08002454   0x08002454   0x00000166   Code   RO         2518    i.HAL_TIM_IRQHandler  stm32f1xx_hal_tim.o
    0x080025ba   0x080025ba   0x00000002   Code   RO         2521    i.HAL_TIM_OC_DelayElapsedCallback  stm32f1xx_hal_tim.o
    0x080025bc   0x080025bc   0x00000002   Code   RO         2548    i.HAL_TIM_PWM_PulseFinishedCallback  stm32f1xx_hal_tim.o
    0x080025be   0x080025be   0x00000002   PAD
    0x080025c0   0x080025c0   0x00000014   Code   RO          326    i.HAL_TIM_PeriodElapsedCallback  main.o
    0x080025d4   0x080025d4   0x00000002   Code   RO         2561    i.HAL_TIM_TriggerCallback  stm32f1xx_hal_tim.o
    0x080025d6   0x080025d6   0x00000002   Code   RO          521    i.HardFault_Handler  stm32f1xx_it.o
    0x080025d8   0x080025d8   0x00000038   Code   RO         5407    i.IntToUnicode      usbd_desc.o
    0x08002610   0x08002610   0x00000100   Code   RO          327    i.MX_GPIO_Init      main.o
    0x08002710   0x08002710   0x00000044   Code   RO          328    i.MX_SPI2_Init      main.o
    0x08002754   0x08002754   0x00000068   Code   RO          329    i.MX_TIM2_Init      main.o
    0x080027bc   0x080027bc   0x0000006c   Code   RO          330    i.MX_TIM3_Init      main.o
    0x08002828   0x08002828   0x0000006c   Code   RO          331    i.MX_TIM4_Init      main.o
    0x08002894   0x08002894   0x00000054   Code   RO         5359    i.MX_USB_DEVICE_Init  usb_device.o
    0x080028e8   0x080028e8   0x00000002   Code   RO          522    i.MemManage_Handler  stm32f1xx_it.o
    0x080028ea   0x080028ea   0x00000002   Code   RO          523    i.NMI_Handler       stm32f1xx_it.o
    0x080028ec   0x080028ec   0x000002fc   Code   RO          753    i.PCD_EP_ISR_Handler  stm32f1xx_hal_pcd.o
    0x08002be8   0x08002be8   0x00000134   Code   RO         5306    i.RTTRPM_appcall    send_rttrpm.o
    0x08002d1c   0x08002d1c   0x00000034   Code   RO         5307    i.RTTRPM_init       send_rttrpm.o
    0x08002d50   0x08002d50   0x0000000c   Code   RO          524    i.SPI2_IRQHandler   stm32f1xx_it.o
    0x08002d5c   0x08002d5c   0x00000010   Code   RO         2184    i.SPI_DMAAbortOnError  stm32f1xx_hal_spi.o
    0x08002d6c   0x08002d6c   0x00000020   Code   RO         2195    i.SPI_EndRxTxTransaction  stm32f1xx_hal_spi.o
    0x08002d8c   0x08002d8c   0x00000006   Code   RO           13    i.SPI_ReceiveByte   enc28j60.o
    0x08002d92   0x08002d92   0x00000002   PAD
    0x08002d94   0x08002d94   0x000000b8   Code   RO         2200    i.SPI_WaitFlagStateUntilTimeout  stm32f1xx_hal_spi.o
    0x08002e4c   0x08002e4c   0x00000038   Code   RO           15    i.SPIx_WriteRead    enc28j60.o
    0x08002e84   0x08002e84   0x0000001e   Code   RO          332    i.StartDefaultTask  main.o
    0x08002ea2   0x08002ea2   0x00000002   PAD
    0x08002ea4   0x08002ea4   0x00000290   Code   RO          333    i.StartTask02       main.o
    0x08003134   0x08003134   0x00000218   Code   RO          334    i.StartTask03       main.o
    0x0800334c   0x0800334c   0x00000008   Code   RO          335    i.StartTask04       main.o
    0x08003354   0x08003354   0x0000002c   Code   RO         4667    i.SysTick_Handler   port.o
    0x08003380   0x08003380   0x00000076   Code   RO          336    i.SystemClock_Config  main.o
    0x080033f6   0x080033f6   0x00000002   Code   RO         3442    i.SystemInit        system_stm32f1xx.o
    0x080033f8   0x080033f8   0x0000000c   Code   RO          525    i.TIM1_UP_IRQHandler  stm32f1xx_it.o
    0x08003404   0x08003404   0x0000006c   Code   RO         2563    i.TIM_Base_SetConfig  stm32f1xx_hal_tim.o
    0x08003470   0x08003470   0x0000001a   Code   RO         2564    i.TIM_CCxChannelCmd  stm32f1xx_hal_tim.o
    0x0800348a   0x0800348a   0x00000046   Code   RO         6013    i.USBD_CDC_DataIn   usbd_cdc.o
    0x080034d0   0x080034d0   0x0000002e   Code   RO         6014    i.USBD_CDC_DataOut  usbd_cdc.o
    0x080034fe   0x080034fe   0x00000044   Code   RO         6015    i.USBD_CDC_DeInit   usbd_cdc.o
    0x08003542   0x08003542   0x00000024   Code   RO         6016    i.USBD_CDC_EP0_RxReady  usbd_cdc.o
    0x08003566   0x08003566   0x00000002   PAD
    0x08003568   0x08003568   0x0000000c   Code   RO         6017    i.USBD_CDC_GetDeviceQualifierDescriptor  usbd_cdc.o
    0x08003574   0x08003574   0x0000000c   Code   RO         6018    i.USBD_CDC_GetFSCfgDesc  usbd_cdc.o
    0x08003580   0x08003580   0x0000000c   Code   RO         6019    i.USBD_CDC_GetHSCfgDesc  usbd_cdc.o
    0x0800358c   0x0800358c   0x0000000c   Code   RO         6020    i.USBD_CDC_GetOtherSpeedCfgDesc  usbd_cdc.o
    0x08003598   0x08003598   0x00000094   Code   RO         6021    i.USBD_CDC_Init     usbd_cdc.o
    0x0800362c   0x0800362c   0x00000028   Code   RO         6022    i.USBD_CDC_ReceivePacket  usbd_cdc.o
    0x08003654   0x08003654   0x00000010   Code   RO         6023    i.USBD_CDC_RegisterInterface  usbd_cdc.o
    0x08003664   0x08003664   0x0000000c   Code   RO         6024    i.USBD_CDC_SetRxBuffer  usbd_cdc.o
    0x08003670   0x08003670   0x00000010   Code   RO         6025    i.USBD_CDC_SetTxBuffer  usbd_cdc.o
    0x08003680   0x08003680   0x000000ac   Code   RO         6026    i.USBD_CDC_Setup    usbd_cdc.o
    0x0800372c   0x0800372c   0x0000000e   Code   RO         5750    i.USBD_ClrClassConfig  usbd_core.o
    0x0800373a   0x0800373a   0x00000010   Code   RO         5953    i.USBD_CtlContinueRx  usbd_ioreq.o
    0x0800374a   0x0800374a   0x00000010   Code   RO         5954    i.USBD_CtlContinueSendData  usbd_ioreq.o
    0x0800375a   0x0800375a   0x00000016   Code   RO         5888    i.USBD_CtlError     usbd_ctlreq.o
    0x08003770   0x08003770   0x0000001e   Code   RO         5955    i.USBD_CtlPrepareRx  usbd_ioreq.o
    0x0800378e   0x0800378e   0x00000016   Code   RO         5956    i.USBD_CtlReceiveStatus  usbd_ioreq.o
    0x080037a4   0x080037a4   0x0000001a   Code   RO         5957    i.USBD_CtlSendData  usbd_ioreq.o
    0x080037be   0x080037be   0x00000016   Code   RO         5958    i.USBD_CtlSendStatus  usbd_ioreq.o
    0x080037d4   0x080037d4   0x00000020   Code   RO         5408    i.USBD_FS_ConfigStrDescriptor  usbd_desc.o
    0x080037f4   0x080037f4   0x0000000c   Code   RO         5409    i.USBD_FS_DeviceDescriptor  usbd_desc.o
    0x08003800   0x08003800   0x00000024   Code   RO         5410    i.USBD_FS_InterfaceStrDescriptor  usbd_desc.o
    0x08003824   0x08003824   0x0000000c   Code   RO         5411    i.USBD_FS_LangIDStrDescriptor  usbd_desc.o
    0x08003830   0x08003830   0x00000028   Code   RO         5412    i.USBD_FS_ManufacturerStrDescriptor  usbd_desc.o
    0x08003858   0x08003858   0x0000002c   Code   RO         5413    i.USBD_FS_ProductStrDescriptor  usbd_desc.o
    0x08003884   0x08003884   0x00000038   Code   RO         5414    i.USBD_FS_SerialStrDescriptor  usbd_desc.o
    0x080038bc   0x080038bc   0x000000e8   Code   RO         5889    i.USBD_GetDescriptor  usbd_ctlreq.o
    0x080039a4   0x080039a4   0x00000048   Code   RO         5890    i.USBD_GetString    usbd_ctlreq.o
    0x080039ec   0x080039ec   0x00000018   Code   RO         5552    i.USBD_Get_USB_Status  usbd_conf.o
    0x08003a04   0x08003a04   0x0000002a   Code   RO         5752    i.USBD_Init         usbd_core.o
    0x08003a2e   0x08003a2e   0x00000012   Code   RO         5553    i.USBD_LL_ClearStallEP  usbd_conf.o
    0x08003a40   0x08003a40   0x00000012   Code   RO         5554    i.USBD_LL_CloseEP   usbd_conf.o
    0x08003a52   0x08003a52   0x000000c6   Code   RO         5753    i.USBD_LL_DataInStage  usbd_core.o
    0x08003b18   0x08003b18   0x00000082   Code   RO         5754    i.USBD_LL_DataOutStage  usbd_core.o
    0x08003b9a   0x08003b9a   0x00000008   Code   RO         5558    i.USBD_LL_GetRxDataSize  usbd_conf.o
    0x08003ba2   0x08003ba2   0x00000002   PAD
    0x08003ba4   0x08003ba4   0x00000080   Code   RO         5559    i.USBD_LL_Init      usbd_conf.o
    0x08003c24   0x08003c24   0x00000020   Code   RO         5560    i.USBD_LL_IsStallEP  usbd_conf.o
    0x08003c44   0x08003c44   0x00000018   Code   RO         5561    i.USBD_LL_OpenEP    usbd_conf.o
    0x08003c5c   0x08003c5c   0x00000012   Code   RO         5562    i.USBD_LL_PrepareReceive  usbd_conf.o
    0x08003c6e   0x08003c6e   0x00000050   Code   RO         5759    i.USBD_LL_Reset     usbd_core.o
    0x08003cbe   0x08003cbe   0x00000014   Code   RO         5760    i.USBD_LL_Resume    usbd_core.o
    0x08003cd2   0x08003cd2   0x00000018   Code   RO         5761    i.USBD_LL_SOF       usbd_core.o
    0x08003cea   0x08003cea   0x00000006   Code   RO         5762    i.USBD_LL_SetSpeed  usbd_core.o
    0x08003cf0   0x08003cf0   0x00000012   Code   RO         5563    i.USBD_LL_SetUSBAddress  usbd_conf.o
    0x08003d02   0x08003d02   0x0000005a   Code   RO         5763    i.USBD_LL_SetupStage  usbd_core.o
    0x08003d5c   0x08003d5c   0x00000012   Code   RO         5564    i.USBD_LL_StallEP   usbd_conf.o
    0x08003d6e   0x08003d6e   0x00000012   Code   RO         5565    i.USBD_LL_Start     usbd_conf.o
    0x08003d80   0x08003d80   0x00000012   Code   RO         5764    i.USBD_LL_Suspend   usbd_core.o
    0x08003d92   0x08003d92   0x00000012   Code   RO         5567    i.USBD_LL_Transmit  usbd_conf.o
    0x08003da4   0x08003da4   0x00000028   Code   RO         5891    i.USBD_ParseSetupRequest  usbd_ctlreq.o
    0x08003dcc   0x08003dcc   0x00000010   Code   RO         5765    i.USBD_RegisterClass  usbd_core.o
    0x08003ddc   0x08003ddc   0x00000016   Code   RO         5767    i.USBD_SetClassConfig  usbd_core.o
    0x08003df2   0x08003df2   0x00000002   PAD
    0x08003df4   0x08003df4   0x00000084   Code   RO         5892    i.USBD_SetConfig    usbd_ctlreq.o
    0x08003e78   0x08003e78   0x0000000a   Code   RO         5768    i.USBD_Start        usbd_core.o
    0x08003e82   0x08003e82   0x00000112   Code   RO         5893    i.USBD_StdDevReq    usbd_ctlreq.o
    0x08003f94   0x08003f94   0x00000150   Code   RO         5894    i.USBD_StdEPReq     usbd_ctlreq.o
    0x080040e4   0x080040e4   0x0000004e   Code   RO         5895    i.USBD_StdItfReq    usbd_ctlreq.o
    0x08004132   0x08004132   0x00000002   Code   RO         5568    i.USBD_static_free  usbd_conf.o
    0x08004134   0x08004134   0x00000008   Code   RO         5569    i.USBD_static_malloc  usbd_conf.o
    0x0800413c   0x0800413c   0x00000258   Code   RO          991    i.USB_ActivateEndpoint  stm32f1xx_ll_usb.o
    0x08004394   0x08004394   0x00000004   Code   RO          994    i.USB_CoreInit      stm32f1xx_ll_usb.o
    0x08004398   0x08004398   0x0000010e   Code   RO          996    i.USB_DeactivateEndpoint  stm32f1xx_ll_usb.o
    0x080044a6   0x080044a6   0x00000004   Code   RO          997    i.USB_DevConnect    stm32f1xx_ll_usb.o
    0x080044aa   0x080044aa   0x00000004   Code   RO          998    i.USB_DevDisconnect  stm32f1xx_ll_usb.o
    0x080044ae   0x080044ae   0x00000012   Code   RO          999    i.USB_DevInit       stm32f1xx_ll_usb.o
    0x080044c0   0x080044c0   0x0000000e   Code   RO         1000    i.USB_DisableGlobalInt  stm32f1xx_ll_usb.o
    0x080044ce   0x080044ce   0x00000004   Code   RO         1001    i.USB_EP0_OutStart  stm32f1xx_ll_usb.o
    0x080044d2   0x080044d2   0x00000078   Code   RO         1002    i.USB_EPClearStall  stm32f1xx_ll_usb.o
    0x0800454a   0x0800454a   0x00000032   Code   RO         1003    i.USB_EPSetStall    stm32f1xx_ll_usb.o
    0x0800457c   0x0800457c   0x000004ce   Code   RO         1004    i.USB_EPStartXfer   stm32f1xx_ll_usb.o
    0x08004a4a   0x08004a4a   0x00000012   Code   RO         1005    i.USB_EnableGlobalInt  stm32f1xx_ll_usb.o
    0x08004a5c   0x08004a5c   0x0000000c   Code   RO          526    i.USB_LP_CAN1_RX0_IRQHandler  stm32f1xx_it.o
    0x08004a68   0x08004a68   0x00000006   Code   RO         1012    i.USB_ReadInterrupts  stm32f1xx_ll_usb.o
    0x08004a6e   0x08004a6e   0x00000002   PAD
    0x08004a70   0x08004a70   0x0000002c   Code   RO         1013    i.USB_ReadPMA       stm32f1xx_ll_usb.o
    0x08004a9c   0x08004a9c   0x00000004   Code   RO         1014    i.USB_SetCurrentMode  stm32f1xx_ll_usb.o
    0x08004aa0   0x08004aa0   0x0000000c   Code   RO         1015    i.USB_SetDevAddress  stm32f1xx_ll_usb.o
    0x08004aac   0x08004aac   0x00000026   Code   RO         1017    i.USB_WritePMA      stm32f1xx_ll_usb.o
    0x08004ad2   0x08004ad2   0x00000002   Code   RO          527    i.UsageFault_Handler  stm32f1xx_it.o
    0x08004ad4   0x08004ad4   0x00000028   Code   RO         6376    i.__0sprintf        mc_w.l(printfa.o)
    0x08004afc   0x08004afc   0x00000020   Code   RO         1659    i.__NVIC_SetPriority  stm32f1xx_hal_cortex.o
    0x08004b1c   0x08004b1c   0x00000008   Code   RO         6445    i.__aeabi_errno_addr  mc_w.l(errno.o)
    0x08004b24   0x08004b24   0x0000000e   Code   RO         6499    i.__scatterload_copy  mc_w.l(handlers.o)
    0x08004b32   0x08004b32   0x00000002   Code   RO         6500    i.__scatterload_null  mc_w.l(handlers.o)
    0x08004b34   0x08004b34   0x0000000e   Code   RO         6501    i.__scatterload_zeroinit  mc_w.l(handlers.o)
    0x08004b42   0x08004b42   0x00000002   PAD
    0x08004b44   0x08004b44   0x00000184   Code   RO         6381    i._fp_digits        mc_w.l(printfa.o)
    0x08004cc8   0x08004cc8   0x000006b4   Code   RO         6382    i._printf_core      mc_w.l(printfa.o)
    0x0800537c   0x0800537c   0x00000024   Code   RO         6383    i._printf_post_padding  mc_w.l(printfa.o)
    0x080053a0   0x080053a0   0x0000002e   Code   RO         6384    i._printf_pre_padding  mc_w.l(printfa.o)
    0x080053ce   0x080053ce   0x0000000a   Code   RO         6386    i._sputc            mc_w.l(printfa.o)
    0x080053d8   0x080053d8   0x00000062   Code   RO         4818    i.buf_bufto         psock.o
    0x0800543a   0x0800543a   0x0000003a   Code   RO         4937    i.chksum            uip.o
    0x08005474   0x08005474   0x00000004   Code   RO         4743    i.clock_time        clock-arch.o
    0x08005478   0x08005478   0x0000004c   Code   RO         4819    i.data_acked        psock.o
    0x080054c4   0x080054c4   0x00000006   Code   RO           18    i.enc28j60PhyReadScan  enc28j60.o
    0x080054ca   0x080054ca   0x0000001c   Code   RO           19    i.enc28j60PhystartScan  enc28j60.o
    0x080054e6   0x080054e6   0x00000002   PAD
    0x080054e8   0x080054e8   0x00000030   Code   RO           20    i.enc28j60_SetBank  enc28j60.o
    0x08005518   0x08005518   0x00000114   Code   RO           22    i.enc28j60_ini      enc28j60.o
    0x0800562c   0x0800562c   0x00000080   Code   RO           23    i.enc28j60_packetReceive  enc28j60.o
    0x080056ac   0x080056ac   0x0000006c   Code   RO           24    i.enc28j60_packetSend  enc28j60.o
    0x08005718   0x08005718   0x00000044   Code   RO           25    i.enc28j60_readBuf  enc28j60.o
    0x0800575c   0x0800575c   0x0000004c   Code   RO           26    i.enc28j60_readOp   enc28j60.o
    0x080057a8   0x080057a8   0x00000014   Code   RO           27    i.enc28j60_readRegByte  enc28j60.o
    0x080057bc   0x080057bc   0x0000003c   Code   RO           28    i.enc28j60_writeBuf  enc28j60.o
    0x080057f8   0x080057f8   0x00000040   Code   RO           29    i.enc28j60_writeOp  enc28j60.o
    0x08005838   0x08005838   0x00000020   Code   RO           30    i.enc28j60_writePhy  enc28j60.o
    0x08005858   0x08005858   0x0000001a   Code   RO           31    i.enc28j60_writeReg  enc28j60.o
    0x08005872   0x08005872   0x00000018   Code   RO           32    i.enc28j60_writeRegByte  enc28j60.o
    0x0800588a   0x0800588a   0x00000002   PAD
    0x0800588c   0x0800588c   0x00000070   Code   RO         4758    i.handle_connection  hello-world.o
    0x080058fc   0x080058fc   0x00000348   Code   RO         4759    i.handle_connection_command  hello-world.o
    0x08005c44   0x08005c44   0x000000a8   Code   RO         4760    i.hello_world_appcall  hello-world.o
    0x08005cec   0x08005cec   0x00000016   Code   RO         4761    i.hello_world_init  hello-world.o
    0x08005d02   0x08005d02   0x0000000a   Code   RO         4938    i.htons             uip.o
    0x08005d0c   0x08005d0c   0x00000058   Code   RO          337    i.led_chanel_off    main.o
    0x08005d64   0x08005d64   0x00000058   Code   RO          338    i.led_chanel_on     main.o
    0x08005dbc   0x08005dbc   0x00000050   Code   RO          339    i.led_chanel_toggle  main.o
    0x08005e0c   0x08005e0c   0x00000164   Code   RO          340    i.main              main.o
    0x08005f70   0x08005f70   0x0000000c   Code   RO         4238    i.makeFreeRtosPriority  cmsis_os.o
    0x08005f7c   0x08005f7c   0x0000000e   Code   RO         4240    i.osDelay           cmsis_os.o
    0x08005f8a   0x08005f8a   0x0000000a   Code   RO         4243    i.osKernelStart     cmsis_os.o
    0x08005f94   0x08005f94   0x00000054   Code   RO         4277    i.osThreadCreate    cmsis_os.o
    0x08005fe8   0x08005fe8   0x00000070   Code   RO         3935    i.prvAddCurrentTaskToDelayedList  tasks.o
    0x08006058   0x08006058   0x000000d0   Code   RO         3936    i.prvAddNewTaskToReadyList  tasks.o
    0x08006128   0x08006128   0x00000026   Code   RO         3620    i.prvCopyDataFromQueue  queue.o
    0x0800614e   0x0800614e   0x0000006c   Code   RO         3621    i.prvCopyDataToQueue  queue.o
    0x080061ba   0x080061ba   0x00000034   Code   RO         3937    i.prvDeleteTCB      tasks.o
    0x080061ee   0x080061ee   0x00000002   PAD
    0x080061f0   0x080061f0   0x0000004c   Code   RO         4605    i.prvHeapInit       heap_4.o
    0x0800623c   0x0800623c   0x00000060   Code   RO         3938    i.prvIdleTask       tasks.o
    0x0800629c   0x0800629c   0x00000016   Code   RO         3623    i.prvInitialiseNewQueue  queue.o
    0x080062b2   0x080062b2   0x0000008e   Code   RO         3939    i.prvInitialiseNewTask  tasks.o
    0x08006340   0x08006340   0x0000004c   Code   RO         4606    i.prvInsertBlockIntoFreeList  heap_4.o
    0x0800638c   0x0800638c   0x0000001c   Code   RO         3624    i.prvIsQueueEmpty   queue.o
    0x080063a8   0x080063a8   0x00000020   Code   RO         3940    i.prvResetNextTaskUnblockTime  tasks.o
    0x080063c8   0x080063c8   0x00000028   Code   RO         4668    i.prvTaskExitError  port.o
    0x080063f0   0x080063f0   0x0000006a   Code   RO         3625    i.prvUnlockQueue    queue.o
    0x0800645a   0x0800645a   0x00000018   Code   RO         4822    i.psock_init        psock.o
    0x08006472   0x08006472   0x00000002   PAD
    0x08006474   0x08006474   0x00000028   Code   RO         4823    i.psock_newdata     psock.o
    0x0800649c   0x0800649c   0x00000084   Code   RO         4825    i.psock_readto      psock.o
    0x08006520   0x08006520   0x0000004c   Code   RO         4826    i.psock_send        psock.o
    0x0800656c   0x0800656c   0x000000d8   Code   RO         4607    i.pvPortMalloc      heap_4.o
    0x08006644   0x08006644   0x00000024   Code   RO         4669    i.pxPortInitialiseStack  port.o
    0x08006668   0x08006668   0x0000002c   Code   RO          341    i.read_encoder      main.o
    0x08006694   0x08006694   0x00000014   Code   RO          342    i.reset_encoder     main.o
    0x080066a8   0x080066a8   0x00000040   Code   RO         4827    i.send_data         psock.o
    0x080066e8   0x080066e8   0x0000000e   Code   RO         4907    i.timer_set         timer.o
    0x080066f6   0x080066f6   0x00000002   PAD
    0x080066f8   0x080066f8   0x0000005c   Code   RO         4939    i.uip_add32         uip.o
    0x08006754   0x08006754   0x0000002c   Code   RO         4940    i.uip_add_rcv_nxt   uip.o
    0x08006780   0x08006780   0x000000a8   Code   RO         5069    i.uip_arp_arpin     uip_arp.o
    0x08006828   0x08006828   0x0000002c   Code   RO         5070    i.uip_arp_init      uip_arp.o
    0x08006854   0x08006854   0x00000184   Code   RO         5071    i.uip_arp_out       uip_arp.o
    0x080069d8   0x080069d8   0x00000044   Code   RO         5072    i.uip_arp_timer     uip_arp.o
    0x08006a1c   0x08006a1c   0x000000b4   Code   RO         5073    i.uip_arp_update    uip_arp.o
    0x08006ad0   0x08006ad0   0x00000064   Code   RO         4943    i.uip_init          uip.o
    0x08006b34   0x08006b34   0x00000024   Code   RO         4944    i.uip_ipchksum      uip.o
    0x08006b58   0x08006b58   0x00000030   Code   RO         4945    i.uip_listen        uip.o
    0x08006b88   0x08006b88   0x00000002   Code   RO          343    i.uip_log           main.o
    0x08006b8a   0x08006b8a   0x00000002   PAD
    0x08006b8c   0x08006b8c   0x00000b88   Code   RO         4946    i.uip_process       uip.o
    0x08007714   0x08007714   0x00000020   Code   RO         4947    i.uip_send          uip.o
    0x08007734   0x08007734   0x00000006   Code   RO         4949    i.uip_tcpchksum     uip.o
    0x0800773a   0x0800773a   0x00000002   PAD
    0x0800773c   0x0800773c   0x00000098   Code   RO         4950    i.uip_udp_new       uip.o
    0x080077d4   0x080077d4   0x00000006   Code   RO         4951    i.uip_udpchksum     uip.o
    0x080077da   0x080077da   0x00000002   PAD
    0x080077dc   0x080077dc   0x00000044   Code   RO         4953    i.upper_layer_chksum  uip.o
    0x08007820   0x08007820   0x00000026   Code   RO         3580    i.uxListRemove      list.o
    0x08007846   0x08007846   0x00000024   Code   RO         3626    i.uxQueueMessagesWaiting  queue.o
    0x0800786a   0x0800786a   0x00000002   PAD
    0x0800786c   0x0800786c   0x00000014   Code   RO          485    i.vApplicationGetIdleTaskMemory  freertos.o
    0x08007880   0x08007880   0x00000016   Code   RO         3581    i.vListInitialise   list.o
    0x08007896   0x08007896   0x00000006   Code   RO         3582    i.vListInitialiseItem  list.o
    0x0800789c   0x0800789c   0x00000030   Code   RO         3583    i.vListInsert       list.o
    0x080078cc   0x080078cc   0x00000018   Code   RO         3584    i.vListInsertEnd    list.o
    0x080078e4   0x080078e4   0x00000040   Code   RO         4671    i.vPortEnterCritical  port.o
    0x08007924   0x08007924   0x00000028   Code   RO         4672    i.vPortExitCritical  port.o
    0x0800794c   0x0800794c   0x0000005c   Code   RO         4608    i.vPortFree         heap_4.o
    0x080079a8   0x080079a8   0x00000024   Code   RO         4673    i.vPortSetupTimerInterrupt  port.o
    0x080079cc   0x080079cc   0x0000004c   Code   RO         3948    i.vTaskDelay        tasks.o
    0x08007a18   0x08007a18   0x00000010   Code   RO         3951    i.vTaskInternalSetTimeOutState  tasks.o
    0x08007a28   0x08007a28   0x0000000c   Code   RO         3952    i.vTaskMissedYield  tasks.o
    0x08007a34   0x08007a34   0x00000030   Code   RO         3954    i.vTaskPlaceOnEventList  tasks.o
    0x08007a64   0x08007a64   0x0000006c   Code   RO         3961    i.vTaskStartScheduler  tasks.o
    0x08007ad0   0x08007ad0   0x00000010   Code   RO         3963    i.vTaskSuspendAll   tasks.o
    0x08007ae0   0x08007ae0   0x0000005c   Code   RO         3964    i.vTaskSwitchContext  tasks.o
    0x08007b3c   0x08007b3c   0x000000a8   Code   RO         4675    i.xPortStartScheduler  port.o
    0x08007be4   0x08007be4   0x00000048   Code   RO         3634    i.xQueueGenericCreate  queue.o
    0x08007c2c   0x08007c2c   0x00000088   Code   RO         3636    i.xQueueGenericReset  queue.o
    0x08007cb4   0x08007cb4   0x00000160   Code   RO         3637    i.xQueueGenericSend  queue.o
    0x08007e14   0x08007e14   0x00000138   Code   RO         3644    i.xQueueReceive     queue.o
    0x08007f4c   0x08007f4c   0x00000074   Code   RO         3965    i.xTaskCheckForTimeOut  tasks.o
    0x08007fc0   0x08007fc0   0x0000005a   Code   RO         3966    i.xTaskCreate       tasks.o
    0x0800801a   0x0800801a   0x00000056   Code   RO         3967    i.xTaskCreateStatic  tasks.o
    0x08008070   0x08008070   0x0000001c   Code   RO         3971    i.xTaskGetSchedulerState  tasks.o
    0x0800808c   0x0800808c   0x000000c8   Code   RO         3974    i.xTaskIncrementTick  tasks.o
    0x08008154   0x08008154   0x00000098   Code   RO         3977    i.xTaskPriorityDisinherit  tasks.o
    0x080081ec   0x080081ec   0x00000074   Code   RO         3979    i.xTaskRemoveFromEventList  tasks.o
    0x08008260   0x08008260   0x000000c4   Code   RO         3980    i.xTaskResumeAll    tasks.o
    0x08008324   0x08008324   0x00000078   Data   RO          345    .constdata          main.o
    0x0800839c   0x0800839c   0x00000010   Data   RO         3443    .constdata          system_stm32f1xx.o
    0x080083ac   0x080083ac   0x00000008   Data   RO         3444    .constdata          system_stm32f1xx.o
    0x080083b4   0x080083b4   0x00000016   Data   RO         5075    .constdata          uip_arp.o
    0x080083ca   0x080083ca   0x00000081   Data   RO         6465    .constdata          mc_w.l(ctype_o.o)
    0x0800844b   0x0800844b   0x00000001   PAD
    0x0800844c   0x0800844c   0x00000004   Data   RO         6466    .constdata          mc_w.l(ctype_o.o)
    0x08008450   0x08008450   0x00000030   Data   RO          346    .conststring        main.o
    0x08008480   0x08008480   0x0000005d   Data   RO         4762    .conststring        hello-world.o
    0x080084dd   0x080084dd   0x00000003   PAD
    0x080084e0   0x080084e0   0x00000020   Data   RO         6497    Region$$Table       anon$$obj.o


    Execution Region RW_IRAM1 (Exec base: 0x20000000, Load base: 0x08008500, Size: 0x00004fd0, Max: 0x00005000, ABSOLUTE, COMPRESSED[0x000000e0])

    Exec Addr    Load Addr    Size         Type   Attr      Idx    E Section Name        Object

    0x20000000   COMPRESSED   0x0000000e   Data   RW           33    .data               enc28j60.o
    0x2000000e   COMPRESSED   0x00000002   PAD
    0x20000010   COMPRESSED   0x00000030   Data   RW          347    .data               main.o
    0x20000040   COMPRESSED   0x00000004   Data   RW          348    .data               main.o
    0x20000044   COMPRESSED   0x00000004   Data   RW          349    .data               main.o
    0x20000048   COMPRESSED   0x0000000c   Data   RW         1196    .data               stm32f1xx_hal.o
    0x20000054   COMPRESSED   0x00000004   Data   RW         3445    .data               system_stm32f1xx.o
    0x20000058   COMPRESSED   0x0000003c   Data   RW         3983    .data               tasks.o
    0x20000094   COMPRESSED   0x00000018   Data   RW         4613    .data               heap_4.o
    0x200000ac   COMPRESSED   0x0000000c   Data   RW         4676    .data               port.o
    0x200000b8   COMPRESSED   0x00000008   Data   RW         4764    .data               hello-world.o
    0x200000c0   COMPRESSED   0x00000006   Data   RW         4957    .data               uip.o
    0x200000c6   COMPRESSED   0x00000002   PAD
    0x200000c8   COMPRESSED   0x0000002c   Data   RW         4958    .data               uip.o
    0x200000f4   COMPRESSED   0x00000004   Data   RW         4959    .data               uip.o
    0x200000f8   COMPRESSED   0x00000004   Data   RW         4960    .data               uip.o
    0x200000fc   COMPRESSED   0x00000010   Data   RW         5078    .data               uip_arp.o
    0x2000010c   COMPRESSED   0x00000045   Data   RW         5309    .data               send_rttrpm.o
    0x20000151   COMPRESSED   0x00000003   PAD
    0x20000154   COMPRESSED   0x0000001c   Data   RW         5416    .data               usbd_desc.o
    0x20000170   COMPRESSED   0x00000032   Data   RW         5417    .data               usbd_desc.o
    0x200001a2   COMPRESSED   0x00000002   PAD
    0x200001a4   COMPRESSED   0x00000010   Data   RW         5492    .data               usbd_cdc_if.o
    0x200001b4   COMPRESSED   0x00000001   Data   RW         5896    .data               usbd_ctlreq.o
    0x200001b5   COMPRESSED   0x00000003   PAD
    0x200001b8   COMPRESSED   0x000000d7   Data   RW         6028    .data               usbd_cdc.o
    0x2000028f   COMPRESSED   0x00000001   PAD
    0x20000290   COMPRESSED   0x00000038   Data   RW         6029    .data               usbd_cdc.o
    0x200002c8   COMPRESSED   0x00000004   Data   RW         6134    .data               mc_w.l(strtok.o)
    0x200002cc   COMPRESSED   0x00000004   Data   RW         6448    .data               mc_w.l(errno.o)
    0x200002d0        -       0x00000178   Zero   RW          344    .bss                main.o
    0x20000448        -       0x00000254   Zero   RW          486    .bss                freertos.o
    0x2000069c        -       0x00000048   Zero   RW          646    .bss                stm32f1xx_hal_timebase_tim.o
    0x200006e4        -       0x000000f0   Zero   RW         3982    .bss                tasks.o
    0x200007d4        -       0x00000c00   Zero   RW         4612    .bss                heap_4.o
    0x200013d4        -       0x000025c8   Zero   RW         4954    .bss                uip.o
    0x2000399c        -       0x00000060   Zero   RW         5074    .bss                uip_arp.o
    0x200039fc        -       0x00000034   Zero   RW         5308    .bss                send_rttrpm.o
    0x20003a30        -       0x000002c4   Zero   RW         5360    .bss                usb_device.o
    0x20003cf4        -       0x00000200   Zero   RW         5415    .bss                usbd_desc.o
    0x20003ef4        -       0x000007d0   Zero   RW         5491    .bss                usbd_cdc_if.o
    0x200046c4        -       0x0000050c   Zero   RW         5570    .bss                usbd_conf.o
    0x20004bd0        -       0x00000400   Zero   RW            1    STACK               startup_stm32f103xb.o


==============================================================================

Image component sizes


      Code (inc. data)   RO Data    RW Data    ZI Data      Debug   Object Name

         4          0          0          0          0        405   clock-arch.o
       120          0          0          0          0      22113   cmsis_os.o
      1026         52          0         14          0     487472   enc28j60.o
         0          0          0          0          0      18076   event_groups.o
        20          4          0          0        596       1152   freertos.o
       460         24          0         24       3072       7035   heap_4.o
      1142        188         93          8          0       5863   hello-world.o
       138          0          0          0          0       3222   list.o
      2694        210        168         56        376      18402   main.o
       578         60          0         12          0      10028   port.o
       510         34          0          0          0       5221   psock.o
      1210         14          0          0          0      11384   queue.o
       364         46          0         69         52       3428   send_rttrpm.o
        36          8        236          0       1024        776   startup_stm32f103xb.o
       100         18          0         12          0       5046   stm32f1xx_hal.o
       158         14          0          0          0      28038   stm32f1xx_hal_cortex.o
       152          4          0          0          0       1047   stm32f1xx_hal_dma.o
       516         34          0          0          0       3992   stm32f1xx_hal_gpio.o
       396         46          0          0          0       2374   stm32f1xx_hal_msp.o
      2684          0          0          0          0      12765   stm32f1xx_hal_pcd.o
        60          0          0          0          0       1118   stm32f1xx_hal_pcd_ex.o
      1304         98          0          0          0       5082   stm32f1xx_hal_rcc.o
       236         12          0          0          0       1324   stm32f1xx_hal_rcc_ex.o
      1118          8          0          0          0       6530   stm32f1xx_hal_spi.o
       986         26          0          0          0       9151   stm32f1xx_hal_tim.o
       108         12          0          0          0       2257   stm32f1xx_hal_tim_ex.o
       116         18          0          0         72       1335   stm32f1xx_hal_timebase_tim.o
        48         18          0          0          0       3653   stm32f1xx_it.o
      2440          0          0          0          0      15507   stm32f1xx_ll_usb.o
         0          0          0          0          0        392   stream_buffer.o
         2          0         24          4          0       1035   system_stm32f1xx.o
      1994        148          0         60        240      20866   tasks.o
        14          0          0          0          0        720   timer.o
      3604        456          0         58       9672      18323   uip.o
       848         88         22         16         96       4452   uip_arp.o
        84         18          0          0        708       2459   usb_device.o
       672         16          0        271          0      11820   usbd_cdc.o
        68         16          0         16       2000       2442   usbd_cdc_if.o
       556         30          0          0       1292      13497   usbd_conf.o
       670          0          0          0          0       9071   usbd_core.o
      1186         28          0          1          0       7664   usbd_ctlreq.o
       288        104          0         78        512       5637   usbd_desc.o
       132          0          0          0          0       4128   usbd_ioreq.o

    ----------------------------------------------------------------------
     28892       1852        578        712      19712     796302   Object Totals
         0          0         32          0          0          0   (incl. Generated)
        50          0          3         13          0          0   (incl. Padding)

    ----------------------------------------------------------------------

      Code (inc. data)   RO Data    RW Data    ZI Data      Debug   Library Member Name

        86          0          0          0          0          0   __dczerorl2.o
        28          0          0          0          0         68   _chval.o
       158          0          0          0          0         92   _strtoul.o
        26          0          0          0          0         80   atoi.o
         8          4        133          0          0         68   ctype_o.o
         0          0          0          0          0          0   entry.o
         0          0          0          0          0          0   entry10a.o
         0          0          0          0          0          0   entry11a.o
         4          0          0          0          0          0   entry12b.o
         8          4          0          0          0          0   entry2.o
         4          0          0          0          0          0   entry5.o
         0          0          0          0          0          0   entry7b.o
         0          0          0          0          0          0   entry8b.o
         8          4          0          0          0          0   entry9a.o
         8          4          0          4          0         68   errno.o
        30          0          0          0          0          0   handlers.o
        36          8          0          0          0         68   init.o
         0          0          0          0          0          0   iusefp.o
        30          0          0          0          0         68   llshl.o
        36          0          0          0          0         68   llsshr.o
        32          0          0          0          0         68   llushr.o
        36          0          0          0          0         68   memcpya.o
        36          0          0          0          0        108   memseta.o
      2236         86          0          0          0        532   printfa.o
        20          0          0          0          0         68   strchr.o
        14          0          0          0          0         68   strlen.o
        36          0          0          0          0         80   strstr.o
        68          6          0          4          0         80   strtok.o
       112          0          0          0          0         88   strtol.o
        44          0          0          0          0         80   uidiv.o
        98          0          0          0          0         92   uldiv.o
        48          0          0          0          0         68   cdcmple.o
        48          0          0          0          0         68   cdrcmple.o
       334          0          0          0          0        148   dadd.o
       222          0          0          0          0        100   ddiv.o
       186          0          0          0          0        176   depilogue.o
        62          0          0          0          0         80   dfixi.o
        48          0          0          0          0         68   dfixul.o
        34          0          0          0          0         76   dflti.o
        26          0          0          0          0         76   dfltui.o
       228          0          0          0          0         96   dmul.o

    ----------------------------------------------------------------------
      4444        116        134          8          0       2868   Library Totals
         6          0          1          0          0          0   (incl. Padding)

    ----------------------------------------------------------------------

      Code (inc. data)   RO Data    RW Data    ZI Data      Debug   Library Name

      3202        116        133          8          0       1912   mc_w.l
      1236          0          0          0          0        956   mf_w.l

    ----------------------------------------------------------------------
      4444        116        134          8          0       2868   Library Totals

    ----------------------------------------------------------------------

==============================================================================


      Code (inc. data)   RO Data    RW Data    ZI Data      Debug   

     33336       1968        712        720      19712     783074   Grand Totals
     33336       1968        712        224      19712     783074   ELF Image Totals (compressed)
     33336       1968        712        224          0          0   ROM Totals

==============================================================================

    Total RO  Size (Code + RO Data)                34048 (  33.25kB)
    Total RW  Size (RW Data + ZI Data)             20432 (  19.95kB)
    Total ROM Size (Code + RO Data + RW Data)      34272 (  33.47kB)

==============================================================================

