<html>
<body>
<pre>
<h1>µVision Build Log</h1>
<h2>Tool Versions:</h2>
IDE-Version: µVision V5.34.0.0
Copyright (C) 2021 ARM Ltd and ARM Germany GmbH. All rights reserved.
License Information: Denis Ponomarev, Home, LIC=76F5U-SLWCN-NNCAF-6Q0K8-CKLDE-39BHN
 
Tool Versions:
Toolchain:       MDK-ARM Plus  Version: 5.34.0.0
Toolchain Path:  C:\Keil_v5\ARM\ARMCC\Bin
C Compiler:      Armcc.exe V5.06 update 7 (build 960)
Assembler:       Armasm.exe V5.06 update 7 (build 960)
Linker/Locator:  ArmLink.exe V5.06 update 7 (build 960)
Library Manager: ArmAr.exe V5.06 update 7 (build 960)
Hex Converter:   FromElf.exe V5.06 update 7 (build 960)
CPU DLL:         SARMCM3.DLL V5.34.0.0
Dialog DLL:      DCM.DLL V1.17.3.0
Target DLL:      STLink\ST-LINKIII-KEIL_SWO.dll V3.0.8.0
Dialog DLL:      TCM.DLL V1.48.0.0
 
<h2>Project:</h2>
C:\STM32\RTTRPM_encoder\MDK-ARM\EncoderV2.uvprojx
Project File Date:  03/10/2023

<h2>Output:</h2>
*** Using Compiler 'V5.06 update 7 (build 960)', folder: 'C:\Keil_v5\ARM\ARMCC\Bin'
Build target 'EncoderV2'
assembling startup_stm32f103xb.s...
compiling freertos.c...
compiling enc28j60.c...
..\enc28j60.h(194): warning:  #1295-D: Deprecated declaration enc28j60PhyReadScan - give arg types
  uint16_t enc28j60PhyReadScan();
..\enc28j60.c: 1 warning, 0 errors
compiling main.c...
../Core/Src/main.c(95): warning:  #940-D: missing return statement at end of non-void function "reset_encoder" 
  }
../Core/Src/main.c(833): warning:  #223-D: function "enc28j60PhystartScan" declared implicitly
  	enc28j60PhystartScan(PHSTAT1);
../Core/Src/main.c: 2 warnings, 0 errors
compiling stm32f1xx_it.c...
compiling stm32f1xx_hal_msp.c...
compiling stm32f1xx_hal_timebase_tim.c...
compiling stm32f1xx_hal_gpio_ex.c...
compiling stm32f1xx_hal_pcd_ex.c...
compiling stm32f1xx_hal_pcd.c...
compiling stm32f1xx_hal.c...
compiling stm32f1xx_ll_usb.c...
compiling stm32f1xx_hal_rcc.c...
compiling stm32f1xx_hal_rcc_ex.c...
compiling stm32f1xx_hal_gpio.c...
compiling stm32f1xx_hal_dma.c...
compiling stm32f1xx_hal_cortex.c...
compiling stm32f1xx_hal_pwr.c...
compiling stm32f1xx_hal_flash.c...
compiling stm32f1xx_hal_flash_ex.c...
compiling stm32f1xx_hal_exti.c...
compiling stm32f1xx_hal_spi.c...
compiling system_stm32f1xx.c...
compiling croutine.c...
compiling event_groups.c...
compiling stm32f1xx_hal_tim_ex.c...
compiling list.c...
compiling queue.c...
compiling stm32f1xx_hal_tim.c...
compiling stream_buffer.c...
compiling timers.c...
compiling heap_4.c...
compiling cmsis_os.c...
compiling tasks.c...
compiling port.c...
compiling clock-arch.c...
compiling psock.c...
..\uip\psock.c(188): warning:  #513-D: a value of type "const char *" cannot be assigned to an entity of type "const u8_t *"
    s->sendptr = buf;
..\uip\psock.c(179): warning:  #550-D: variable "PT_YIELD_FLAG"  was set but never used
    PT_BEGIN(&s->psockpt);
..\uip\psock.c(218): warning:  #550-D: variable "PT_YIELD_FLAG"  was set but never used
    PT_BEGIN(&s->psockpt);
..\uip\psock.c(276): warning:  #167-D: argument of type "char *" is incompatible with parameter of type "uint8_t *"
    buf_setup(&psock->buf, psock->bufptr, psock->bufsize);
..\uip\psock.c(274): warning:  #550-D: variable "PT_YIELD_FLAG"  was set but never used
    PT_BEGIN(&psock->psockpt);
..\uip\psock.c(303): warning:  #167-D: argument of type "char *" is incompatible with parameter of type "uint8_t *"
    buf_setup(&psock->buf, psock->bufptr, psock->bufsize);
..\uip\psock.c(301): warning:  #550-D: variable "PT_YIELD_FLAG"  was set but never used
    PT_BEGIN(&psock->psockpt);
..\uip\psock.c(334): warning:  #167-D: argument of type "char *" is incompatible with parameter of type "uint8_t *"
    buf_setup(&psock->buf, buffer, buffersize);
..\uip\psock.c: 8 warnings, 0 errors
compiling timer.c...
compiling hello-world.c...
..\uip\hello-world.c(146): warning:  #111-D: statement is unreachable
  	PSOCK_CLOSE(&s->p);
..\uip\hello-world.c(139): warning:  #550-D: variable "PT_YIELD_FLAG"  was set but never used
    PSOCK_BEGIN(&s->p);
..\uip\hello-world.c(165): warning:  #111-D: statement is unreachable
    PSOCK_CLOSE(&s->p);
..\uip\hello-world.c(154): warning:  #550-D: variable "PT_YIELD_FLAG"  was set but never used
    PSOCK_BEGIN(&s->p);
..\uip\hello-world.c: 4 warnings, 0 errors
compiling dhcpc.c...
..\uip\dhcpc.c(555): warning:  #223-D: function "enc28j60PhyReadScan" declared implicitly
  			uint16_t	stat_link = enc28j60PhyReadScan()&0x04;
..\uip\dhcpc.c(395): warning:  #177-D: function "handle_dhcp"  was declared but never referenced
  PT_THREAD(handle_dhcp(void))
..\uip\dhcpc.c: 2 warnings, 0 errors
compiling uip-fw.c...
compiling uip_arp.c...
compiling uip.c...
compiling uiplib.c...
compiling uip-split.c...
compiling uip-neighbor.c...
..\uip\uip-neighbor.c(90): warning:  #223-D: function "printf" declared implicitly
    printf("Adding neighbor with link address %02x:%02x:%02x:%02x:%02x:%02x\n",
..\uip\uip-neighbor.c: 1 warning, 0 errors
compiling usb_device.c...
compiling usbd_desc.c...
compiling usbd_cdc_if.c...
compiling usbd_core.c...
compiling usbd_conf.c...
compiling usbd_ctlreq.c...
compiling usbd_ioreq.c...
compiling usbd_cdc.c...
linking...
Program Size: Code=31800 RO-data=484 RW-data=692 ZI-data=16996  
FromELF: creating hex file...
"EncoderV2\EncoderV2.axf" - 0 Error(s), 18 Warning(s).

<h2>Software Packages used:</h2>

Package Vendor: ARM
                http://www.keil.com/pack/ARM.CMSIS.5.7.0.pack
                ARM.CMSIS.5.7.0
                CMSIS (Cortex Microcontroller Software Interface Standard)
   * Component: CORE Version: 5.4.0

Package Vendor: Keil
                http://www.keil.com/pack/Keil.STM32F1xx_DFP.2.3.0.pack
                Keil.STM32F1xx_DFP.2.3.0
                STMicroelectronics STM32F1 Series Device Support, Drivers and Examples

<h2>Collection of Component include folders:</h2>
  .\RTE\_EncoderV2
  C:\Users\Admin\AppData\Local\Arm\Packs\ARM\CMSIS\5.7.0\CMSIS\Core\Include
  C:\Users\Admin\AppData\Local\Arm\Packs\Keil\STM32F1xx_DFP\2.3.0\Device\Include

<h2>Collection of Component Files used:</h2>

   * Component: ARM::CMSIS:CORE:5.4.0
      Include file:  CMSIS\Core\Include\tz_context.h
Build Time Elapsed:  00:00:56
</pre>
</body>
</html>
